Component: Arm Compiler for Embedded 6.22 Tool: armlink [5ee90200]

==============================================================================

Section Cross References

    nnom_local.o(.ARM.exidx.text.local_avepool_q7_HWC) refers to nnom_local.o(.text.local_avepool_q7_HWC) for [Anonymous Symbol]
    nnom_local.o(.ARM.exidx.text.local_avepool_q7_CHW) refers to nnom_local.o(.text.local_avepool_q7_CHW) for [Anonymous Symbol]
    nnom_local.o(.ARM.exidx.text.local_maxpool_q7_HWC) refers to nnom_local.o(.text.local_maxpool_q7_HWC) for [Anonymous Symbol]
    nnom_local.o(.ARM.exidx.text.local_maxpool_q7_CHW) refers to nnom_local.o(.text.local_maxpool_q7_CHW) for [Anonymous Symbol]
    nnom_local.o(.ARM.exidx.text.local_sumpool_q7_HWC) refers to nnom_local.o(.text.local_sumpool_q7_HWC) for [Anonymous Symbol]
    nnom_local.o(.ARM.exidx.text.local_sumpool_q7_CHW) refers to nnom_local.o(.text.local_sumpool_q7_CHW) for [Anonymous Symbol]
    nnom_local.o(.text.local_up_sampling_q7_HWC) refers to memcpya.o(.text) for __aeabi_memcpy
    nnom_local.o(.ARM.exidx.text.local_up_sampling_q7_HWC) refers to nnom_local.o(.text.local_up_sampling_q7_HWC) for [Anonymous Symbol]
    nnom_local.o(.text.local_up_sampling_q7_CHW) refers to memcpya.o(.text) for __aeabi_memcpy
    nnom_local.o(.ARM.exidx.text.local_up_sampling_q7_CHW) refers to nnom_local.o(.text.local_up_sampling_q7_CHW) for [Anonymous Symbol]
    nnom_local.o(.text.local_convolve_HWC_q7_nonsquare) refers to nnom_local.o(.text.__NNOM_SSAT) for __NNOM_SSAT
    nnom_local.o(.ARM.exidx.text.local_convolve_HWC_q7_nonsquare) refers to nnom_local.o(.text.local_convolve_HWC_q7_nonsquare) for [Anonymous Symbol]
    nnom_local.o(.ARM.exidx.text.__NNOM_SSAT) refers to nnom_local.o(.text.__NNOM_SSAT) for [Anonymous Symbol]
    nnom_local.o(.text.local_convolve_CHW_q7_nonsquare) refers to nnom_local.o(.text.__NNOM_SSAT) for __NNOM_SSAT
    nnom_local.o(.ARM.exidx.text.local_convolve_CHW_q7_nonsquare) refers to nnom_local.o(.text.local_convolve_CHW_q7_nonsquare) for [Anonymous Symbol]
    nnom_local.o(.text.local_conv_trans_HWC_q7_nonsquare) refers to nnom_local.o(.text.alg_deconv2d_calculate_position) for alg_deconv2d_calculate_position
    nnom_local.o(.text.local_conv_trans_HWC_q7_nonsquare) refers to nnom_local.o(.text.__NNOM_SSAT) for __NNOM_SSAT
    nnom_local.o(.ARM.exidx.text.local_conv_trans_HWC_q7_nonsquare) refers to nnom_local.o(.text.local_conv_trans_HWC_q7_nonsquare) for [Anonymous Symbol]
    nnom_local.o(.ARM.exidx.text.alg_deconv2d_calculate_position) refers to nnom_local.o(.text.alg_deconv2d_calculate_position) for [Anonymous Symbol]
    nnom_local.o(.text.local_depthwise_separable_conv_HWC_q7_nonsquare) refers to nnom_local.o(.text.__NNOM_SSAT) for __NNOM_SSAT
    nnom_local.o(.ARM.exidx.text.local_depthwise_separable_conv_HWC_q7_nonsquare) refers to nnom_local.o(.text.local_depthwise_separable_conv_HWC_q7_nonsquare) for [Anonymous Symbol]
    nnom_local.o(.text.local_depthwise_separable_conv_CHW_q7_nonsquare) refers to nnom_local.o(.text.__NNOM_SSAT) for __NNOM_SSAT
    nnom_local.o(.ARM.exidx.text.local_depthwise_separable_conv_CHW_q7_nonsquare) refers to nnom_local.o(.text.local_depthwise_separable_conv_CHW_q7_nonsquare) for [Anonymous Symbol]
    nnom_local.o(.text.local_zero_padding_HWC_q7) refers to memseta.o(.text) for __aeabi_memclr
    nnom_local.o(.text.local_zero_padding_HWC_q7) refers to memcpya.o(.text) for __aeabi_memcpy
    nnom_local.o(.ARM.exidx.text.local_zero_padding_HWC_q7) refers to nnom_local.o(.text.local_zero_padding_HWC_q7) for [Anonymous Symbol]
    nnom_local.o(.text.local_zero_padding_CHW_q7) refers to memseta.o(.text) for __aeabi_memclr
    nnom_local.o(.text.local_zero_padding_CHW_q7) refers to memcpya.o(.text) for __aeabi_memcpy
    nnom_local.o(.ARM.exidx.text.local_zero_padding_CHW_q7) refers to nnom_local.o(.text.local_zero_padding_CHW_q7) for [Anonymous Symbol]
    nnom_local.o(.text.local_cropping_HWC_q7) refers to memcpya.o(.text) for __aeabi_memcpy
    nnom_local.o(.ARM.exidx.text.local_cropping_HWC_q7) refers to nnom_local.o(.text.local_cropping_HWC_q7) for [Anonymous Symbol]
    nnom_local.o(.text.local_cropping_CHW_q7) refers to memcpya.o(.text) for __aeabi_memcpy
    nnom_local.o(.ARM.exidx.text.local_cropping_CHW_q7) refers to nnom_local.o(.text.local_cropping_CHW_q7) for [Anonymous Symbol]
    nnom_local.o(.text.local_dot_q7_opt) refers to nnom_local.o(.text.__NNOM_SSAT) for __NNOM_SSAT
    nnom_local.o(.ARM.exidx.text.local_dot_q7_opt) refers to nnom_local.o(.text.local_dot_q7_opt) for [Anonymous Symbol]
    nnom_local.o(.text.local_dot_q7) refers to nnom_local.o(.text.__NNOM_SSAT) for __NNOM_SSAT
    nnom_local.o(.ARM.exidx.text.local_dot_q7) refers to nnom_local.o(.text.local_dot_q7) for [Anonymous Symbol]
    nnom_local.o(.text.local_fully_connected_q7_opt) refers to nnom_local.o(.text.__NNOM_SSAT) for __NNOM_SSAT
[...]
    EXTI_Stop                                0x0800107d   Thumb Code    18  cyberrypotter.o(.text.EXTI_Stop)
    Flatten                                  0x08001091   Thumb Code   118  nnom_flatten.o(.text.Flatten)
    GPIO_EXTILineConfig                      0x08001109   Thumb Code    84  stm32f10x_gpio.o(.text.GPIO_EXTILineConfig)
    GPIO_Init                                0x0800115d   Thumb Code   390  stm32f10x_gpio.o(.text.GPIO_Init)
    GPIO_ReadInputDataBit                    0x080012e5   Thumb Code    52  stm32f10x_gpio.o(.text.GPIO_ReadInputDataBit)
    GPIO_SetBits                             0x08001319   Thumb Code    20  stm32f10x_gpio.o(.text.GPIO_SetBits)
    GPIO_WriteBit                            0x0800132d   Thumb Code    40  stm32f10x_gpio.o(.text.GPIO_WriteBit)
    IIC1_Init                                0x080013a1   Thumb Code    68  iic.o(.text.IIC1_Init)
    IIC1_read                                0x08001589   Thumb Code   152  iic.o(.text.IIC1_read)
    IIC1_write                               0x08001621   Thumb Code   108  iic.o(.text.IIC1_write)
    IMU_Get_Data                             0x0800168d   Thumb Code   432  imu.o(.text.IMU_Get_Data)
    IMU_Init                                 0x0800183d   Thumb Code    36  imu.o(.text.IMU_Init)
    IMU_Sample_Start                         0x08001861   Thumb Code    38  imu.o(.text.IMU_Sample_Start)
    IMU_Sample_Stop                          0x08001889   Thumb Code    38  imu.o(.text.IMU_Sample_Stop)
    IR_Learn_Pack                            0x080018b1   Thumb Code   124  protocol.o(.text.IR_Learn_Pack)
    IR_Send_Pack                             0x0800192d   Thumb Code   124  protocol.o(.text.IR_Send_Pack)
    LED_Blink                                0x080019a9   Thumb Code   282  led.o(.text.LED_Blink)
    LED_Init                                 0x08001ac5   Thumb Code    72  led.o(.text.LED_Init)
    MPU6050_Init                             0x08001b0d   Thumb Code   436  mpu6050.o(.text.MPU6050_Init)
    MaxPool                                  0x08001cc1   Thumb Code   270  nnom_maxpool.o(.text.MaxPool)
    Module0_Init                             0x08001dd1   Thumb Code     8  module0.o(.text.Module0_Init)
    Module0_Mode0_Handler                    0x08001dd9   Thumb Code    10  module0.o(.text.Module0_Mode0_Handler)
    Module0_Mode1_Handler                    0x08001de5   Thumb Code    10  module0.o(.text.Module0_Mode1_Handler)
    Module10_Init                            0x08001df1   Thumb Code     2  module10.o(.text.Module10_Init)
    Module10_Mode0_Handler                   0x08001df5   Thumb Code     2  module10.o(.text.Module10_Mode0_Handler)
    Module10_Mode1_Handler                   0x08001df9   Thumb Code     2  module10.o(.text.Module10_Mode1_Handler)
    Module1_Init                             0x08001dfd   Thumb Code   102  module1.o(.text.Module1_Init)
    Module1_Mode0_Handler                    0x08001e65   Thumb Code     2  module1.o(.text.Module1_Mode0_Handler)
    Module1_Mode1_Handler                    0x08001e69   Thumb Code     2  module1.o(.text.Module1_Mode1_Handler)
    Module2_Init                             0x08001e6d   Thumb Code   102  module2.o(.text.Module2_Init)
    Module2_Mode0_Handler                    0x08001ed5   Thumb Code     2  module2.o(.text.Module2_Mode0_Handler)
    Module2_Mode1_Handler                    0x08001ed9   Thumb Code     2  module2.o(.text.Module2_Mode1_Handler)
    Module3_Init                             0x08001edd   Thumb Code   102  module3.o(.text.Module3_Init)
    Module3_Mode0_Handler                    0x08001f45   Thumb Code     2  module3.o(.text.Module3_Mode0_Handler)
    Module3_Mode1_Handler                    0x08001f49   Thumb Code     2  module3.o(.text.Module3_Mode1_Handler)
    Module4_Init                             0x08001f4d   Thumb Code     2  module4.o(.text.Module4_Init)
    Module4_Mode0_Handler                    0x08001f51   Thumb Code     2  module4.o(.text.Module4_Mode0_Handler)
    Module4_Mode1_Handler                    0x08001f55   Thumb Code     2  module4.o(.text.Module4_Mode1_Handler)
    Module5_Init                             0x08001f59   Thumb Code     2  module5.o(.text.Module5_Init)
    Module5_Mode0_Handler                    0x08001f5d   Thumb Code     2  module5.o(.text.Module5_Mode0_Handler)
    Module5_Mode1_Handler                    0x08001f61   Thumb Code     2  module5.o(.text.Module5_Mode1_Handler)
    Module6_Init                             0x08001f65   Thumb Code     2  module6.o(.text.Module6_Init)
    Module6_Mode0_Handler                    0x08001f69   Thumb Code     2  module6.o(.text.Module6_Mode0_Handler)
    Module6_Mode1_Handler                    0x08001f6d   Thumb Code     2  module6.o(.text.Module6_Mode1_Handler)
    Module7_Init                             0x08001f71   Thumb Code     2  module7.o(.text.Module7_Init)
    Module7_Mode0_Handler                    0x08001f75   Thumb Code     2  module7.o(.text.Module7_Mode0_Handler)
    Module7_Mode1_Handler                    0x08001f79   Thumb Code     2  module7.o(.text.Module7_Mode1_Handler)
    Module8_Init                             0x08001f7d   Thumb Code     2  module8.o(.text.Module8_Init)
    Module8_Mode0_Handler                    0x08001f81   Thumb Code     2  module8.o(.text.Module8_Mode0_Handler)
    Module8_Mode1_Handler                    0x08001f85   Thumb Code     2  module8.o(.text.Module8_Mode1_Handler)
    Module9_Init                             0x08001f89   Thumb Code     2  module9.o(.text.Module9_Init)
    Module9_Mode0_Handler                    0x08001f8d   Thumb Code     2  module9.o(.text.Module9_Mode0_Handler)
    Module9_Mode1_Handler                    0x08001f91   Thumb Code     2  module9.o(.text.Module9_Mode1_Handler)
    Module_Init                              0x08001f95   Thumb Code   658  cyberrypotter.o(.text.Module_Init)
    Module_None_Mode0_Handler                0x08002229   Thumb Code    18  cyberrypotter.o(.text.Module_None_Mode0_Handler)
    Module_None_Mode1_Handler                0x0800223d   Thumb Code    18  cyberrypotter.o(.text.Module_None_Mode1_Handler)
    NVIC_Init                                0x08002251   Thumb Code   166  misc.o(.text.NVIC_Init)
    NVIC_PriorityGroupConfig                 0x080022f9   Thumb Code    28  misc.o(.text.NVIC_PriorityGroupConfig)
    RCC_APB1PeriphClockCmd                   0x08002315   Thumb Code    52  stm32f10x_rcc.o(.text.RCC_APB1PeriphClockCmd)
    RCC_APB2PeriphClockCmd                   0x08002349   Thumb Code    52  stm32f10x_rcc.o(.text.RCC_APB2PeriphClockCmd)
    RCC_GetClocksFreq                        0x0800237d   Thumb Code   370  stm32f10x_rcc.o(.text.RCC_GetClocksFreq)
    Softmax                                  0x0800261d   Thumb Code   116  nnom_softmax.o(.text.Softmax)
    SystemInit                               0x08002691   Thumb Code   102  system_stm32f10x.o(.text.SystemInit)
    System_Init                              0x080026f9   Thumb Code    68  cyberrypotter.o(.text.System_Init)
    TIM4_IRQHandler                          0x0800273d   Thumb Code   314  button.o(.text.TIM4_IRQHandler)
    TIM_ClearFlag                            0x08002879   Thumb Code    22  stm32f10x_tim.o(.text.TIM_ClearFlag)
    TIM_ClearITPendingBit                    0x08002891   Thumb Code    22  stm32f10x_tim.o(.text.TIM_ClearITPendingBit)
    TIM_Cmd                                  0x080028a9   Thumb Code    40  stm32f10x_tim.o(.text.TIM_Cmd)
    TIM_GetITStatus                          0x080028d1   Thumb Code    82  stm32f10x_tim.o(.text.TIM_GetITStatus)
    TIM_ITConfig                             0x08002925   Thumb Code    48  stm32f10x_tim.o(.text.TIM_ITConfig)
    TIM_TimeBaseInit                         0x08002955   Thumb Code   322  stm32f10x_tim.o(.text.TIM_TimeBaseInit)
    USART1_Init                              0x08002a99   Thumb Code   190  usart.o(.text.USART1_Init)
    USART2_Config                            0x08002b59   Thumb Code   134  new_study_ir.o(.text.USART2_Config)
    USART_Cmd                                0x08002be1   Thumb Code    40  stm32f10x_usart.o(.text.USART_Cmd)
    USART_GetFlagStatus                      0x08002c09   Thumb Code    60  stm32f10x_usart.o(.text.USART_GetFlagStatus)
    USART_ITConfig                           0x08002c45   Thumb Code   142  stm32f10x_usart.o(.text.USART_ITConfig)
    USART_Init                               0x08002cd5   Thumb Code   348  stm32f10x_usart.o(.text.USART_Init)
    USART_SendData                           0x08002e31   Thumb Code    24  stm32f10x_usart.o(.text.USART_SendData)
    Uart_Send                                0x08002e49   Thumb Code    98  new_study_ir.o(.text.Uart_Send)
    act_get_dec_bit                          0x080030ad   Thumb Code    44  nnom_activation.o(.text.act_get_dec_bit)
    act_leaky_relu                           0x080030d9   Thumb Code    74  nnom_activation.o(.text.act_leaky_relu)
    avgpool_build                            0x08003249   Thumb Code    18  nnom_avgpool.o(.text.avgpool_build)
    avgpool_run                              0x0800325d   Thumb Code   350  nnom_avgpool.o(.text.avgpool_run)
    avgpool_s                                0x080033bd   Thumb Code   222  nnom_avgpool.o(.text.avgpool_s)
    block_mem_set                            0x0800349d   Thumb Code    98  nnom.o(.text.block_mem_set)
    check_model                              0x08003501   Thumb Code    74  module0.o(.text.check_model)
    check_model_version                      0x0800354d   Thumb Code   142  nnom.o(.text.check_model_version)
    compile_layers                           0x080035dd   Thumb Code   960  nnom.o(.text.compile_layers)
    conv2d_build                             0x0800399d   Thumb Code   350  nnom_conv2d.o(.text.conv2d_build)
    conv2d_free                              0x08003afd   Thumb Code    42  nnom_conv2d.o(.text.conv2d_free)
    conv2d_run                               0x08003b29   Thumb Code   470  nnom_conv2d.o(.text.conv2d_run)
    conv2d_s                                 0x08003d01   Thumb Code   482  nnom_conv2d.o(.text.conv2d_s)
    conv_output_length                       0x08003ee5   Thumb Code    86  nnom_conv2d.o(.text.conv_output_length)
    default_build                            0x08003f3d   Thumb Code   104  nnom_baselayer.o(.text.default_build)
    delete_tensor                            0x08003fa5   Thumb Code    24  nnom_tensor.o(.text.delete_tensor)
    dense_build                              0x08003fbd   Thumb Code   308  nnom_dense.o(.text.dense_build)
    dense_free                               0x080040f1   Thumb Code    42  nnom_dense.o(.text.dense_free)
    dense_run                                0x0800411d   Thumb Code   146  nnom_dense.o(.text.dense_run)
    dense_s                                  0x080041b1   Thumb Code   196  nnom_dense.o(.text.dense_s)
    dilation                                 0x08004275   Thumb Code    22  nnom_layers.o(.text.dilation)
    dmp_enable_6x_lp_quat                    0x0800428d   Thumb Code    70  inv_mpu_dmp_motion_driver.o(.text.dmp_enable_6x_lp_quat)
    dmp_enable_feature                       0x080042d5   Thumb Code   682  inv_mpu_dmp_motion_driver.o(.text.dmp_enable_feature)
    dmp_enable_gyro_cal                      0x08004581   Thumb Code   106  inv_mpu_dmp_motion_driver.o(.text.dmp_enable_gyro_cal)
    dmp_enable_lp_quat                       0x080045ed   Thumb Code    70  inv_mpu_dmp_motion_driver.o(.text.dmp_enable_lp_quat)
    dmp_load_motion_driver_firmware          0x08004635   Thumb Code    26  inv_mpu_dmp_motion_driver.o(.text.dmp_load_motion_driver_firmware)
    dmp_set_accel_bias                       0x08004651   Thumb Code   342  inv_mpu_dmp_motion_driver.o(.text.dmp_set_accel_bias)
    dmp_set_fifo_rate                        0x080047a9   Thumb Code   164  inv_mpu_dmp_motion_driver.o(.text.dmp_set_fifo_rate)
    dmp_set_gyro_bias                        0x0800484d   Thumb Code   336  inv_mpu_dmp_motion_driver.o(.text.dmp_set_gyro_bias)
    dmp_set_orientation                      0x0800499d   Thumb Code   432  inv_mpu_dmp_motion_driver.o(.text.dmp_set_orientation)
    dmp_set_shake_reject_thresh              0x08004b4d   Thumb Code    86  inv_mpu_dmp_motion_driver.o(.text.dmp_set_shake_reject_thresh)
    dmp_set_shake_reject_time                0x08004ba5   Thumb Code    60  inv_mpu_dmp_motion_driver.o(.text.dmp_set_shake_reject_time)
    dmp_set_shake_reject_timeout             0x08004be1   Thumb Code    60  inv_mpu_dmp_motion_driver.o(.text.dmp_set_shake_reject_timeout)
    dmp_set_tap_axes                         0x08004c1d   Thumb Code   108  inv_mpu_dmp_motion_driver.o(.text.dmp_set_tap_axes)
    dmp_set_tap_count                        0x08004c89   Thumb Code    74  inv_mpu_dmp_motion_driver.o(.text.dmp_set_tap_count)
    dmp_set_tap_thresh                       0x08004cd5   Thumb Code   508  inv_mpu_dmp_motion_driver.o(.text.dmp_set_tap_thresh)
    dmp_set_tap_time                         0x08004ed1   Thumb Code    62  inv_mpu_dmp_motion_driver.o(.text.dmp_set_tap_time)
    dmp_set_tap_time_multi                   0x08004f11   Thumb Code    62  inv_mpu_dmp_motion_driver.o(.text.dmp_set_tap_time_multi)
    flatten_build                            0x08004f85   Thumb Code   104  nnom_flatten.o(.text.flatten_build)
    flatten_run                              0x08004fed   Thumb Code    10  nnom_flatten.o(.text.flatten_run)
    flatten_s                                0x08004ff9   Thumb Code    32  nnom_flatten.o(.text.flatten_s)
    fputc                                    0x08005019   Thumb Code    46  usart.o(.text.fputc)
    handle_ir_signal                         0x080057fd   Thumb Code   148  module0.o(.text.handle_ir_signal)
    input_build                              0x08005891   Thumb Code    58  nnom_input.o(.text.input_build)
    input_run                                0x080058cd   Thumb Code    46  nnom_input.o(.text.input_run)
    input_s                                  0x080058fd   Thumb Code   364  nnom_input.o(.text.input_s)
    io_init                                  0x08005b49   Thumb Code    18  nnom_layers.o(.text.io_init)
    kernel                                   0x08005b95   Thumb Code    22  nnom_layers.o(.text.kernel)
    layer_run                                0x08005bad   Thumb Code    82  nnom.o(.text.layer_run)
    local_avepool_q15_HWC                    0x08005cad   Thumb Code   498  nnom_local_q15.o(.text.local_avepool_q15_HWC)
    local_avepool_q7_HWC                     0x08005ea1   Thumb Code   494  nnom_local.o(.text.local_avepool_q7_HWC)
    local_convolve_HWC_q15_nonsquare         0x08006091   Thumb Code   878  nnom_local_q15.o(.text.local_convolve_HWC_q15_nonsquare)
    local_convolve_HWC_q7_nonsquare          0x08006401   Thumb Code   832  nnom_local.o(.text.local_convolve_HWC_q7_nonsquare)
    local_fully_connected_q7_opt             0x08006741   Thumb Code  1208  nnom_local.o(.text.local_fully_connected_q7_opt)
    local_leaky_relu_q15                     0x08006bf9   Thumb Code    82  nnom_local_q15.o(.text.local_leaky_relu_q15)
    local_leaky_relu_q7                      0x08006c4d   Thumb Code    76  nnom_local.o(.text.local_leaky_relu_q7)
    local_maxpool_q7_HWC                     0x08006c99   Thumb Code   508  nnom_local.o(.text.local_maxpool_q7_HWC)
    local_softmax_q7                         0x08006e95   Thumb Code   280  nnom_local.o(.text.local_softmax_q7)
    main                                     0x08006fad   Thumb Code   342  main.o(.text.main)
    maxpool_build                            0x08007105   Thumb Code   282  nnom_maxpool.o(.text.maxpool_build)
    maxpool_run                              0x08007221   Thumb Code   194  nnom_maxpool.o(.text.maxpool_run)
    mem_analysis_result                      0x080072e5   Thumb Code   114  nnom.o(.text.mem_analysis_result)
    model_compile                            0x080073d5   Thumb Code   370  nnom.o(.text.model_compile)
    model_feed_data                          0x08007549   Thumb Code   234  main.o(.text.model_feed_data)
    model_get_output                         0x08007635   Thumb Code   470  main.o(.text.model_get_output)
    model_run                                0x080078cd   Thumb Code    18  nnom.o(.text.model_run)
    model_run_to                             0x080078e1   Thumb Code   252  nnom.o(.text.model_run_to)
    mpu_configure_fifo                       0x08007a29   Thumb Code   210  inv_mpu.o(.text.mpu_configure_fifo)
    mpu_get_accel_fsr                        0x08007afd   Thumb Code   108  inv_mpu.o(.text.mpu_get_accel_fsr)
    mpu_get_accel_sens                       0x08007b69   Thumb Code   116  inv_mpu.o(.text.mpu_get_accel_sens)
    mpu_get_fifo_config                      0x08007bdd   Thumb Code    24  inv_mpu.o(.text.mpu_get_fifo_config)
    mpu_get_gyro_fsr                         0x08007bf5   Thumb Code    84  inv_mpu.o(.text.mpu_get_gyro_fsr)
    mpu_get_gyro_sens                        0x08007c49   Thumb Code   104  inv_mpu.o(.text.mpu_get_gyro_sens)
    mpu_get_lpf                              0x08007cb1   Thumb Code   100  inv_mpu.o(.text.mpu_get_lpf)
    mpu_get_sample_rate                      0x08007d15   Thumb Code    56  inv_mpu.o(.text.mpu_get_sample_rate)
    mpu_init                                 0x08007d4d   Thumb Code   304  inv_mpu.o(.text.mpu_init)
    mpu_load_firmware                        0x08007e7d   Thumb Code   308  inv_mpu.o(.text.mpu_load_firmware)
    mpu_lp_accel_mode                        0x08007fb1   Thumb Code   294  inv_mpu.o(.text.mpu_lp_accel_mode)
    mpu_read_mem                             0x080080d9   Thumb Code   190  inv_mpu.o(.text.mpu_read_mem)
    mpu_reset_fifo                           0x08008199   Thumb Code   656  inv_mpu.o(.text.mpu_reset_fifo)
    mpu_run_self_test                        0x08008429   Thumb Code   386  inv_mpu.o(.text.mpu_run_self_test)
    mpu_set_accel_fsr                        0x080085ad   Thumb Code   200  inv_mpu.o(.text.mpu_set_accel_fsr)
    mpu_set_bypass                           0x08008675   Thumb Code   498  inv_mpu.o(.text.mpu_set_bypass)
    mpu_set_dmp_state                        0x08008869   Thumb Code   208  inv_mpu.o(.text.mpu_set_dmp_state)
    mpu_set_gyro_fsr                         0x08008939   Thumb Code   208  inv_mpu.o(.text.mpu_set_gyro_fsr)
    mpu_set_int_latched                      0x08008a09   Thumb Code   184  inv_mpu.o(.text.mpu_set_int_latched)
    mpu_set_lpf                              0x08008ac1   Thumb Code   226  inv_mpu.o(.text.mpu_set_lpf)
    mpu_set_sample_rate                      0x08008ba5   Thumb Code   250  inv_mpu.o(.text.mpu_set_sample_rate)
    mpu_set_sensors                          0x08008ca1   Thumb Code   346  inv_mpu.o(.text.mpu_set_sensors)
    mpu_write_mem                            0x08008dfd   Thumb Code   190  inv_mpu.o(.text.mpu_write_mem)
    new_model                                0x08008ebd   Thumb Code   118  nnom.o(.text.new_model)
    new_tensor                               0x08008f35   Thumb Code   182  nnom_tensor.o(.text.new_tensor)
    nnom_alignto                             0x08008fed   Thumb Code    58  nnom.o(.text.nnom_alignto)
    nnom_free                                0x08009029   Thumb Code     8  nnom.o(.text.nnom_free)
    nnom_hook_length                         0x08009031   Thumb Code    54  nnom.o(.text.nnom_hook_length)
    nnom_malloc                              0x08009069   Thumb Code   148  nnom.o(.text.nnom_malloc)
    nnom_mem                                 0x080090fd   Thumb Code    62  nnom.o(.text.nnom_mem)
    nnom_set_static_buf                      0x08009271   Thumb Code    46  nnom.o(.text.nnom_set_static_buf)
    output_run                               0x080092a1   Thumb Code    50  nnom_output.o(.text.output_run)
    output_s                                 0x080092d5   Thumb Code    74  nnom_output.o(.text.output_s)
    print_model_name                         0x080095fd   Thumb Code    66  module0.o(.text.print_model_name)
    set_tailed_activation                    0x08009835   Thumb Code   124  nnom.o(.text.set_tailed_activation)
    shape                                    0x080098b1   Thumb Code    30  nnom_layers.o(.text.shape)
    softmax_build                            0x080098d1   Thumb Code    80  nnom_softmax.o(.text.softmax_build)
    softmax_run                              0x08009921   Thumb Code    46  nnom_softmax.o(.text.softmax_run)
    softmax_s                                0x08009951   Thumb Code    32  nnom_softmax.o(.text.softmax_s)
    stride                                   0x08009971   Thumb Code    22  nnom_layers.o(.text.stride)
    tensor_cpy_attr                          0x08009989   Thumb Code   142  nnom_tensor.o(.text.tensor_cpy_attr)
    tensor_get_num_channel                   0x08009a19   Thumb Code    22  nnom_tensor.o(.text.tensor_get_num_channel)
    tensor_mem_set                           0x08009a31   Thumb Code    96  nnom.o(.text.tensor_mem_set)
    tensor_set_attr                          0x08009a91   Thumb Code   112  nnom_tensor.o(.text.tensor_set_attr)
    tensor_set_attr_v                        0x08009b01   Thumb Code    76  nnom_tensor.o(.text.tensor_set_attr_v)
    tensor_size                              0x08009b4d   Thumb Code    74  nnom_tensor.o(.text.tensor_size)
    __0printf                                0x08009b99   Thumb Code    22  printfa.o(i.__0printf)
    __1printf                                0x08009b99   Thumb Code     0  printfa.o(i.__0printf)
    __2printf                                0x08009b99   Thumb Code     0  printfa.o(i.__0printf)
    __c89printf                              0x08009b99   Thumb Code     0  printfa.o(i.__0printf)
    printf                                   0x08009b99   Thumb Code     0  printfa.o(i.__0printf)
    __ARM_fpclassify                         0x08009bb9   Thumb Code    40  fpclassify.o(i.__ARM_fpclassify)
    __kernel_poly                            0x08009be1   Thumb Code   170  poly.o(i.__kernel_poly)
    __mathlib_dbl_divzero                    0x08009c8d   Thumb Code    12  dunder.o(i.__mathlib_dbl_divzero)
    __mathlib_dbl_infnan2                    0x08009c9d   Thumb Code     4  dunder.o(i.__mathlib_dbl_infnan2)
    __mathlib_dbl_invalid                    0x08009ca1   Thumb Code    12  dunder.o(i.__mathlib_dbl_invalid)
    __mathlib_dbl_overflow                   0x08009cad   Thumb Code    14  dunder.o(i.__mathlib_dbl_overflow)
    __mathlib_dbl_underflow                  0x08009cbd   Thumb Code    10  dunder.o(i.__mathlib_dbl_underflow)
    __scatterload_copy                       0x08009ccd   Thumb Code    14  handlers.o(i.__scatterload_copy)
    __scatterload_null                       0x08009cdb   Thumb Code     2  handlers.o(i.__scatterload_null)
    __scatterload_zeroinit                   0x08009cdd   Thumb Code    14  handlers.o(i.__scatterload_zeroinit)
    __set_errno                              0x08009ced   Thumb Code     6  errno.o(i.__set_errno)
    pow                                      0x0800a5ad   Thumb Code  2532  pow.o(i.pow)
    round                                    0x0800af99   Thumb Code   136  round.o(i.round)
    sqrt                                     0x0800b02d   Thumb Code    76  sqrt.o(i.sqrt)
    __mathlib_zero                           0x0800b100   Data           8  qnan.o(.constdata)
    average_pooling2d_config                 0x0800b11c   Data          16  main.o(.rodata.average_pooling2d_config)
    conv2d_1_bias_shift                      0x0800b12c   Data           4  main.o(.rodata.conv2d_1_bias_shift)
    conv2d_1_config                          0x0800b130   Data          40  main.o(.rodata.conv2d_1_config)
    conv2d_1_output_shift                    0x0800b158   Data           4  main.o(.rodata.conv2d_1_output_shift)
    conv2d_bias_shift                        0x0800b15c   Data           4  main.o(.rodata.conv2d_bias_shift)
    conv2d_config                            0x0800b160   Data          40  main.o(.rodata.conv2d_config)
    conv2d_output_shift                      0x0800b188   Data           4  main.o(.rodata.conv2d_output_shift)
    default_activation_names                 0x0800b18c   Data          64  nnom.o(.rodata.default_activation_names)
    default_cell_names                       0x0800b1cc   Data          32  nnom.o(.rodata.default_cell_names)
    default_layer_names                      0x0800b1ec   Data         396  nnom.o(.rodata.default_layer_names)
    dense_bias_shift                         0x0800b378   Data           4  main.o(.rodata.dense_bias_shift)
    dense_config                             0x0800b37c   Data          24  main.o(.rodata.dense_config)
    dense_output_shift                       0x0800b394   Data           4  main.o(.rodata.dense_output_shift)
    flatten_config                           0x0800bf90   Data           4  main.o(.rodata.flatten_config)
    hw                                       0x0800bf94   Data          12  inv_mpu.o(.rodata.hw)
    input_1_config                           0x0800bfa0   Data           8  main.o(.rodata.input_1_config)
    model_indices                            0x0800bfa8   Data          12  module0.o(.rodata.model_indices)
    output0_config                           0x0800bfb4   Data           8  main.o(.rodata.output0_config)
    reg                                      0x0800bfbc   Data          30  inv_mpu.o(.rodata.reg)
    softmax_config                           0x0800bfdc   Data           4  main.o(.rodata.softmax_config)
    tensor_conv2d_1_bias_0                   0x0800c804   Data          24  main.o(.rodata.tensor_conv2d_1_bias_0)
    tensor_conv2d_1_bias_0_data              0x0800c81c   Data          15  main.o(.rodata.tensor_conv2d_1_bias_0_data)
    tensor_conv2d_1_bias_0_dec               0x0800c82c   Data           4  main.o(.rodata.tensor_conv2d_1_bias_0_dec)
    tensor_conv2d_1_bias_0_dim               0x0800c830   Data           2  main.o(.rodata.tensor_conv2d_1_bias_0_dim)
    tensor_conv2d_1_bias_0_offset            0x0800c834   Data           4  main.o(.rodata.tensor_conv2d_1_bias_0_offset)
    tensor_conv2d_1_kernel_0                 0x0800c838   Data          24  main.o(.rodata.tensor_conv2d_1_kernel_0)
    tensor_conv2d_1_kernel_0_data            0x0800c850   Data        4050  main.o(.rodata.tensor_conv2d_1_kernel_0_data)
    tensor_conv2d_1_kernel_0_dec             0x0800d824   Data           4  main.o(.rodata.tensor_conv2d_1_kernel_0_dec)
    tensor_conv2d_1_kernel_0_dim             0x0800d828   Data           8  main.o(.rodata.tensor_conv2d_1_kernel_0_dim)
    tensor_conv2d_1_kernel_0_offset          0x0800d830   Data           4  main.o(.rodata.tensor_conv2d_1_kernel_0_offset)
    tensor_conv2d_bias_0                     0x0800d834   Data          24  main.o(.rodata.tensor_conv2d_bias_0)
    tensor_conv2d_bias_0_data                0x0800d84c   Data          30  main.o(.rodata.tensor_conv2d_bias_0_data)
    tensor_conv2d_bias_0_dec                 0x0800d86c   Data           4  main.o(.rodata.tensor_conv2d_bias_0_dec)
    tensor_conv2d_bias_0_dim                 0x0800d870   Data           2  main.o(.rodata.tensor_conv2d_bias_0_dim)
    tensor_conv2d_bias_0_offset              0x0800d874   Data           4  main.o(.rodata.tensor_conv2d_bias_0_offset)
    tensor_conv2d_kernel_0                   0x0800d878   Data          24  main.o(.rodata.tensor_conv2d_kernel_0)
    tensor_conv2d_kernel_0_data              0x0800d890   Data         270  main.o(.rodata.tensor_conv2d_kernel_0_data)
    tensor_conv2d_kernel_0_dec               0x0800d9a0   Data           4  main.o(.rodata.tensor_conv2d_kernel_0_dec)
    tensor_conv2d_kernel_0_dim               0x0800d9a4   Data           8  main.o(.rodata.tensor_conv2d_kernel_0_dim)
    tensor_conv2d_kernel_0_offset            0x0800d9ac   Data           4  main.o(.rodata.tensor_conv2d_kernel_0_offset)
    tensor_dense_bias_0                      0x0800d9b0   Data          24  main.o(.rodata.tensor_dense_bias_0)
    tensor_dense_bias_0_data                 0x0800d9c8   Data          13  main.o(.rodata.tensor_dense_bias_0_data)
    tensor_dense_bias_0_dec                  0x0800d9d8   Data           4  main.o(.rodata.tensor_dense_bias_0_dec)
    tensor_dense_bias_0_dim                  0x0800d9dc   Data           2  main.o(.rodata.tensor_dense_bias_0_dim)
    tensor_dense_bias_0_offset               0x0800d9e0   Data           4  main.o(.rodata.tensor_dense_bias_0_offset)
    tensor_dense_kernel_0                    0x0800d9e4   Data          24  main.o(.rodata.tensor_dense_kernel_0)
    tensor_dense_kernel_0_data               0x0800d9fc   Data        2925  main.o(.rodata.tensor_dense_kernel_0_data)
    tensor_dense_kernel_0_dec                0x0800e56c   Data           4  main.o(.rodata.tensor_dense_kernel_0_dec)
    tensor_dense_kernel_0_dim                0x0800e570   Data           4  main.o(.rodata.tensor_dense_kernel_0_dim)
    tensor_dense_kernel_0_offset             0x0800e574   Data           4  main.o(.rodata.tensor_dense_kernel_0_offset)
    tensor_input_1                           0x0800e578   Data          24  main.o(.rodata.tensor_input_1)
    tensor_input_1_dec                       0x0800e590   Data           4  main.o(.rodata.tensor_input_1_dec)
    tensor_input_1_dim                       0x0800e594   Data           6  main.o(.rodata.tensor_input_1_dim)
    tensor_input_1_offset                    0x0800e59c   Data           4  main.o(.rodata.tensor_input_1_offset)
    tensor_output0                           0x0800e5a0   Data          24  main.o(.rodata.tensor_output0)
    tensor_output0_dec                       0x0800e5b8   Data           4  main.o(.rodata.tensor_output0_dec)
    tensor_output0_dim                       0x0800e5bc   Data           2  main.o(.rodata.tensor_output0_dim)
    tensor_output0_offset                    0x0800e5c0   Data           4  main.o(.rodata.tensor_output0_offset)
    test                                     0x0800e5c4   Data          40  inv_mpu.o(.rodata.test)
    Region$$Table$$Base                      0x0800e5ec   Number         0  anon$$obj.o(Region$$Table)
    Region$$Table$$Limit                     0x0800e60c   Number         0  anon$$obj.o(Region$$Table)
    __stdout                                 0x20000000   Data           4  stdout.o(.data)
    model_names                              0x20000014   Data          48  module0.o(.data.model_names)
    model_output                             0x20000044   Data           1  main.o(.data.model_output)
    Button                                   0x20000078   Data           8  button.o(.bss.Button)
    Cyberry_Potter                           0x20000080   Data           8  cyberrypotter.o(.bss.Cyberry_Potter)
    IMU                                      0x2000008c   Data        3612  imu.o(.bss.IMU)
    IMU_bias                                 0x20000ea8   Data          12  imu.o(.bss.IMU_bias)
    LED                                      0x20000eb4   Data           8  led.o(.bss.LED)
    Module                                   0x20000ebc   Data          12  cyberrypotter.o(.bss.Module)
    buf                                      0x20000ec8   Data         128  module0.o(.bss.buf)
    bufLen                                   0x20000f48   Data           2  module0.o(.bss.bufLen)
    model                                    0x20000f5c   Data           4  main.o(.bss.model)
    nnom_memory_taken                        0x20001124   Data           4  nnom.o(.bss.nnom_memory_taken)
    static_buf                               0x200011cd   Data       10240  main.o(.bss.static_buf)
    __initial_sp                             0x20003dd8   Data           0  startup_stm32f10x_md.o(STACK)



==============================================================================

Memory Map of the image

  Image Entry point : 0x080000ed

  Load Region LR_IROM1 (Base: 0x08000000, Size: 0x0000e688, Max: 0x00020000, ABSOLUTE)

    Execution Region ER_IROM1 (Exec base: 0x08000000, Load base: 0x08000000, Size: 0x0000e60c, Max: 0x00020000, ABSOLUTE)

    Exec Addr    Load Addr    Size         Type   Attr      Idx    E Section Name        Object

    0x08000000   0x08000000   0x000000ec   Data   RO         2581    RESET               startup_stm32f10x_md.o
    0x080000ec   0x080000ec   0x00000000   Code   RO         2612  * .ARM.Collect$$$$00000000  mc_w.l(entry.o)
    0x080000ec   0x080000ec   0x00000004   Code   RO         2717    .ARM.Collect$$$$00000001  mc_w.l(entry2.o)
    0x080000f0   0x080000f0   0x00000004   Code   RO         2720    .ARM.Collect$$$$00000004  mc_w.l(entry5.o)
    0x080000f4   0x080000f4   0x00000000   Code   RO         2722    .ARM.Collect$$$$00000008  mc_w.l(entry7b.o)
    0x080000f4   0x080000f4   0x00000000   Code   RO         2724    .ARM.Collect$$$$0000000A  mc_w.l(entry8b.o)
    0x080000f4   0x080000f4   0x00000008   Code   RO         2725    .ARM.Collect$$$$0000000B  mc_w.l(entry9a.o)
    0x080000fc   0x080000fc   0x00000000   Code   RO         2727    .ARM.Collect$$$$0000000D  mc_w.l(entry10a.o)
    0x080000fc   0x080000fc   0x00000000   Code   RO         2729    .ARM.Collect$$$$0000000F  mc_w.l(entry11a.o)
    0x080000fc   0x080000fc   0x00000004   Code   RO         2718    .ARM.Collect$$$$00002712  mc_w.l(entry2.o)
    0x08000100   0x08000100   0x00000024   Code   RO         2582    .text               startup_stm32f10x_md.o
    0x08000124   0x08000124   0x00000062   Code   RO         2620    .text               mc_w.l(uldiv.o)
    0x08000186   0x08000186   0x00000062   Code   RO         2622    .text               mc_w.l(ldiv.o)
    0x080001e8   0x080001e8   0x00000024   Code   RO         2624    .text               mc_w.l(memcpya.o)
    0x0800020c   0x0800020c   0x00000024   Code   RO         2626    .text               mc_w.l(memseta.o)
    0x08000230   0x08000230   0x0000001a   Code   RO         2628    .text               mc_w.l(memcmp.o)
    0x0800024a   0x0800024a   0x000000b0   Code   RO         2660    .text               mf_w.l(fadd.o)
    0x080002fa   0x080002fa   0x00000064   Code   RO         2662    .text               mf_w.l(fmul.o)
    0x0800035e   0x0800035e   0x0000007c   Code   RO         2664    .text               mf_w.l(fdiv.o)
    0x080003da   0x080003da   0x000000e4   Code   RO         2666    .text               mf_w.l(dmul.o)
    0x080004be   0x080004be   0x000000de   Code   RO         2668    .text               mf_w.l(ddiv.o)
    0x0800059c   0x0800059c   0x0000001c   Code   RO         2670    .text               mf_w.l(fcmple.o)
    0x080005b8   0x080005b8   0x0000001c   Code   RO         2672    .text               mf_w.l(fcmplt.o)
    0x080005d4   0x080005d4   0x0000001c   Code   RO         2676    .text               mf_w.l(fcmpeq.o)
    0x080005f0   0x080005f0   0x00000036   Code   RO         2678    .text               mf_w.l(dcmple.o)
    0x08000626   0x08000626   0x00000012   Code   RO         2680    .text               mf_w.l(fflti.o)
    0x08000638   0x08000638   0x0000000a   Code   RO         2682    .text               mf_w.l(ffltui.o)
    0x08000642   0x08000642   0x00000022   Code   RO         2684    .text               mf_w.l(dflti.o)
    0x08000664   0x08000664   0x00000032   Code   RO         2686    .text               mf_w.l(ffixi.o)
    0x08000696   0x08000696   0x0000003e   Code   RO         2688    .text               mf_w.l(dfixi.o)
    0x080006d4   0x080006d4   0x00000026   Code   RO         2690    .text               mf_w.l(f2d.o)
    0x080006fa   0x080006fa   0x00000038   Code   RO         2692    .text               mf_w.l(d2f.o)
    0x08000732   0x08000732   0x0000002c   Code   RO         2741    .text               mc_w.l(uidiv.o)
    0x0800075e   0x0800075e   0x0000001e   Code   RO         2743    .text               mc_w.l(llshl.o)
    0x0800077c   0x0800077c   0x00000020   Code   RO         2745    .text               mc_w.l(llushr.o)
    0x0800079c   0x0800079c   0x00000000   Code   RO         2754    .text               mc_w.l(iusefp.o)
    0x0800079c   0x0800079c   0x0000006e   Code   RO         2755    .text               mf_w.l(fepilogue.o)
    0x0800080a   0x0800080a   0x000000ba   Code   RO         2757    .text               mf_w.l(depilogue.o)
    0x080008c4   0x080008c4   0x0000014e   Code   RO         2759    .text               mf_w.l(dadd.o)
    0x08000a12   0x08000a12   0x0000002e   Code   RO         2761    .text               mf_w.l(dscalb.o)
    0x08000a40   0x08000a40   0x00000088   Code   RO         2763    .text               mf_w.l(drnd.o)
    0x08000ac8   0x08000ac8   0x00000030   Code   RO         2765    .text               mf_w.l(dfixul.o)
    0x08000af8   0x08000af8   0x00000030   Code   RO         2767    .text               mf_w.l(cdcmple.o)
    0x08000b28   0x08000b28   0x00000030   Code   RO         2769    .text               mf_w.l(cdrcmple.o)
    0x08000b58   0x08000b58   0x00000030   Code   RO         2771    .text               mc_w.l(init.o)
    0x08000b88   0x08000b88   0x00000024   Code   RO         2773    .text               mc_w.l(llsshr.o)
    0x08000bac   0x08000bac   0x000000a2   Code   RO         2775    .text               mf_w.l(dsqrt.o)
    0x08000c4e   0x08000c4e   0x00000002   PAD
    0x08000c50   0x08000c50   0x00000084   Code   RO          432    .text.AvgPool       nnom_avgpool.o
    0x08000cd4   0x08000cd4   0x000000e8   Code   RO         1249    .text.Button_Init   button.o
    0x08000dbc   0x08000dbc   0x0000000e   Code   RO         1247    .text.Button_Status_Clear  button.o
    0x08000dca   0x08000dca   0x00000002   PAD
    0x08000dcc   0x08000dcc   0x00000054   Code   RO          818    .text.Cyberry_Potter_System_Status_Update  cyberrypotter.o
    0x08000e20   0x08000e20   0x00000020   Code   RO          839    .text.Delay_ms      delay.o
    0x08000e40   0x08000e40   0x00000054   Code   RO          837    .text.Delay_us      delay.o
    0x08000e94   0x08000e94   0x00000036   Code   RO         1243    .text.EXTI0_IRQHandler  button.o
    0x08000eca   0x08000eca   0x00000002   PAD
    0x08000ecc   0x08000ecc   0x00000056   Code   RO          820    .text.EXTI9_5_IRQHandler  cyberrypotter.o
    0x08000f22   0x08000f22   0x00000002   PAD
    0x08000f24   0x08000f24   0x00000014   Code   RO         1798    .text.EXTI_ClearITPendingBit  stm32f10x_exti.o
    0x08000f38   0x08000f38   0x00000044   Code   RO         1796    .text.EXTI_GetITStatus  stm32f10x_exti.o
    0x08000f7c   0x08000f7c   0x000000ea   Code   RO         1786    .text.EXTI_Init     stm32f10x_exti.o
    0x08001066   0x08001066   0x00000002   PAD
    0x08001068   0x08001068   0x00000012   Code   RO          824    .text.EXTI_Restore  cyberrypotter.o
    0x0800107a   0x0800107a   0x00000002   PAD
    0x0800107c   0x0800107c   0x00000012   Code   RO          822    .text.EXTI_Stop     cyberrypotter.o
    0x0800108e   0x0800108e   0x00000002   PAD
    0x08001090   0x08001090   0x00000076   Code   RO          560    .text.Flatten       nnom_flatten.o
    0x08001106   0x08001106   0x00000002   PAD
    0x08001108   0x08001108   0x00000054   Code   RO         1947    .text.GPIO_EXTILineConfig  stm32f10x_gpio.o
    0x0800115c   0x0800115c   0x00000186   Code   RO         1919    .text.GPIO_Init     stm32f10x_gpio.o
    0x080012e2   0x080012e2   0x00000002   PAD
    0x080012e4   0x080012e4   0x00000034   Code   RO         1923    .text.GPIO_ReadInputDataBit  stm32f10x_gpio.o
    0x08001318   0x08001318   0x00000014   Code   RO         1931    .text.GPIO_SetBits  stm32f10x_gpio.o
    0x0800132c   0x0800132c   0x00000028   Code   RO         1935    .text.GPIO_WriteBit  stm32f10x_gpio.o
    0x08001354   0x08001354   0x0000004a   Code   RO         1289    .text.Get_Check     protocol.o
    0x0800139e   0x0800139e   0x00000002   PAD
    0x080013a0   0x080013a0   0x00000044   Code   RO          850    .text.IIC1_Init     iic.o
    0x080013e4   0x080013e4   0x00000024   Code   RO          890    .text.IIC1_R_SDA    iic.o
    0x08001408   0x08001408   0x00000028   Code   RO          860    .text.IIC1_Receive_Ack  iic.o
    0x08001430   0x08001430   0x0000006a   Code   RO          866    .text.IIC1_Receive_Byte  iic.o
    0x0800149a   0x0800149a   0x00000002   PAD
    0x0800149c   0x0800149c   0x00000020   Code   RO          868    .text.IIC1_Send_Ack  iic.o
    0x080014bc   0x080014bc   0x00000042   Code   RO          858    .text.IIC1_Send_Byte  iic.o
    0x080014fe   0x080014fe   0x00000002   PAD
    0x08001500   0x08001500   0x00000024   Code   RO          856    .text.IIC1_Start    iic.o
    0x08001524   0x08001524   0x0000001c   Code   RO          862    .text.IIC1_Stop     iic.o
    0x08001540   0x08001540   0x00000024   Code   RO          888    .text.IIC1_W_SCL    iic.o
    0x08001564   0x08001564   0x00000024   Code   RO          886    .text.IIC1_W_SDA    iic.o
    0x08001588   0x08001588   0x00000098   Code   RO          864    .text.IIC1_read     iic.o
    0x08001620   0x08001620   0x0000006c   Code   RO          854    .text.IIC1_write    iic.o
    0x0800168c   0x0800168c   0x000001b0   Code   RO          909    .text.IMU_Get_Data  imu.o
    0x0800183c   0x0800183c   0x00000024   Code   RO          911    .text.IMU_Init      imu.o
    0x08001860   0x08001860   0x00000026   Code   RO          905    .text.IMU_Sample_Start  imu.o
    0x08001886   0x08001886   0x00000002   PAD
    0x08001888   0x08001888   0x00000026   Code   RO          907    .text.IMU_Sample_Stop  imu.o
    0x080018ae   0x080018ae   0x00000002   PAD
    0x080018b0   0x080018b0   0x0000007c   Code   RO         1287    .text.IR_Learn_Pack  protocol.o
    0x0800192c   0x0800192c   0x0000007c   Code   RO         1291    .text.IR_Send_Pack  protocol.o
    0x080019a8   0x080019a8   0x0000011a   Code   RO         1263    .text.LED_Blink     led.o
    0x08001ac2   0x08001ac2   0x00000002   PAD
    0x08001ac4   0x08001ac4   0x00000048   Code   RO         1265    .text.LED_Init      led.o
    0x08001b0c   0x08001b0c   0x000001b4   Code   RO          997    .text.MPU6050_Init  mpu6050.o
    0x08001cc0   0x08001cc0   0x0000010e   Code   RO          681    .text.MaxPool       nnom_maxpool.o
    0x08001dce   0x08001dce   0x00000002   PAD
    0x08001dd0   0x08001dd0   0x00000008   Code   RO         1306    .text.Module0_Init  module0.o
    0x08001dd8   0x08001dd8   0x0000000a   Code   RO         1308    .text.Module0_Mode0_Handler  module0.o
    0x08001de2   0x08001de2   0x00000002   PAD
    0x08001de4   0x08001de4   0x0000000a   Code   RO         1310    .text.Module0_Mode1_Handler  module0.o
    0x08001dee   0x08001dee   0x00000002   PAD
    0x08001df0   0x08001df0   0x00000002   Code   RO         1442    .text.Module10_Init  module10.o
    0x08001df2   0x08001df2   0x00000002   PAD
    0x08001df4   0x08001df4   0x00000002   Code   RO         1444    .text.Module10_Mode0_Handler  module10.o
    0x08001df6   0x08001df6   0x00000002   PAD
    0x08001df8   0x08001df8   0x00000002   Code   RO         1446    .text.Module10_Mode1_Handler  module10.o
    0x08001dfa   0x08001dfa   0x00000002   PAD
    0x08001dfc   0x08001dfc   0x00000066   Code   RO         1325    .text.Module1_Init  module1.o
    0x08001e62   0x08001e62   0x00000002   PAD
    0x08001e64   0x08001e64   0x00000002   Code   RO         1327    .text.Module1_Mode0_Handler  module1.o
    0x08001e66   0x08001e66   0x00000002   PAD
    0x08001e68   0x08001e68   0x00000002   Code   RO         1329    .text.Module1_Mode1_Handler  module1.o
    0x08001e6a   0x08001e6a   0x00000002   PAD
    0x08001e6c   0x08001e6c   0x00000066   Code   RO         1338    .text.Module2_Init  module2.o
    0x08001ed2   0x08001ed2   0x00000002   PAD
    0x08001ed4   0x08001ed4   0x00000002   Code   RO         1340    .text.Module2_Mode0_Handler  module2.o
    0x08001ed6   0x08001ed6   0x00000002   PAD
    0x08001ed8   0x08001ed8   0x00000002   Code   RO         1342    .text.Module2_Mode1_Handler  module2.o
    0x08001eda   0x08001eda   0x00000002   PAD
    0x08001edc   0x08001edc   0x00000066   Code   RO         1351    .text.Module3_Init  module3.o
    0x08001f42   0x08001f42   0x00000002   PAD
    0x08001f44   0x08001f44   0x00000002   Code   RO         1353    .text.Module3_Mode0_Handler  module3.o
    0x08001f46   0x08001f46   0x00000002   PAD
    0x08001f48   0x08001f48   0x00000002   Code   RO         1355    .text.Module3_Mode1_Handler  module3.o
    0x08001f4a   0x08001f4a   0x00000002   PAD
    0x08001f4c   0x08001f4c   0x00000002   Code   RO         1364    .text.Module4_Init  module4.o
    0x08001f4e   0x08001f4e   0x00000002   PAD
    0x08001f50   0x08001f50   0x00000002   Code   RO         1366    .text.Module4_Mode0_Handler  module4.o
    0x08001f52   0x08001f52   0x00000002   PAD
    0x08001f54   0x08001f54   0x00000002   Code   RO         1368    .text.Module4_Mode1_Handler  module4.o
    0x08001f56   0x08001f56   0x00000002   PAD
    0x08001f58   0x08001f58   0x00000002   Code   RO         1377    .text.Module5_Init  module5.o
    0x08001f5a   0x08001f5a   0x00000002   PAD
    0x08001f5c   0x08001f5c   0x00000002   Code   RO         1379    .text.Module5_Mode0_Handler  module5.o
    0x08001f5e   0x08001f5e   0x00000002   PAD
    0x08001f60   0x08001f60   0x00000002   Code   RO         1381    .text.Module5_Mode1_Handler  module5.o
    0x08001f62   0x08001f62   0x00000002   PAD
    0x08001f64   0x08001f64   0x00000002   Code   RO         1390    .text.Module6_Init  module6.o
    0x08001f66   0x08001f66   0x00000002   PAD
    0x08001f68   0x08001f68   0x00000002   Code   RO         1392    .text.Module6_Mode0_Handler  module6.o
    0x08001f6a   0x08001f6a   0x00000002   PAD
    0x08001f6c   0x08001f6c   0x00000002   Code   RO         1394    .text.Module6_Mode1_Handler  module6.o
    0x08001f6e   0x08001f6e   0x00000002   PAD
    0x08001f70   0x08001f70   0x00000002   Code   RO         1403    .text.Module7_Init  module7.o
    0x08001f72   0x08001f72   0x00000002   PAD
    0x08001f74   0x08001f74   0x00000002   Code   RO         1405    .text.Module7_Mode0_Handler  module7.o
    0x08001f76   0x08001f76   0x00000002   PAD
    0x08001f78   0x08001f78   0x00000002   Code   RO         1407    .text.Module7_Mode1_Handler  module7.o
    0x08001f7a   0x08001f7a   0x00000002   PAD
    0x08001f7c   0x08001f7c   0x00000002   Code   RO         1416    .text.Module8_Init  module8.o
    0x08001f7e   0x08001f7e   0x00000002   PAD
    0x08001f80   0x08001f80   0x00000002   Code   RO         1418    .text.Module8_Mode0_Handler  module8.o
    0x08001f82   0x08001f82   0x00000002   PAD
    0x08001f84   0x08001f84   0x00000002   Code   RO         1420    .text.Module8_Mode1_Handler  module8.o
    0x08001f86   0x08001f86   0x00000002   PAD
    0x08001f88   0x08001f88   0x00000002   Code   RO         1429    .text.Module9_Init  module9.o
    0x08001f8a   0x08001f8a   0x00000002   PAD
    0x08001f8c   0x08001f8c   0x00000002   Code   RO         1431    .text.Module9_Mode0_Handler  module9.o
    0x08001f8e   0x08001f8e   0x00000002   PAD
    0x08001f90   0x08001f90   0x00000002   Code   RO         1433    .text.Module9_Mode1_Handler  module9.o
    0x08001f92   0x08001f92   0x00000002   PAD
    0x08001f94   0x08001f94   0x00000292   Code   RO          814    .text.Module_Init   cyberrypotter.o
    0x08002226   0x08002226   0x00000002   PAD
    0x08002228   0x08002228   0x00000012   Code   RO          810    .text.Module_None_Mode0_Handler  cyberrypotter.o
    0x0800223a   0x0800223a   0x00000002   PAD
    0x0800223c   0x0800223c   0x00000012   Code   RO          812    .text.Module_None_Mode1_Handler  cyberrypotter.o
    0x0800224e   0x0800224e   0x00000002   PAD
    0x08002250   0x08002250   0x000000a6   Code   RO         1475    .text.NVIC_Init     misc.o
    0x080022f6   0x080022f6   0x00000002   PAD
    0x080022f8   0x080022f8   0x0000001c   Code   RO         1473    .text.NVIC_PriorityGroupConfig  misc.o
    0x08002314   0x08002314   0x00000034   Code   RO         2121    .text.RCC_APB1PeriphClockCmd  stm32f10x_rcc.o
    0x08002348   0x08002348   0x00000034   Code   RO         2119    .text.RCC_APB2PeriphClockCmd  stm32f10x_rcc.o
    0x0800237c   0x0800237c   0x00000172   Code   RO         2115    .text.RCC_GetClocksFreq  stm32f10x_rcc.o
    0x080024ee   0x080024ee   0x00000002   PAD
    0x080024f0   0x080024f0   0x00000008   Code   RO         2591    .text.SetSysClock   system_stm32f10x.o
    0x080024f8   0x080024f8   0x00000122   Code   RO         2595    .text.SetSysClockTo72  system_stm32f10x.o
    0x0800261a   0x0800261a   0x00000002   PAD
    0x0800261c   0x0800261c   0x00000074   Code   RO          752    .text.Softmax       nnom_softmax.o
    0x08002690   0x08002690   0x00000066   Code   RO         2589    .text.SystemInit    system_stm32f10x.o
    0x080026f6   0x080026f6   0x00000002   PAD
    0x080026f8   0x080026f8   0x00000044   Code   RO          816    .text.System_Init   cyberrypotter.o
    0x0800273c   0x0800273c   0x0000013a   Code   RO         1245    .text.TIM4_IRQHandler  button.o
    0x08002876   0x08002876   0x00000002   PAD
    0x08002878   0x08002878   0x00000016   Code   RO         2479    .text.TIM_ClearFlag  stm32f10x_tim.o
    0x0800288e   0x0800288e   0x00000002   PAD
    0x08002890   0x08002890   0x00000016   Code   RO         2483    .text.TIM_ClearITPendingBit  stm32f10x_tim.o
    0x080028a6   0x080028a6   0x00000002   PAD
    0x080028a8   0x080028a8   0x00000028   Code   RO         2345    .text.TIM_Cmd       stm32f10x_tim.o
    0x080028d0   0x080028d0   0x00000052   Code   RO         2481    .text.TIM_GetITStatus  stm32f10x_tim.o
    0x08002922   0x08002922   0x00000002   PAD
    0x08002924   0x08002924   0x00000030   Code   RO         2349    .text.TIM_ITConfig  stm32f10x_tim.o
    0x08002954   0x08002954   0x00000142   Code   RO         2305    .text.TIM_TimeBaseInit  stm32f10x_tim.o
    0x08002a96   0x08002a96   0x00000002   PAD
    0x08002a98   0x08002a98   0x000000be   Code   RO         1227    .text.USART1_Init   usart.o
    0x08002b56   0x08002b56   0x00000002   PAD
    0x08002b58   0x08002b58   0x00000086   Code   RO         1276    .text.USART2_Config  new_study_ir.o
    0x08002bde   0x08002bde   0x00000002   PAD
    0x08002be0   0x08002be0   0x00000028   Code   RO         2502    .text.USART_Cmd     stm32f10x_usart.o
    0x08002c08   0x08002c08   0x0000003c   Code   RO         2542    .text.USART_GetFlagStatus  stm32f10x_usart.o
    0x08002c44   0x08002c44   0x0000008e   Code   RO         2504    .text.USART_ITConfig  stm32f10x_usart.o
    0x08002cd2   0x08002cd2   0x00000002   PAD
    0x08002cd4   0x08002cd4   0x0000015c   Code   RO         2494    .text.USART_Init    stm32f10x_usart.o
    0x08002e30   0x08002e30   0x00000018   Code   RO         2518    .text.USART_SendData  stm32f10x_usart.o
    0x08002e48   0x08002e48   0x00000062   Code   RO         1278    .text.Uart_Send     new_study_ir.o
    0x08002eaa   0x08002eaa   0x00000002   PAD
    0x08002eac   0x08002eac   0x0000004a   Code   RO           20    .text.__NNOM_SSAT   nnom_local.o
    0x08002ef6   0x08002ef6   0x00000002   PAD
    0x08002ef8   0x08002ef8   0x0000004a   Code   RO          103    .text.__NNOM_SSAT   nnom_local_q15.o
    0x08002f42   0x08002f42   0x00000002   PAD
    0x08002f44   0x08002f44   0x0000003c   Code   RO           50    .text.__NNOM_USAT   nnom_local.o
    0x08002f80   0x08002f80   0x00000026   Code   RO          999    .text.__NVIC_SystemReset  mpu6050.o
    0x08002fa6   0x08002fa6   0x00000002   PAD
    0x08002fa8   0x08002fa8   0x00000104   Code   RO         1098    .text.accel_self_test  inv_mpu.o
    0x080030ac   0x080030ac   0x0000002c   Code   RO          421    .text.act_get_dec_bit  nnom_activation.o
    0x080030d8   0x080030d8   0x0000004a   Code   RO          385    .text.act_leaky_relu  nnom_activation.o
    0x08003122   0x08003122   0x00000002   PAD
    0x08003124   0x08003124   0x00000068   Code   RO          216    .text.allocate_block  nnom.o
    0x0800318c   0x0800318c   0x0000005c   Code   RO          256    .text.allocate_hook  nnom.o
    0x080031e8   0x080031e8   0x00000060   Code   RO          258    .text.allocate_io   nnom.o
    0x08003248   0x08003248   0x00000012   Code   RO          436    .text.avgpool_build  nnom_avgpool.o
    0x0800325a   0x0800325a   0x00000002   PAD
    0x0800325c   0x0800325c   0x0000015e   Code   RO          434    .text.avgpool_run   nnom_avgpool.o
    0x080033ba   0x080033ba   0x00000002   PAD
    0x080033bc   0x080033bc   0x000000de   Code   RO          430    .text.avgpool_s     nnom_avgpool.o
    0x0800349a   0x0800349a   0x00000002   PAD
    0x0800349c   0x0800349c   0x00000062   Code   RO          230    .text.block_mem_set  nnom.o
    0x080034fe   0x080034fe   0x00000002   PAD
    0x08003500   0x08003500   0x0000004a   Code   RO         1302    .text.check_model   module0.o
    0x0800354a   0x0800354a   0x00000002   PAD
    0x0800354c   0x0800354c   0x0000008e   Code   RO          254    .text.check_model_version  nnom.o
    0x080035da   0x080035da   0x00000002   PAD
    0x080035dc   0x080035dc   0x000003c0   Code   RO          214    .text.compile_layers  nnom.o
    0x0800399c   0x0800399c   0x0000015e   Code   RO          479    .text.conv2d_build  nnom_conv2d.o
    0x08003afa   0x08003afa   0x00000002   PAD
    0x08003afc   0x08003afc   0x0000002a   Code   RO          481    .text.conv2d_free   nnom_conv2d.o
    0x08003b26   0x08003b26   0x00000002   PAD
    0x08003b28   0x08003b28   0x000001d6   Code   RO          477    .text.conv2d_run    nnom_conv2d.o
    0x08003cfe   0x08003cfe   0x00000002   PAD
    0x08003d00   0x08003d00   0x000001e2   Code   RO          475    .text.conv2d_s      nnom_conv2d.o
    0x08003ee2   0x08003ee2   0x00000002   PAD
    0x08003ee4   0x08003ee4   0x00000056   Code   RO          485    .text.conv_output_length  nnom_conv2d.o
    0x08003f3a   0x08003f3a   0x00000002   PAD
    0x08003f3c   0x08003f3c   0x00000068   Code   RO          451    .text.default_build  nnom_baselayer.o
    0x08003fa4   0x08003fa4   0x00000018   Code   RO          315    .text.delete_tensor  nnom_tensor.o
    0x08003fbc   0x08003fbc   0x00000134   Code   RO          530    .text.dense_build   nnom_dense.o
    0x080040f0   0x080040f0   0x0000002a   Code   RO          532    .text.dense_free    nnom_dense.o
    0x0800411a   0x0800411a   0x00000002   PAD
    0x0800411c   0x0800411c   0x00000092   Code   RO          528    .text.dense_run     nnom_dense.o
    0x080041ae   0x080041ae   0x00000002   PAD
    0x080041b0   0x080041b0   0x000000c4   Code   RO          526    .text.dense_s       nnom_dense.o
    0x08004274   0x08004274   0x00000016   Code   RO          291    .text.dilation      nnom_layers.o
    0x0800428a   0x0800428a   0x00000002   PAD
    0x0800428c   0x0800428c   0x00000046   Code   RO         1172    .text.dmp_enable_6x_lp_quat  inv_mpu_dmp_motion_driver.o
    0x080042d2   0x080042d2   0x00000002   PAD
    0x080042d4   0x080042d4   0x000002aa   Code   RO         1166    .text.dmp_enable_feature  inv_mpu_dmp_motion_driver.o
    0x0800457e   0x0800457e   0x00000002   PAD
    0x08004580   0x08004580   0x0000006a   Code   RO         1168    .text.dmp_enable_gyro_cal  inv_mpu_dmp_motion_driver.o
    0x080045ea   0x080045ea   0x00000002   PAD
    0x080045ec   0x080045ec   0x00000046   Code   RO         1170    .text.dmp_enable_lp_quat  inv_mpu_dmp_motion_driver.o
    0x08004632   0x08004632   0x00000002   PAD
    0x08004634   0x08004634   0x0000001a   Code   RO         1130    .text.dmp_load_motion_driver_firmware  inv_mpu_dmp_motion_driver.o
    0x0800464e   0x0800464e   0x00000002   PAD
    0x08004650   0x08004650   0x00000156   Code   RO         1136    .text.dmp_set_accel_bias  inv_mpu_dmp_motion_driver.o
    0x080047a6   0x080047a6   0x00000002   PAD
    0x080047a8   0x080047a8   0x000000a4   Code   RO         1138    .text.dmp_set_fifo_rate  inv_mpu_dmp_motion_driver.o
    0x0800484c   0x0800484c   0x00000150   Code   RO         1134    .text.dmp_set_gyro_bias  inv_mpu_dmp_motion_driver.o
    0x0800499c   0x0800499c   0x000001b0   Code   RO         1132    .text.dmp_set_orientation  inv_mpu_dmp_motion_driver.o
    0x08004b4c   0x08004b4c   0x00000056   Code   RO         1152    .text.dmp_set_shake_reject_thresh  inv_mpu_dmp_motion_driver.o
    0x08004ba2   0x08004ba2   0x00000002   PAD
    0x08004ba4   0x08004ba4   0x0000003c   Code   RO         1154    .text.dmp_set_shake_reject_time  inv_mpu_dmp_motion_driver.o
    0x08004be0   0x08004be0   0x0000003c   Code   RO         1156    .text.dmp_set_shake_reject_timeout  inv_mpu_dmp_motion_driver.o
    0x08004c1c   0x08004c1c   0x0000006c   Code   RO         1144    .text.dmp_set_tap_axes  inv_mpu_dmp_motion_driver.o
    0x08004c88   0x08004c88   0x0000004a   Code   RO         1146    .text.dmp_set_tap_count  inv_mpu_dmp_motion_driver.o
    0x08004cd2   0x08004cd2   0x00000002   PAD
    0x08004cd4   0x08004cd4   0x000001fc   Code   RO         1142    .text.dmp_set_tap_thresh  inv_mpu_dmp_motion_driver.o
    0x08004ed0   0x08004ed0   0x0000003e   Code   RO         1148    .text.dmp_set_tap_time  inv_mpu_dmp_motion_driver.o
    0x08004f0e   0x08004f0e   0x00000002   PAD
    0x08004f10   0x08004f10   0x0000003e   Code   RO         1150    .text.dmp_set_tap_time_multi  inv_mpu_dmp_motion_driver.o
    0x08004f4e   0x08004f4e   0x00000002   PAD
    0x08004f50   0x08004f50   0x00000034   Code   RO          238    .text.find_last     nnom.o
    0x08004f84   0x08004f84   0x00000068   Code   RO          564    .text.flatten_build  nnom_flatten.o
    0x08004fec   0x08004fec   0x0000000a   Code   RO          562    .text.flatten_run   nnom_flatten.o
    0x08004ff6   0x08004ff6   0x00000002   PAD
    0x08004ff8   0x08004ff8   0x00000020   Code   RO          558    .text.flatten_s     nnom_flatten.o
    0x08005018   0x08005018   0x0000002e   Code   RO         1229    .text.fputc         usart.o
    0x08005046   0x08005046   0x00000002   PAD
    0x08005048   0x08005048   0x00000106   Code   RO         1116    .text.get_accel_prod_shift  inv_mpu.o
    0x0800514e   0x0800514e   0x00000002   PAD
    0x08005150   0x08005150   0x0000053c   Code   RO         1096    .text.get_st_biases  inv_mpu.o
    0x0800568c   0x0800568c   0x0000016e   Code   RO         1100    .text.gyro_self_test  inv_mpu.o
    0x080057fa   0x080057fa   0x00000002   PAD
    0x080057fc   0x080057fc   0x00000094   Code   RO         1304    .text.handle_ir_signal  module0.o
    0x08005890   0x08005890   0x0000003a   Code   RO          613    .text.input_build   nnom_input.o
    0x080058ca   0x080058ca   0x00000002   PAD
    0x080058cc   0x080058cc   0x0000002e   Code   RO          611    .text.input_run     nnom_input.o
    0x080058fa   0x080058fa   0x00000002   PAD
    0x080058fc   0x080058fc   0x0000016c   Code   RO          609    .text.input_s       nnom_input.o
    0x08005a68   0x08005a68   0x00000044   Code   RO         1001    .text.inv_orientation_matrix_to_scalar  mpu6050.o
    0x08005aac   0x08005aac   0x0000009c   Code   RO         1005    .text.inv_row_2_scale  mpu6050.o
    0x08005b48   0x08005b48   0x00000012   Code   RO          295    .text.io_init       nnom_layers.o
    0x08005b5a   0x08005b5a   0x00000002   PAD
    0x08005b5c   0x08005b5c   0x00000038   Code   RO          264    .text.io_mem_size   nnom.o
    0x08005b94   0x08005b94   0x00000016   Code   RO          287    .text.kernel        nnom_layers.o
    0x08005baa   0x08005baa   0x00000002   PAD
    0x08005bac   0x08005bac   0x00000052   Code   RO          244    .text.layer_run     nnom.o
    0x08005bfe   0x08005bfe   0x00000002   PAD
    0x08005c00   0x08005c00   0x00000050   Code   RO          218    .text.layer_shortcut_add  nnom.o
    0x08005c50   0x08005c50   0x0000005c   Code   RO          405    .text.leaky_relu_run  nnom_activation.o
    0x08005cac   0x08005cac   0x000001f2   Code   RO           93    .text.local_avepool_q15_HWC  nnom_local_q15.o
    0x08005e9e   0x08005e9e   0x00000002   PAD
    0x08005ea0   0x08005ea0   0x000001ee   Code   RO            2    .text.local_avepool_q7_HWC  nnom_local.o
    0x0800608e   0x0800608e   0x00000002   PAD
    0x08006090   0x08006090   0x0000036e   Code   RO          111    .text.local_convolve_HWC_q15_nonsquare  nnom_local_q15.o
    0x080063fe   0x080063fe   0x00000002   PAD
    0x08006400   0x08006400   0x00000340   Code   RO           18    .text.local_convolve_HWC_q7_nonsquare  nnom_local.o
    0x08006740   0x08006740   0x000004b8   Code   RO           44    .text.local_fully_connected_q7_opt  nnom_local.o
    0x08006bf8   0x08006bf8   0x00000052   Code   RO          149    .text.local_leaky_relu_q15  nnom_local_q15.o
    0x08006c4a   0x08006c4a   0x00000002   PAD
    0x08006c4c   0x08006c4c   0x0000004c   Code   RO           62    .text.local_leaky_relu_q7  nnom_local.o
    0x08006c98   0x08006c98   0x000001fc   Code   RO            6    .text.local_maxpool_q7_HWC  nnom_local.o
    0x08006e94   0x08006e94   0x00000118   Code   RO           48    .text.local_softmax_q7  nnom_local.o
    0x08006fac   0x08006fac   0x00000156   Code   RO          922    .text.main          main.o
    0x08007102   0x08007102   0x00000002   PAD
    0x08007104   0x08007104   0x0000011a   Code   RO          685    .text.maxpool_build  nnom_maxpool.o
    0x0800721e   0x0800721e   0x00000002   PAD
    0x08007220   0x08007220   0x000000c2   Code   RO          683    .text.maxpool_run   nnom_maxpool.o
    0x080072e2   0x080072e2   0x00000002   PAD
    0x080072e4   0x080072e4   0x00000072   Code   RO          228    .text.mem_analysis_result  nnom.o
    0x08007356   0x08007356   0x00000002   PAD
    0x08007358   0x08007358   0x00000012   Code   RO          204    .text.model_active  nnom.o
    0x0800736a   0x0800736a   0x00000002   PAD
    0x0800736c   0x0800736c   0x00000066   Code   RO          196    .text.model_add     nnom.o
    0x080073d2   0x080073d2   0x00000002   PAD
    0x080073d4   0x080073d4   0x00000172   Code   RO          236    .text.model_compile  nnom.o
    0x08007546   0x08007546   0x00000002   PAD
    0x08007548   0x08007548   0x000000ea   Code   RO          928    .text.model_feed_data  main.o
    0x08007632   0x08007632   0x00000002   PAD
    0x08007634   0x08007634   0x000001d6   Code   RO          926    .text.model_get_output  main.o
    0x0800780a   0x0800780a   0x00000002   PAD
    0x0800780c   0x0800780c   0x00000048   Code   RO          198    .text.model_hook    nnom.o
    0x08007854   0x08007854   0x0000001a   Code   RO          200    .text.model_merge   nnom.o
    0x0800786e   0x0800786e   0x00000002   PAD
    0x08007870   0x08007870   0x0000005c   Code   RO          202    .text.model_mergex  nnom.o
    0x080078cc   0x080078cc   0x00000012   Code   RO          248    .text.model_run     nnom.o
    0x080078de   0x080078de   0x00000002   PAD
    0x080078e0   0x080078e0   0x000000fc   Code   RO          246    .text.model_run_to  nnom.o
    0x080079dc   0x080079dc   0x0000004c   Code   RO          240    .text.model_set_ops  nnom.o
    0x08007a28   0x08007a28   0x000000d2   Code   RO         1032    .text.mpu_configure_fifo  inv_mpu.o
    0x08007afa   0x08007afa   0x00000002   PAD
    0x08007afc   0x08007afc   0x0000006c   Code   RO         1064    .text.mpu_get_accel_fsr  inv_mpu.o
    0x08007b68   0x08007b68   0x00000074   Code   RO         1076    .text.mpu_get_accel_sens  inv_mpu.o
    0x08007bdc   0x08007bdc   0x00000018   Code   RO         1078    .text.mpu_get_fifo_config  inv_mpu.o
    0x08007bf4   0x08007bf4   0x00000054   Code   RO         1062    .text.mpu_get_gyro_fsr  inv_mpu.o
    0x08007c48   0x08007c48   0x00000068   Code   RO         1074    .text.mpu_get_gyro_sens  inv_mpu.o
    0x08007cb0   0x08007cb0   0x00000064   Code   RO         1066    .text.mpu_get_lpf   inv_mpu.o
    0x08007d14   0x08007d14   0x00000038   Code   RO         1068    .text.mpu_get_sample_rate  inv_mpu.o
    0x08007d4c   0x08007d4c   0x00000130   Code   RO         1022    .text.mpu_init      inv_mpu.o
    0x08007e7c   0x08007e7c   0x00000134   Code   RO         1106    .text.mpu_load_firmware  inv_mpu.o
    0x08007fb0   0x08007fb0   0x00000126   Code   RO         1038    .text.mpu_lp_accel_mode  inv_mpu.o
    0x080080d6   0x080080d6   0x00000002   PAD
    0x080080d8   0x080080d8   0x000000be   Code   RO         1104    .text.mpu_read_mem  inv_mpu.o
    0x08008196   0x08008196   0x00000002   PAD
    0x08008198   0x08008198   0x00000290   Code   RO         1060    .text.mpu_reset_fifo  inv_mpu.o
    0x08008428   0x08008428   0x00000182   Code   RO         1092    .text.mpu_run_self_test  inv_mpu.o
    0x080085aa   0x080085aa   0x00000002   PAD
    0x080085ac   0x080085ac   0x000000c8   Code   RO         1026    .text.mpu_set_accel_fsr  inv_mpu.o
    0x08008674   0x08008674   0x000001f2   Code   RO         1034    .text.mpu_set_bypass  inv_mpu.o
    0x08008866   0x08008866   0x00000002   PAD
    0x08008868   0x08008868   0x000000d0   Code   RO         1094    .text.mpu_set_dmp_state  inv_mpu.o
    0x08008938   0x08008938   0x000000d0   Code   RO         1024    .text.mpu_set_gyro_fsr  inv_mpu.o
    0x08008a08   0x08008a08   0x000000b8   Code   RO         1040    .text.mpu_set_int_latched  inv_mpu.o
    0x08008ac0   0x08008ac0   0x000000e2   Code   RO         1028    .text.mpu_set_lpf   inv_mpu.o
    0x08008ba2   0x08008ba2   0x00000002   PAD
    0x08008ba4   0x08008ba4   0x000000fa   Code   RO         1030    .text.mpu_set_sample_rate  inv_mpu.o
    0x08008c9e   0x08008c9e   0x00000002   PAD
    0x08008ca0   0x08008ca0   0x0000015a   Code   RO         1036    .text.mpu_set_sensors  inv_mpu.o
    0x08008dfa   0x08008dfa   0x00000002   PAD
    0x08008dfc   0x08008dfc   0x000000be   Code   RO         1102    .text.mpu_write_mem  inv_mpu.o
    0x08008eba   0x08008eba   0x00000002   PAD
    0x08008ebc   0x08008ebc   0x00000076   Code   RO          194    .text.new_model     nnom.o
    0x08008f32   0x08008f32   0x00000002   PAD
    0x08008f34   0x08008f34   0x000000b6   Code   RO          313    .text.new_tensor    nnom_tensor.o
    0x08008fea   0x08008fea   0x00000002   PAD
    0x08008fec   0x08008fec   0x0000003a   Code   RO          186    .text.nnom_alignto  nnom.o
    0x08009026   0x08009026   0x00000002   PAD
    0x08009028   0x08009028   0x00000008   Code   RO          188    .text.nnom_free     nnom.o
    0x08009030   0x08009030   0x00000036   Code   RO          212    .text.nnom_hook_length  nnom.o
    0x08009066   0x08009066   0x00000002   PAD
    0x08009068   0x08009068   0x00000094   Code   RO          184    .text.nnom_malloc   nnom.o
    0x080090fc   0x080090fc   0x0000003e   Code   RO          190    .text.nnom_mem      nnom.o
    0x0800913a   0x0800913a   0x00000002   PAD
    0x0800913c   0x0800913c   0x00000132   Code   RO          924    .text.nnom_model_create  main.o
    0x0800926e   0x0800926e   0x00000002   PAD
    0x08009270   0x08009270   0x0000002e   Code   RO          182    .text.nnom_set_static_buf  nnom.o
    0x0800929e   0x0800929e   0x00000002   PAD
    0x080092a0   0x080092a0   0x00000032   Code   RO          696    .text.output_run    nnom_output.o
    0x080092d2   0x080092d2   0x00000002   PAD
    0x080092d4   0x080092d4   0x0000004a   Code   RO          694    .text.output_s      nnom_output.o
    0x0800931e   0x0800931e   0x00000002   PAD
    0x08009320   0x08009320   0x00000242   Code   RO          220    .text.print_layer_info  nnom.o
    0x08009562   0x08009562   0x00000002   PAD
    0x08009564   0x08009564   0x00000096   Code   RO          222    .text.print_memory_block_info  nnom.o
    0x080095fa   0x080095fa   0x00000002   PAD
    0x080095fc   0x080095fc   0x00000042   Code   RO         1300    .text.print_model_name  module0.o
    0x0800963e   0x0800963e   0x00000002   PAD
    0x08009640   0x08009640   0x0000002c   Code   RO          266    .text.release_block  nnom.o
    0x0800966c   0x0800966c   0x0000001e   Code   RO          224    .text.release_comp_mem  nnom.o
    0x0800968a   0x0800968a   0x00000002   PAD
    0x0800968c   0x0800968c   0x00000028   Code   RO          226    .text.release_input_mem  nnom.o
    0x080096b4   0x080096b4   0x0000008a   Code   RO         1003    .text.run_self_test  mpu6050.o
    0x0800973e   0x0800973e   0x00000002   PAD
    0x08009740   0x08009740   0x000000f2   Code   RO         1080    .text.set_int_enable  inv_mpu.o
    0x08009832   0x08009832   0x00000002   PAD
    0x08009834   0x08009834   0x0000007c   Code   RO          234    .text.set_tailed_activation  nnom.o
    0x080098b0   0x080098b0   0x0000001e   Code   RO          285    .text.shape         nnom_layers.o
    0x080098ce   0x080098ce   0x00000002   PAD
    0x080098d0   0x080098d0   0x00000050   Code   RO          756    .text.softmax_build  nnom_softmax.o
    0x08009920   0x08009920   0x0000002e   Code   RO          754    .text.softmax_run   nnom_softmax.o
    0x0800994e   0x0800994e   0x00000002   PAD
    0x08009950   0x08009950   0x00000020   Code   RO          750    .text.softmax_s     nnom_softmax.o
    0x08009970   0x08009970   0x00000016   Code   RO          289    .text.stride        nnom_layers.o
    0x08009986   0x08009986   0x00000002   PAD
    0x08009988   0x08009988   0x0000008e   Code   RO          321    .text.tensor_cpy_attr  nnom_tensor.o
    0x08009a16   0x08009a16   0x00000002   PAD
    0x08009a18   0x08009a18   0x00000016   Code   RO          311    .text.tensor_get_num_channel  nnom_tensor.o
    0x08009a2e   0x08009a2e   0x00000002   PAD
    0x08009a30   0x08009a30   0x00000060   Code   RO          232    .text.tensor_mem_set  nnom.o
    0x08009a90   0x08009a90   0x00000070   Code   RO          319    .text.tensor_set_attr  nnom_tensor.o
    0x08009b00   0x08009b00   0x0000004c   Code   RO          317    .text.tensor_set_attr_v  nnom_tensor.o
    0x08009b4c   0x08009b4c   0x0000004a   Code   RO          307    .text.tensor_size   nnom_tensor.o
    0x08009b96   0x08009b96   0x00000002   PAD
    0x08009b98   0x08009b98   0x00000020   Code   RO         2633    i.__0printf         mc_w.l(printfa.o)
    0x08009bb8   0x08009bb8   0x00000028   Code   RO         2708    i.__ARM_fpclassify  m_ws.l(fpclassify.o)
    0x08009be0   0x08009be0   0x000000aa   Code   RO         2710    i.__kernel_poly     m_ws.l(poly.o)
    0x08009c8a   0x08009c8a   0x00000002   PAD
    0x08009c8c   0x08009c8c   0x00000010   Code   RO         2694    i.__mathlib_dbl_divzero  m_ws.l(dunder.o)
    0x08009c9c   0x08009c9c   0x00000004   Code   RO         2696    i.__mathlib_dbl_infnan2  m_ws.l(dunder.o)
    0x08009ca0   0x08009ca0   0x0000000c   Code   RO         2697    i.__mathlib_dbl_invalid  m_ws.l(dunder.o)
    0x08009cac   0x08009cac   0x0000000e   Code   RO         2698    i.__mathlib_dbl_overflow  m_ws.l(dunder.o)
    0x08009cba   0x08009cba   0x00000002   PAD
    0x08009cbc   0x08009cbc   0x00000010   Code   RO         2700    i.__mathlib_dbl_underflow  m_ws.l(dunder.o)
    0x08009ccc   0x08009ccc   0x0000000e   Code   RO         2779    i.__scatterload_copy  mc_w.l(handlers.o)
    0x08009cda   0x08009cda   0x00000002   Code   RO         2780    i.__scatterload_null  mc_w.l(handlers.o)
    0x08009cdc   0x08009cdc   0x0000000e   Code   RO         2781    i.__scatterload_zeroinit  mc_w.l(handlers.o)
    0x08009cea   0x08009cea   0x00000002   PAD
    0x08009cec   0x08009cec   0x0000000c   Code   RO         2749    i.__set_errno       mc_w.l(errno.o)
    0x08009cf8   0x08009cf8   0x00000184   Code   RO         2640    i._fp_digits        mc_w.l(printfa.o)
    0x08009e7c   0x08009e7c   0x000006dc   Code   RO         2641    i._printf_core      mc_w.l(printfa.o)
    0x0800a558   0x0800a558   0x00000024   Code   RO         2642    i._printf_post_padding  mc_w.l(printfa.o)
    0x0800a57c   0x0800a57c   0x0000002e   Code   RO         2643    i._printf_pre_padding  mc_w.l(printfa.o)
    0x0800a5aa   0x0800a5aa   0x00000002   PAD
    0x0800a5ac   0x0800a5ac   0x000009ec   Code   RO         2606    i.pow               m_ws.l(pow.o)
    0x0800af98   0x0800af98   0x00000094   Code   RO         2610    i.round             m_ws.l(round.o)
    0x0800b02c   0x0800b02c   0x0000004c   Code   RO         2714    i.sqrt              m_ws.l(sqrt.o)
    0x0800b078   0x0800b078   0x00000088   Data   RO         2607    .constdata          m_ws.l(pow.o)
    0x0800b100   0x0800b100   0x00000008   Data   RO         2712    .constdata          m_ws.l(qnan.o)
    0x0800b108   0x0800b108   0x00000004   Data   RO         2140    .rodata.ADCPrescTable  stm32f10x_rcc.o
    0x0800b10c   0x0800b10c   0x00000010   Data   RO         2139    .rodata.APBAHBPrescTable  stm32f10x_rcc.o
    0x0800b11c   0x0800b11c   0x00000010   Data   RO          963    .rodata.average_pooling2d_config  main.o
    0x0800b12c   0x0800b12c   0x00000004   Data   RO          961    .rodata.conv2d_1_bias_shift  main.o
    0x0800b130   0x0800b130   0x00000028   Data   RO          962    .rodata.conv2d_1_config  main.o
    0x0800b158   0x0800b158   0x00000004   Data   RO          960    .rodata.conv2d_1_output_shift  main.o
    0x0800b15c   0x0800b15c   0x00000004   Data   RO          948    .rodata.conv2d_bias_shift  main.o
    0x0800b160   0x0800b160   0x00000028   Data   RO          949    .rodata.conv2d_config  main.o
    0x0800b188   0x0800b188   0x00000004   Data   RO          947    .rodata.conv2d_output_shift  main.o
    0x0800b18c   0x0800b18c   0x00000040   Data   RO          269    .rodata.default_activation_names  nnom.o
    0x0800b1cc   0x0800b1cc   0x00000020   Data   RO          270    .rodata.default_cell_names  nnom.o
    0x0800b1ec   0x0800b1ec   0x0000018c   Data   RO          268    .rodata.default_layer_names  nnom.o
    0x0800b378   0x0800b378   0x00000004   Data   RO          976    .rodata.dense_bias_shift  main.o
    0x0800b37c   0x0800b37c   0x00000018   Data   RO          977    .rodata.dense_config  main.o
    0x0800b394   0x0800b394   0x00000004   Data   RO          975    .rodata.dense_output_shift  main.o
    0x0800b398   0x0800b398   0x00000bf6   Data   RO         1186    .rodata.dmp_memory  inv_mpu_dmp_motion_driver.o
    0x0800bf8e   0x0800bf8e   0x00000002   PAD
    0x0800bf90   0x0800bf90   0x00000004   Data   RO          964    .rodata.flatten_config  main.o
    0x0800bf94   0x0800bf94   0x0000000c   Data   RO         1119    .rodata.hw          inv_mpu.o
    0x0800bfa0   0x0800bfa0   0x00000008   Data   RO          936    .rodata.input_1_config  main.o
    0x0800bfa8   0x0800bfa8   0x0000000c   Data   RO         1314    .rodata.model_indices  module0.o
    0x0800bfb4   0x0800bfb4   0x00000008   Data   RO          984    .rodata.output0_config  main.o
    0x0800bfbc   0x0800bfbc   0x0000001e   Data   RO         1118    .rodata.reg         inv_mpu.o
    0x0800bfda   0x0800bfda   0x00000002   PAD
    0x0800bfdc   0x0800bfdc   0x00000004   Data   RO          978    .rodata.softmax_config  main.o
    0x0800bfe0   0x0800bfe0   0x00000524   Data   RO          275    .rodata.str1.1      nnom.o
    0x0800c504   0x0800c504   0x00000022   Data   RO          331    .rodata.str1.1      nnom_tensor.o
    0x0800c526   0x0800c526   0x00000057   Data   RO          827    .rodata.str1.1      cyberrypotter.o
    0x0800c57d   0x0800c57d   0x000000ed   Data   RO          935    .rodata.str1.1      main.o
    0x0800c66a   0x0800c66a   0x00000160   Data   RO         1007    .rodata.str1.1      mpu6050.o
    0x0800c7ca   0x0800c7ca   0x0000000b   Data   RO         1235    .rodata.str1.1      usart.o
    0x0800c7d5   0x0800c7d5   0x0000000d   Data   RO         1255    .rodata.str1.1      button.o
    0x0800c7e2   0x0800c7e2   0x0000001f   Data   RO         1312    .rodata.str1.1      module0.o
    0x0800c801   0x0800c801   0x00000003   PAD
    0x0800c804   0x0800c804   0x00000018   Data   RO          959    .rodata.tensor_conv2d_1_bias_0  main.o
    0x0800c81c   0x0800c81c   0x0000000f   Data   RO          955    .rodata.tensor_conv2d_1_bias_0_data  main.o
    0x0800c82b   0x0800c82b   0x00000001   PAD
    0x0800c82c   0x0800c82c   0x00000004   Data   RO          957    .rodata.tensor_conv2d_1_bias_0_dec  main.o
    0x0800c830   0x0800c830   0x00000002   Data   RO          956    .rodata.tensor_conv2d_1_bias_0_dim  main.o
    0x0800c832   0x0800c832   0x00000002   PAD
    0x0800c834   0x0800c834   0x00000004   Data   RO          958    .rodata.tensor_conv2d_1_bias_0_offset  main.o
    0x0800c838   0x0800c838   0x00000018   Data   RO          954    .rodata.tensor_conv2d_1_kernel_0  main.o
    0x0800c850   0x0800c850   0x00000fd2   Data   RO          950    .rodata.tensor_conv2d_1_kernel_0_data  main.o
    0x0800d822   0x0800d822   0x00000002   PAD
    0x0800d824   0x0800d824   0x00000004   Data   RO          952    .rodata.tensor_conv2d_1_kernel_0_dec  main.o
    0x0800d828   0x0800d828   0x00000008   Data   RO          951    .rodata.tensor_conv2d_1_kernel_0_dim  main.o
    0x0800d830   0x0800d830   0x00000004   Data   RO          953    .rodata.tensor_conv2d_1_kernel_0_offset  main.o
    0x0800d834   0x0800d834   0x00000018   Data   RO          946    .rodata.tensor_conv2d_bias_0  main.o
    0x0800d84c   0x0800d84c   0x0000001e   Data   RO          942    .rodata.tensor_conv2d_bias_0_data  main.o
    0x0800d86a   0x0800d86a   0x00000002   PAD
    0x0800d86c   0x0800d86c   0x00000004   Data   RO          944    .rodata.tensor_conv2d_bias_0_dec  main.o
    0x0800d870   0x0800d870   0x00000002   Data   RO          943    .rodata.tensor_conv2d_bias_0_dim  main.o
    0x0800d872   0x0800d872   0x00000002   PAD
    0x0800d874   0x0800d874   0x00000004   Data   RO          945    .rodata.tensor_conv2d_bias_0_offset  main.o
    0x0800d878   0x0800d878   0x00000018   Data   RO          941    .rodata.tensor_conv2d_kernel_0  main.o
    0x0800d890   0x0800d890   0x0000010e   Data   RO          937    .rodata.tensor_conv2d_kernel_0_data  main.o
    0x0800d99e   0x0800d99e   0x00000002   PAD
    0x0800d9a0   0x0800d9a0   0x00000004   Data   RO          939    .rodata.tensor_conv2d_kernel_0_dec  main.o
    0x0800d9a4   0x0800d9a4   0x00000008   Data   RO          938    .rodata.tensor_conv2d_kernel_0_dim  main.o
    0x0800d9ac   0x0800d9ac   0x00000004   Data   RO          940    .rodata.tensor_conv2d_kernel_0_offset  main.o
    0x0800d9b0   0x0800d9b0   0x00000018   Data   RO          974    .rodata.tensor_dense_bias_0  main.o
    0x0800d9c8   0x0800d9c8   0x0000000d   Data   RO          970    .rodata.tensor_dense_bias_0_data  main.o
    0x0800d9d5   0x0800d9d5   0x00000003   PAD
    0x0800d9d8   0x0800d9d8   0x00000004   Data   RO          972    .rodata.tensor_dense_bias_0_dec  main.o
    0x0800d9dc   0x0800d9dc   0x00000002   Data   RO          971    .rodata.tensor_dense_bias_0_dim  main.o
    0x0800d9de   0x0800d9de   0x00000002   PAD
    0x0800d9e0   0x0800d9e0   0x00000004   Data   RO          973    .rodata.tensor_dense_bias_0_offset  main.o
    0x0800d9e4   0x0800d9e4   0x00000018   Data   RO          969    .rodata.tensor_dense_kernel_0  main.o
    0x0800d9fc   0x0800d9fc   0x00000b6d   Data   RO          965    .rodata.tensor_dense_kernel_0_data  main.o
    0x0800e569   0x0800e569   0x00000003   PAD
    0x0800e56c   0x0800e56c   0x00000004   Data   RO          967    .rodata.tensor_dense_kernel_0_dec  main.o
    0x0800e570   0x0800e570   0x00000004   Data   RO          966    .rodata.tensor_dense_kernel_0_dim  main.o
    0x0800e574   0x0800e574   0x00000004   Data   RO          968    .rodata.tensor_dense_kernel_0_offset  main.o
    0x0800e578   0x0800e578   0x00000018   Data   RO          934    .rodata.tensor_input_1  main.o
    0x0800e590   0x0800e590   0x00000004   Data   RO          931    .rodata.tensor_input_1_dec  main.o
    0x0800e594   0x0800e594   0x00000006   Data   RO          930    .rodata.tensor_input_1_dim  main.o
    0x0800e59a   0x0800e59a   0x00000002   PAD
    0x0800e59c   0x0800e59c   0x00000004   Data   RO          932    .rodata.tensor_input_1_offset  main.o
    0x0800e5a0   0x0800e5a0   0x00000018   Data   RO          983    .rodata.tensor_output0  main.o
    0x0800e5b8   0x0800e5b8   0x00000004   Data   RO          980    .rodata.tensor_output0_dec  main.o
    0x0800e5bc   0x0800e5bc   0x00000002   Data   RO          979    .rodata.tensor_output0_dim  main.o
    0x0800e5be   0x0800e5be   0x00000002   PAD
    0x0800e5c0   0x0800e5c0   0x00000004   Data   RO          981    .rodata.tensor_output0_offset  main.o
    0x0800e5c4   0x0800e5c4   0x00000028   Data   RO         1120    .rodata.test        inv_mpu.o
    0x0800e5ec   0x0800e5ec   0x00000020   Data   RO         2778    Region$$Table       anon$$obj.o


    Execution Region RW_IRAM1 (Exec base: 0x20000000, Load base: 0x0800e610, Size: 0x00003dd8, Max: 0x00005000, ABSOLUTE)

    Exec Addr    Load Addr    Size         Type   Attr      Idx    E Section Name        Object

    0x20000000   0x0800e610   0x00000004   Data   RW         2731    .data               mc_w.l(stdout.o)
    0x20000004   0x0800e614   0x00000004   Data   RW         2750    .data               mc_w.l(errno.o)
    0x20000008   0x0800e618   0x00000009   Data   RW         1008    .data.gyro_orientation  mpu6050.o
    0x20000011   0x0800e621   0x00000003   PAD
    0x20000014   0x0800e624   0x00000030   Data   RW         1313    .data.model_names   module0.o
    0x20000044   0x0800e654   0x00000001   Data   RW          985    .data.model_output  main.o
    0x20000045   0x0800e655   0x00000003   PAD
    0x20000048   0x0800e658   0x0000002c   Data   RW         1121    .data.st            inv_mpu.o
    0x20000074   0x0800e684   0x00000004   PAD
    0x20000078        -       0x00000008   Zero   RW         1251    .bss.Button         button.o
    0x20000080        -       0x00000008   Zero   RW          828    .bss.Cyberry_Potter  cyberrypotter.o
    0x20000088        -       0x00000001   Zero   RW          829    .bss.EXTI9_5_IRQHandler.i  cyberrypotter.o
    0x20000089   0x0800e684   0x00000003   PAD
    0x2000008c        -       0x00000e1c   Zero   RW          914    .bss.IMU            imu.o
    0x20000ea8        -       0x0000000c   Zero   RW          913    .bss.IMU_bias       imu.o
    0x20000eb4        -       0x00000008   Zero   RW         1267    .bss.LED            led.o
    0x20000ebc        -       0x0000000c   Zero   RW          826    .bss.Module         cyberrypotter.o
    0x20000ec8        -       0x00000080   Zero   RW         1315    .bss.buf            module0.o
    0x20000f48        -       0x00000002   Zero   RW         1316    .bss.bufLen         module0.o
    0x20000f4a   0x0800e684   0x00000002   PAD
    0x20000f4c        -       0x00000010   Zero   RW         1191    .bss.dmp            inv_mpu_dmp_motion_driver.o
    0x20000f5c        -       0x00000004   Zero   RW          987    .bss.model          main.o
    0x20000f60        -       0x000001c2   Zero   RW          933    .bss.nnom_input_data  main.o
    0x20001122   0x0800e684   0x00000002   PAD
    0x20001124        -       0x00000004   Zero   RW          271    .bss.nnom_memory_taken  nnom.o
    0x20001128        -       0x00000088   Zero   RW          988    .bss.nnom_model_create.model  main.o
    0x200011b0        -       0x0000000d   Zero   RW          982    .bss.nnom_output_data  main.o
    0x200011bd   0x0800e684   0x00000003   PAD
    0x200011c0        -       0x00000004   Zero   RW          272    .bss.nnom_static_buf  nnom.o
    0x200011c4        -       0x00000004   Zero   RW          274    .bss.nnom_static_buf_curr  nnom.o
    0x200011c8        -       0x00000004   Zero   RW          273    .bss.nnom_static_buf_size  nnom.o
    0x200011cc        -       0x00000001   Zero   RW         1252    .bss.previous_status  button.o
    0x200011cd        -       0x00002800   Zero   RW          986    .bss.static_buf     main.o
    0x200039cd   0x0800e684   0x00000001   PAD
    0x200039ce        -       0x00000002   Zero   RW         1253    .bss.time_hold_count_ms  button.o
    0x200039d0        -       0x00000002   Zero   RW         1254    .bss.time_release_count_ms  button.o
    0x200039d2   0x0800e684   0x00000006   PAD
    0x200039d8        -       0x00000400   Zero   RW         2579    STACK               startup_stm32f10x_md.o


==============================================================================

Image component sizes


      Code (inc. data)   RO Data    RW Data    ZI Data      Debug   Object Name

       614          0         13          0         13       5534   button.o
       968         24         87          0         21       2894   cyberrypotter.o
       116          0          0          0          0       1098   delay.o
       744          0          0          0          0       5310   iic.o
       544          0          0          0       3624       2121   imu.o
      7720         40         82         44          0      19896   inv_mpu.o
      3248         16       3062          0         16       8667   inv_mpu_dmp_motion_driver.o
       354          6          0          0          8       2205   led.o
      1352         14       7998          1      10843       9797   main.o
       194          0          0          0          0       3348   misc.o
       316          0         43         48        130       2390   module0.o
       106          0          0          0          0       1733   module1.o
         6          0          0          0          0        524   module10.o
       106          0          0          0          0       1733   module2.o
       106          0          0          0          0       1733   module3.o
         6          0          0          0          0        519   module4.o
         6          0          0          0          0        519   module5.o
         6          0          0          0          0        519   module6.o
         6          0          0          0          0        519   module7.o
         6          0          0          0          0        519   module8.o
         6          0          0          0          0        519   module9.o
       836          0        352          9          0       5865   mpu6050.o
       232          0          0          0          0       2473   new_study_ir.o
      4458          0       1808          0         16      16711   nnom.o
       210          0          0          0          0       9119   nnom_activation.o
       722          0          0          0          0       5097   nnom_avgpool.o
       104          0          0          0          0       4388   nnom_baselayer.o
      1430          0          0          0          0       7232   nnom_conv2d.o
       692          0          0          0          0       6057   nnom_dense.o
       264          0          0          0          0       4245   nnom_flatten.o
       468          0          0          0          0       4906   nnom_input.o
       114          0          0          0          0       4833   nnom_layers.o
      3532          0          0          0          0      27939   nnom_local.o
      1532          0          0          0          0      27416   nnom_local_q15.o
       746          0          0          0          0       5484   nnom_maxpool.o
       124          0          0          0          0       4176   nnom_output.o
       274          0          0          0          0       4201   nnom_softmax.o
       632          0         34          0          0       4642   nnom_tensor.o
       322          0          0          0          0       1215   protocol.o
        36          8        236          0       1024        852   startup_stm32f10x_md.o
       322          0          0          0          0       2878   stm32f10x_exti.o
       586          0          0          0          0       5719   stm32f10x_gpio.o
       474          0         20          0          0       7050   stm32f10x_rcc.o
       536          0          0          0          0      20425   stm32f10x_tim.o
       614          0          0          0          0       7523   stm32f10x_usart.o
       400          0          0          0          0       2990   system_stm32f10x.o
       236          0         11          0          0       4321   usart.o

    ----------------------------------------------------------------------
     36716        108      13808        108      15716     269854   Object Totals
         0          0         32          0          0          0   (incl. Generated)
       290          0         30          6         21          0   (incl. Padding)

    ----------------------------------------------------------------------

      Code (inc. data)   RO Data    RW Data    ZI Data      Debug   Library Member Name

        62         10          0          0          0        340   dunder.o
        40          0          0          0          0         68   fpclassify.o
       170          0          0          0          0         96   poly.o
      2540        188        136          0          0        332   pow.o
         0          0          8          0          0          0   qnan.o
       148         12          0          0          0         88   round.o
        76          0          0          0          0         84   sqrt.o
         0          0          0          0          0          0   entry.o
         0          0          0          0          0          0   entry10a.o
         0          0          0          0          0          0   entry11a.o
         8          4          0          0          0          0   entry2.o
         4          0          0          0          0          0   entry5.o
         0          0          0          0          0          0   entry7b.o
         0          0          0          0          0          0   entry8b.o
         8          4          0          0          0          0   entry9a.o
        12          6          0          4          0         68   errno.o
        30          0          0          0          0          0   handlers.o
        48         10          0          0          0         68   init.o
         0          0          0          0          0          0   iusefp.o
        98          0          0          0          0         84   ldiv.o
        30          0          0          0          0         68   llshl.o
        36          0          0          0          0         68   llsshr.o
        32          0          0          0          0         68   llushr.o
        26          0          0          0          0         80   memcmp.o
        36          0          0          0          0         68   memcpya.o
        36          0          0          0          0        108   memseta.o
      2258         90          0          0          0        452   printfa.o
         0          0          0          4          0          0   stdout.o
        44          0          0          0          0         80   uidiv.o
        98          0          0          0          0         92   uldiv.o
        48          0          0          0          0         68   cdcmple.o
        48          0          0          0          0         68   cdrcmple.o
        56          0          0          0          0         88   d2f.o
       334          0          0          0          0        148   dadd.o
        54          0          0          0          0         80   dcmple.o
       222          0          0          0          0        100   ddiv.o
       186          0          0          0          0        176   depilogue.o
        62          0          0          0          0         80   dfixi.o
        48          0          0          0          0         68   dfixul.o
        34          0          0          0          0         76   dflti.o
       228          0          0          0          0         96   dmul.o
       136          4          0          0          0         92   drnd.o
        46          0          0          0          0         80   dscalb.o
       162          0          0          0          0        100   dsqrt.o
        38          0          0          0          0         68   f2d.o
       176          0          0          0          0        140   fadd.o
        28          0          0          0          0         68   fcmpeq.o
        28          0          0          0          0         68   fcmple.o
        28          0          0          0          0         68   fcmplt.o
       124          0          0          0          0         88   fdiv.o
       110          0          0          0          0        168   fepilogue.o
        50          0          0          0          0         68   ffixi.o
        18          0          0          0          0         68   fflti.o
        10          0          0          0          0         68   ffltui.o
       100          0          0          0          0         76   fmul.o

    ----------------------------------------------------------------------
      8224        328        144          8          0       4580   Library Totals
        10          0          0          0          0          0   (incl. Padding)

    ----------------------------------------------------------------------

      Code (inc. data)   RO Data    RW Data    ZI Data      Debug   Library Name

      3036        210        144          0          0       1008   m_ws.l
      2804        114          0          8          0       1304   mc_w.l
      2374          4          0          0          0       2268   mf_w.l

    ----------------------------------------------------------------------
      8224        328        144          8          0       4580   Library Totals

    ----------------------------------------------------------------------

==============================================================================


      Code (inc. data)   RO Data    RW Data    ZI Data      Debug   

     44940        436      13952        116      15716     271190   Grand Totals
     44940        436      13952        116      15716     271190   ELF Image Totals
     44940        436      13952        116          0          0   ROM Totals

==============================================================================

    Total RO  Size (Code + RO Data)                58892 (  57.51kB)
    Total RW  Size (RW Data + ZI Data)             15832 (  15.46kB)
    Total ROM Size (Code + RO Data + RW Data)      59008 (  57.62kB)

==============================================================================

