<html>
<body>
<pre>
<h1>礦ision Build Log</h1>
<h2>Tool Versions:</h2>
IDE-Version: μVision V5.40.0.0
Copyright (C) 2024 ARM Ltd and ARM Germany GmbH. All rights reserved.
License Information: 1 yewanhao, 1, LIC=HN0AE-5GWCE-SBQEJ-USY31-E4BUY-87SVQ
 
Tool Versions:
Toolchain:       MDK-ARM Plus  Version: 5.40.0.3
Toolchain Path:  D:\Keilanzhuangchu\MDK_KEIL\ARM\ARMCLANG\Bin
C Compiler:      ArmClang.exe V6.22
Assembler:       Armasm.exe V6.22
Linker/Locator:  ArmLink.exe V6.22
Library Manager: ArmAr.exe V6.22
Hex Converter:   FromElf.exe V6.22
CPU DLL:         SARMCM3.DLL V5.40.0.3
Dialog DLL:      DCM.DLL V1.17.5.0
Target DLL:      UL2CM3.DLL V1.164.11.0
Dialog DLL:      TCM.DLL V1.56.4.0
 
<h2>Project:</h2>
D:\桌面所有文件\移植测试\TEST_NNOM\Magic_Wand.uvprojx
Project File Date:  09/16/2024

<h2>Output:</h2>
*** Using Compiler 'V6.22', folder: 'D:\Keilanzhuangchu\MDK_KEIL\ARM\ARMCLANG\Bin'
Build target 'Target 1'
compiling main.c...
linking...
Program Size: Code=25900 RO-data=10336 RW-data=12 ZI-data=2500  
".\Objects\Magic_Wand.axf" - 0 Error(s), 0 Warning(s).

<h2>Software Packages used:</h2>

Package Vendor: ARM
                https://www.keil.com/pack/ARM.CMSIS.6.1.0.pack
                ARM::CMSIS@6.1.0
                CMSIS (Common Microcontroller Software Interface Standard)
   * Component: CORE Version: 6.1.0

Package Vendor: ARM
                https://www.keil.com/pack/ARM.CMSIS-Compiler.2.1.0.pack
                ARM::CMSIS-Compiler@2.1.0
                CMSIS Compiler extensions for Arm Compiler, GCC, Clang, and IAR Compiler
   * Component: CORE Version: 1.1.0

Package Vendor: Keil
                https://www.keil.com/pack/Keil.STM32F1xx_DFP.2.4.1.pack
                Keil::STM32F1xx_DFP@2.4.1
                STMicroelectronics STM32F1 Series Device Support, Drivers and Examples
   * Component: Startup Version: 1.0.0
   * Component: ADC Version: 3.6.0
   * Component: BKP Version: 3.6.0
   * Component: CAN Version: 3.6.0
   * Component: CEC Version: 3.6.0
   * Component: CRC Version: 3.6.0
   * Component: DAC Version: 3.6.0
   * Component: DBGMCU Version: 3.6.0
   * Component: DMA Version: 3.6.0
   * Component: EXTI Version: 3.6.0
   * Component: FSMC Version: 3.6.0
   * Component: Flash Version: 3.6.0
   * Component: Framework Version: 3.6.0
   * Component: GPIO Version: 3.6.0
   * Component: I2C Version: 3.6.0
   * Component: IWDG Version: 3.6.0
   * Component: PWR Version: 3.6.0
   * Component: RCC Version: 3.6.0
   * Component: RTC Version: 3.6.0
   * Component: SDIO Version: 3.6.0
   * Component: SPI Version: 3.6.0
   * Component: TIM Version: 3.6.0
   * Component: USART Version: 3.6.0
   * Component: WWDG Version: 3.6.0

<h2>Collection of Component include folders:</h2>
  ./RTE/Device/STM32F103C8
  ./RTE/_Target_1
  D:/Keilanzhuangchu/MDK_KEIL/Packs/ARM/CMSIS/6.1.0/CMSIS/Core/Include
  D:/Keilanzhuangchu/MDK_KEIL/Packs/Keil/STM32F1xx_DFP/2.4.1/Device/Include
  D:/Keilanzhuangchu/MDK_KEIL/Packs/Keil/STM32F1xx_DFP/2.4.1/Device/StdPeriph_Driver/inc

<h2>Collection of Component Files used:</h2>

   * Component: ARM::CMSIS-Compiler:CORE@1.1.0
      Source file:   source/armcc/retarget_io.c

   * Component: ARM::CMSIS:CORE@6.1.0

   * Component: Keil::Device:Startup@1.0.0
      Include file:  RTE_Driver/Config/RTE_Device.h
      Source file:   Device/Source/system_stm32f10x.c
      Source file:   Device/Source/ARM/STM32F1xx_OPT.s
      Source file:   Device/Source/ARM/startup_stm32f10x_md.s

   * Component: Keil::Device:StdPeriph Drivers:ADC@3.6.0
      Include file:  Device/StdPeriph_Driver/inc/stm32f10x_adc.h
      Source file:   Device/StdPeriph_Driver/src/stm32f10x_adc.c

   * Component: Keil::Device:StdPeriph Drivers:BKP@3.6.0
      Include file:  Device/StdPeriph_Driver/inc/stm32f10x_bkp.h
      Source file:   Device/StdPeriph_Driver/src/stm32f10x_bkp.c

   * Component: Keil::Device:StdPeriph Drivers:CAN@3.6.0
      Source file:   Device/StdPeriph_Driver/src/stm32f10x_can.c
      Include file:  Device/StdPeriph_Driver/inc/stm32f10x_can.h

   * Component: Keil::Device:StdPeriph Drivers:CEC@3.6.0
      Include file:  Device/StdPeriph_Driver/inc/stm32f10x_cec.h
      Source file:   Device/StdPeriph_Driver/src/stm32f10x_cec.c

   * Component: Keil::Device:StdPeriph Drivers:CRC@3.6.0
      Include file:  Device/StdPeriph_Driver/inc/stm32f10x_crc.h
      Source file:   Device/StdPeriph_Driver/src/stm32f10x_crc.c

   * Component: Keil::Device:StdPeriph Drivers:DAC@3.6.0
      Include file:  Device/StdPeriph_Driver/inc/stm32f10x_dac.h
      Source file:   Device/StdPeriph_Driver/src/stm32f10x_dac.c

   * Component: Keil::Device:StdPeriph Drivers:DBGMCU@3.6.0
      Include file:  Device/StdPeriph_Driver/inc/stm32f10x_dbgmcu.h
      Source file:   Device/StdPeriph_Driver/src/stm32f10x_dbgmcu.c

   * Component: Keil::Device:StdPeriph Drivers:DMA@3.6.0
      Include file:  Device/StdPeriph_Driver/inc/stm32f10x_dma.h
      Source file:   Device/StdPeriph_Driver/src/stm32f10x_dma.c

   * Component: Keil::Device:StdPeriph Drivers:EXTI@3.6.0
      Source file:   Device/StdPeriph_Driver/src/stm32f10x_exti.c
      Include file:  Device/StdPeriph_Driver/inc/stm32f10x_exti.h

   * Component: Keil::Device:StdPeriph Drivers:FSMC@3.6.0
      Source file:   Device/StdPeriph_Driver/src/stm32f10x_fsmc.c
      Include file:  Device/StdPeriph_Driver/inc/stm32f10x_fsmc.h

   * Component: Keil::Device:StdPeriph Drivers:Flash@3.6.0
      Source file:   Device/StdPeriph_Driver/src/stm32f10x_flash.c
      Include file:  Device/StdPeriph_Driver/inc/stm32f10x_flash.h

   * Component: Keil::Device:StdPeriph Drivers:Framework@3.6.0
      Include file:  Device/StdPeriph_Driver/templates/stm32f10x_it.h
      Include file:  Device/StdPeriph_Driver/inc/misc.h
      Source file:   Device/StdPeriph_Driver/templates/stm32f10x_it.c
      Source file:   Device/StdPeriph_Driver/templates/stm32f10x_conf.h
      Source file:   Device/StdPeriph_Driver/src/misc.c

   * Component: Keil::Device:StdPeriph Drivers:GPIO@3.6.0
      Source file:   Device/StdPeriph_Driver/src/stm32f10x_gpio.c
      Include file:  Device/StdPeriph_Driver/inc/stm32f10x_gpio.h

   * Component: Keil::Device:StdPeriph Drivers:I2C@3.6.0
      Include file:  Device/StdPeriph_Driver/inc/stm32f10x_i2c.h
      Source file:   Device/StdPeriph_Driver/src/stm32f10x_i2c.c

   * Component: Keil::Device:StdPeriph Drivers:IWDG@3.6.0
      Source file:   Device/StdPeriph_Driver/src/stm32f10x_iwdg.c
      Include file:  Device/StdPeriph_Driver/inc/stm32f10x_iwdg.h

   * Component: Keil::Device:StdPeriph Drivers:PWR@3.6.0
      Include file:  Device/StdPeriph_Driver/inc/stm32f10x_pwr.h
      Source file:   Device/StdPeriph_Driver/src/stm32f10x_pwr.c

   * Component: Keil::Device:StdPeriph Drivers:RCC@3.6.0
      Source file:   Device/StdPeriph_Driver/src/stm32f10x_rcc.c
      Include file:  Device/StdPeriph_Driver/inc/stm32f10x_rcc.h

   * Component: Keil::Device:StdPeriph Drivers:RTC@3.6.0
      Source file:   Device/StdPeriph_Driver/src/stm32f10x_rtc.c
      Include file:  Device/StdPeriph_Driver/inc/stm32f10x_rtc.h

   * Component: Keil::Device:StdPeriph Drivers:SDIO@3.6.0
      Include file:  Device/StdPeriph_Driver/inc/stm32f10x_sdio.h
      Source file:   Device/StdPeriph_Driver/src/stm32f10x_sdio.c

   * Component: Keil::Device:StdPeriph Drivers:SPI@3.6.0
      Include file:  Device/StdPeriph_Driver/inc/stm32f10x_spi.h
      Source file:   Device/StdPeriph_Driver/src/stm32f10x_spi.c

   * Component: Keil::Device:StdPeriph Drivers:TIM@3.6.0
      Include file:  Device/StdPeriph_Driver/inc/stm32f10x_tim.h
      Source file:   Device/StdPeriph_Driver/src/stm32f10x_tim.c

   * Component: Keil::Device:StdPeriph Drivers:USART@3.6.0
      Include file:  Device/StdPeriph_Driver/inc/stm32f10x_usart.h
      Source file:   Device/StdPeriph_Driver/src/stm32f10x_usart.c

   * Component: Keil::Device:StdPeriph Drivers:WWDG@3.6.0
      Include file:  Device/StdPeriph_Driver/inc/stm32f10x_wwdg.h
      Source file:   Device/StdPeriph_Driver/src/stm32f10x_wwdg.c
Build Time Elapsed:  00:00:02
</pre>
</body>
</html>
