Component: Arm Compiler for Embedded 6.22 Tool: armlink [5ee90200]

==============================================================================

Section Cross References

    nnom_local.o(.ARM.exidx.text.local_avepool_q7_HWC) refers to nnom_local.o(.text.local_avepool_q7_HWC) for [Anonymous Symbol]
    nnom_local.o(.ARM.exidx.text.local_avepool_q7_CHW) refers to nnom_local.o(.text.local_avepool_q7_CHW) for [Anonymous Symbol]
    nnom_local.o(.ARM.exidx.text.local_maxpool_q7_HWC) refers to nnom_local.o(.text.local_maxpool_q7_HWC) for [Anonymous Symbol]
    nnom_local.o(.ARM.exidx.text.local_maxpool_q7_CHW) refers to nnom_local.o(.text.local_maxpool_q7_CHW) for [Anonymous Symbol]
    nnom_local.o(.ARM.exidx.text.local_sumpool_q7_HWC) refers to nnom_local.o(.text.local_sumpool_q7_HWC) for [Anonymous Symbol]
    nnom_local.o(.ARM.exidx.text.local_sumpool_q7_CHW) refers to nnom_local.o(.text.local_sumpool_q7_CHW) for [Anonymous Symbol]
    nnom_local.o(.text.local_up_sampling_q7_HWC) refers to rt_memcpy_v6.o(.text) for __aeabi_memcpy
    nnom_local.o(.ARM.exidx.text.local_up_sampling_q7_HWC) refers to nnom_local.o(.text.local_up_sampling_q7_HWC) for [Anonymous Symbol]
    nnom_local.o(.text.local_up_sampling_q7_CHW) refers to rt_memcpy_v6.o(.text) for __aeabi_memcpy
    nnom_local.o(.ARM.exidx.text.local_up_sampling_q7_CHW) refers to nnom_local.o(.text.local_up_sampling_q7_CHW) for [Anonymous Symbol]
    nnom_local.o(.text.local_convolve_HWC_q7_nonsquare) refers to nnom_local.o(.text.__NNOM_SSAT) for __NNOM_SSAT
    nnom_local.o(.ARM.exidx.text.local_convolve_HWC_q7_nonsquare) refers to nnom_local.o(.text.local_convolve_HWC_q7_nonsquare) for [Anonymous Symbol]
    nnom_local.o(.ARM.exidx.text.__NNOM_SSAT) refers to nnom_local.o(.text.__NNOM_SSAT) for [Anonymous Symbol]
    nnom_local.o(.text.local_convolve_CHW_q7_nonsquare) refers to nnom_local.o(.text.__NNOM_SSAT) for __NNOM_SSAT
    nnom_local.o(.ARM.exidx.text.local_convolve_CHW_q7_nonsquare) refers to nnom_local.o(.text.local_convolve_CHW_q7_nonsquare) for [Anonymous Symbol]
    nnom_local.o(.text.local_conv_trans_HWC_q7_nonsquare) refers to nnom_local.o(.text.alg_deconv2d_calculate_position) for alg_deconv2d_calculate_position
    nnom_local.o(.text.local_conv_trans_HWC_q7_nonsquare) refers to nnom_local.o(.text.__NNOM_SSAT) for __NNOM_SSAT
    nnom_local.o(.ARM.exidx.text.local_conv_trans_HWC_q7_nonsquare) refers to nnom_local.o(.text.local_conv_trans_HWC_q7_nonsquare) for [Anonymous Symbol]
    nnom_local.o(.ARM.exidx.text.alg_deconv2d_calculate_position) refers to nnom_local.o(.text.alg_deconv2d_calculate_position) for [Anonymous Symbol]
    nnom_local.o(.text.local_depthwise_separable_conv_HWC_q7_nonsquare) refers to nnom_local.o(.text.__NNOM_SSAT) for __NNOM_SSAT
    nnom_local.o(.ARM.exidx.text.local_depthwise_separable_conv_HWC_q7_nonsquare) refers to nnom_local.o(.text.local_depthwise_separable_conv_HWC_q7_nonsquare) for [Anonymous Symbol]
    nnom_local.o(.text.local_depthwise_separable_conv_CHW_q7_nonsquare) refers to nnom_local.o(.text.__NNOM_SSAT) for __NNOM_SSAT
    nnom_local.o(.ARM.exidx.text.local_depthwise_separable_conv_CHW_q7_nonsquare) refers to nnom_local.o(.text.local_depthwise_separable_conv_CHW_q7_nonsquare) for [Anonymous Symbol]
    nnom_local.o(.text.local_zero_padding_HWC_q7) refers to rt_memclr.o(.text) for __aeabi_memclr
    nnom_local.o(.text.local_zero_padding_HWC_q7) refers to rt_memcpy_v6.o(.text) for __aeabi_memcpy
    nnom_local.o(.ARM.exidx.text.local_zero_padding_HWC_q7) refers to nnom_local.o(.text.local_zero_padding_HWC_q7) for [Anonymous Symbol]
    nnom_local.o(.text.local_zero_padding_CHW_q7) refers to rt_memclr.o(.text) for __aeabi_memclr
    nnom_local.o(.text.local_zero_padding_CHW_q7) refers to rt_memcpy_v6.o(.text) for __aeabi_memcpy
    nnom_local.o(.ARM.exidx.text.local_zero_padding_CHW_q7) refers to nnom_local.o(.text.local_zero_padding_CHW_q7) for [Anonymous Symbol]
    nnom_local.o(.text.local_cropping_HWC_q7) refers to rt_memcpy_v6.o(.text) for __aeabi_memcpy
    nnom_local.o(.ARM.exidx.text.local_cropping_HWC_q7) refers to nnom_local.o(.text.local_cropping_HWC_q7) for [Anonymous Symbol]
    nnom_local.o(.text.local_cropping_CHW_q7) refers to rt_memcpy_v6.o(.text) for __aeabi_memcpy
    nnom_local.o(.ARM.exidx.text.local_cropping_CHW_q7) refers to nnom_local.o(.text.local_cropping_CHW_q7) for [Anonymous Symbol]
    nnom_local.o(.text.local_dot_q7_opt) refers to nnom_local.o(.text.__NNOM_SSAT) for __NNOM_SSAT
    nnom_local.o(.ARM.exidx.text.local_dot_q7_opt) refers to nnom_local.o(.text.local_dot_q7_opt) for [Anonymous Symbol]
    nnom_local.o(.text.local_dot_q7) refers to nnom_local.o(.text.__NNOM_SSAT) for __NNOM_SSAT
    nnom_local.o(.ARM.exidx.text.local_dot_q7) refers to nnom_local.o(.text.local_dot_q7) for [Anonymous Symbol]
    nnom_local.o(.text.local_fully_connected_q7_opt) refers to nnom_local.o(.text.__NNOM_SSAT) for __NNOM_SSAT
[...]
    __rt_lib_init_fp_1                       0x0800021f   Thumb Code     0  libinit2.o(.ARM.Collect$$libinit$$00000002)
    __rt_lib_init_heap_2                     0x0800021f   Thumb Code     0  libinit2.o(.ARM.Collect$$libinit$$00000007)
    __rt_lib_init_preinit_1                  0x0800021f   Thumb Code     0  libinit2.o(.ARM.Collect$$libinit$$00000006)
    __rt_lib_init_relocate_pie_1             0x0800021f   Thumb Code     0  libinit2.o(.ARM.Collect$$libinit$$00000004)
    __rt_lib_init_heap_1                     0x08000227   Thumb Code     0  libinit2.o(.ARM.Collect$$libinit$$0000000C)
    __rt_lib_init_lc_common                  0x08000227   Thumb Code     0  libinit2.o(.ARM.Collect$$libinit$$00000011)
    __rt_lib_init_rand_1                     0x08000227   Thumb Code     0  libinit2.o(.ARM.Collect$$libinit$$00000010)
    __rt_lib_init_user_alloc_1               0x08000227   Thumb Code     0  libinit2.o(.ARM.Collect$$libinit$$0000000E)
    __rt_lib_init_lc_collate_1               0x0800022d   Thumb Code     0  libinit2.o(.ARM.Collect$$libinit$$00000013)
    __rt_lib_init_lc_ctype_2                 0x0800022d   Thumb Code     0  libinit2.o(.ARM.Collect$$libinit$$00000014)
    __rt_lib_init_lc_ctype_1                 0x08000239   Thumb Code     0  libinit2.o(.ARM.Collect$$libinit$$00000015)
    __rt_lib_init_lc_monetary_1              0x08000239   Thumb Code     0  libinit2.o(.ARM.Collect$$libinit$$00000017)
    __rt_lib_init_lc_numeric_2               0x08000239   Thumb Code     0  libinit2.o(.ARM.Collect$$libinit$$00000018)
    __rt_lib_init_atexit_1                   0x08000243   Thumb Code     0  libinit2.o(.ARM.Collect$$libinit$$0000001D)
    __rt_lib_init_clock_1                    0x08000243   Thumb Code     0  libinit2.o(.ARM.Collect$$libinit$$00000023)
    __rt_lib_init_fp_trap_1                  0x08000243   Thumb Code     0  libinit2.o(.ARM.Collect$$libinit$$00000021)
    __rt_lib_init_getenv_1                   0x08000243   Thumb Code     0  libinit2.o(.ARM.Collect$$libinit$$00000025)
    __rt_lib_init_lc_numeric_1               0x08000243   Thumb Code     0  libinit2.o(.ARM.Collect$$libinit$$00000019)
    __rt_lib_init_lc_time_1                  0x08000243   Thumb Code     0  libinit2.o(.ARM.Collect$$libinit$$0000001B)
    __rt_lib_init_signal_1                   0x08000243   Thumb Code     0  libinit2.o(.ARM.Collect$$libinit$$0000001F)
    __rt_lib_init_stdio_2                    0x08000243   Thumb Code     0  libinit2.o(.ARM.Collect$$libinit$$00000026)
    __rt_lib_init_alloca_1                   0x08000247   Thumb Code     0  libinit2.o(.ARM.Collect$$libinit$$00000030)
    __rt_lib_init_argv_1                     0x08000247   Thumb Code     0  libinit2.o(.ARM.Collect$$libinit$$0000002E)
    __rt_lib_init_cpp_1                      0x08000247   Thumb Code     0  libinit2.o(.ARM.Collect$$libinit$$00000034)
    __rt_lib_init_exceptions_1               0x08000247   Thumb Code     0  libinit2.o(.ARM.Collect$$libinit$$00000032)
    __rt_lib_init_return                     0x08000247   Thumb Code     0  libinit2.o(.ARM.Collect$$libinit$$00000035)
    __rt_lib_init_stdio_1                    0x08000247   Thumb Code     0  libinit2.o(.ARM.Collect$$libinit$$00000027)
    __rt_lib_shutdown                        0x08000249   Thumb Code     0  libshutdown.o(.ARM.Collect$$libshutdown$$00000000)
    __rt_lib_shutdown_cpp_1                  0x0800024b   Thumb Code     0  libshutdown2.o(.ARM.Collect$$libshutdown$$00000002)
    __rt_lib_shutdown_stdio_2                0x0800024b   Thumb Code     0  libshutdown2.o(.ARM.Collect$$libshutdown$$00000003)
    __rt_lib_shutdown_fp_trap_1              0x0800024f   Thumb Code     0  libshutdown2.o(.ARM.Collect$$libshutdown$$00000007)
    __rt_lib_shutdown_heap_1                 0x0800024f   Thumb Code     0  libshutdown2.o(.ARM.Collect$$libshutdown$$0000000F)
    __rt_lib_shutdown_return                 0x0800024f   Thumb Code     0  libshutdown2.o(.ARM.Collect$$libshutdown$$00000010)
    __rt_lib_shutdown_signal_1               0x0800024f   Thumb Code     0  libshutdown2.o(.ARM.Collect$$libshutdown$$0000000A)
    __rt_lib_shutdown_stdio_1                0x0800024f   Thumb Code     0  libshutdown2.o(.ARM.Collect$$libshutdown$$00000004)
    __rt_lib_shutdown_user_alloc_1           0x0800024f   Thumb Code     0  libshutdown2.o(.ARM.Collect$$libshutdown$$0000000C)
    __rt_entry                               0x08000251   Thumb Code     0  __rtentry.o(.ARM.Collect$$rtentry$$00000000)
    __rt_entry_presh_1                       0x08000251   Thumb Code     0  __rtentry2.o(.ARM.Collect$$rtentry$$00000002)
    __rt_entry_sh                            0x08000251   Thumb Code     0  __rtentry4.o(.ARM.Collect$$rtentry$$00000004)
    __rt_entry_li                            0x08000257   Thumb Code     0  __rtentry2.o(.ARM.Collect$$rtentry$$0000000A)
    __rt_entry_postsh_1                      0x08000257   Thumb Code     0  __rtentry2.o(.ARM.Collect$$rtentry$$00000009)
    __rt_entry_main                          0x0800025b   Thumb Code     0  __rtentry2.o(.ARM.Collect$$rtentry$$0000000D)
    __rt_entry_postli_1                      0x0800025b   Thumb Code     0  __rtentry2.o(.ARM.Collect$$rtentry$$0000000C)
    __rt_exit                                0x08000263   Thumb Code     0  rtexit.o(.ARM.Collect$$rtexit$$00000000)
    __rt_exit_ls                             0x08000265   Thumb Code     0  rtexit2.o(.ARM.Collect$$rtexit$$00000003)
    __rt_exit_prels_1                        0x08000265   Thumb Code     0  rtexit2.o(.ARM.Collect$$rtexit$$00000002)
    __rt_exit_exit                           0x08000269   Thumb Code     0  rtexit2.o(.ARM.Collect$$rtexit$$00000004)
    Reset_Handler                            0x08000271   Thumb Code     8  startup_stm32f10x_md.o(.text)
    NMI_Handler                              0x08000279   Thumb Code     2  startup_stm32f10x_md.o(.text)
    HardFault_Handler                        0x0800027b   Thumb Code     2  startup_stm32f10x_md.o(.text)
    MemManage_Handler                        0x0800027d   Thumb Code     2  startup_stm32f10x_md.o(.text)
    BusFault_Handler                         0x0800027f   Thumb Code     2  startup_stm32f10x_md.o(.text)
    UsageFault_Handler                       0x08000281   Thumb Code     2  startup_stm32f10x_md.o(.text)
    SVC_Handler                              0x08000283   Thumb Code     2  startup_stm32f10x_md.o(.text)
    DebugMon_Handler                         0x08000285   Thumb Code     2  startup_stm32f10x_md.o(.text)
    PendSV_Handler                           0x08000287   Thumb Code     2  startup_stm32f10x_md.o(.text)
    SysTick_Handler                          0x08000289   Thumb Code     2  startup_stm32f10x_md.o(.text)
    ADC1_2_IRQHandler                        0x0800028b   Thumb Code     0  startup_stm32f10x_md.o(.text)
    CAN1_RX1_IRQHandler                      0x0800028b   Thumb Code     0  startup_stm32f10x_md.o(.text)
    CAN1_SCE_IRQHandler                      0x0800028b   Thumb Code     0  startup_stm32f10x_md.o(.text)
    DMA1_Channel1_IRQHandler                 0x0800028b   Thumb Code     0  startup_stm32f10x_md.o(.text)
    DMA1_Channel2_IRQHandler                 0x0800028b   Thumb Code     0  startup_stm32f10x_md.o(.text)
    DMA1_Channel3_IRQHandler                 0x0800028b   Thumb Code     0  startup_stm32f10x_md.o(.text)
    DMA1_Channel4_IRQHandler                 0x0800028b   Thumb Code     0  startup_stm32f10x_md.o(.text)
    DMA1_Channel5_IRQHandler                 0x0800028b   Thumb Code     0  startup_stm32f10x_md.o(.text)
    DMA1_Channel6_IRQHandler                 0x0800028b   Thumb Code     0  startup_stm32f10x_md.o(.text)
    DMA1_Channel7_IRQHandler                 0x0800028b   Thumb Code     0  startup_stm32f10x_md.o(.text)
    EXTI0_IRQHandler                         0x0800028b   Thumb Code     0  startup_stm32f10x_md.o(.text)
    EXTI15_10_IRQHandler                     0x0800028b   Thumb Code     0  startup_stm32f10x_md.o(.text)
    EXTI1_IRQHandler                         0x0800028b   Thumb Code     0  startup_stm32f10x_md.o(.text)
    EXTI2_IRQHandler                         0x0800028b   Thumb Code     0  startup_stm32f10x_md.o(.text)
    EXTI3_IRQHandler                         0x0800028b   Thumb Code     0  startup_stm32f10x_md.o(.text)
    EXTI4_IRQHandler                         0x0800028b   Thumb Code     0  startup_stm32f10x_md.o(.text)
    EXTI9_5_IRQHandler                       0x0800028b   Thumb Code     0  startup_stm32f10x_md.o(.text)
    FLASH_IRQHandler                         0x0800028b   Thumb Code     0  startup_stm32f10x_md.o(.text)
    I2C1_ER_IRQHandler                       0x0800028b   Thumb Code     0  startup_stm32f10x_md.o(.text)
    I2C1_EV_IRQHandler                       0x0800028b   Thumb Code     0  startup_stm32f10x_md.o(.text)
    I2C2_ER_IRQHandler                       0x0800028b   Thumb Code     0  startup_stm32f10x_md.o(.text)
    I2C2_EV_IRQHandler                       0x0800028b   Thumb Code     0  startup_stm32f10x_md.o(.text)
    PVD_IRQHandler                           0x0800028b   Thumb Code     0  startup_stm32f10x_md.o(.text)
    RCC_IRQHandler                           0x0800028b   Thumb Code     0  startup_stm32f10x_md.o(.text)
    RTCAlarm_IRQHandler                      0x0800028b   Thumb Code     0  startup_stm32f10x_md.o(.text)
    RTC_IRQHandler                           0x0800028b   Thumb Code     0  startup_stm32f10x_md.o(.text)
    SPI1_IRQHandler                          0x0800028b   Thumb Code     0  startup_stm32f10x_md.o(.text)
    SPI2_IRQHandler                          0x0800028b   Thumb Code     0  startup_stm32f10x_md.o(.text)
    TAMPER_IRQHandler                        0x0800028b   Thumb Code     0  startup_stm32f10x_md.o(.text)
    TIM1_BRK_IRQHandler                      0x0800028b   Thumb Code     0  startup_stm32f10x_md.o(.text)
    TIM1_CC_IRQHandler                       0x0800028b   Thumb Code     0  startup_stm32f10x_md.o(.text)
    TIM1_TRG_COM_IRQHandler                  0x0800028b   Thumb Code     0  startup_stm32f10x_md.o(.text)
    TIM1_UP_IRQHandler                       0x0800028b   Thumb Code     0  startup_stm32f10x_md.o(.text)
    TIM2_IRQHandler                          0x0800028b   Thumb Code     0  startup_stm32f10x_md.o(.text)
    TIM3_IRQHandler                          0x0800028b   Thumb Code     0  startup_stm32f10x_md.o(.text)
    TIM4_IRQHandler                          0x0800028b   Thumb Code     0  startup_stm32f10x_md.o(.text)
    USART1_IRQHandler                        0x0800028b   Thumb Code     0  startup_stm32f10x_md.o(.text)
    USART2_IRQHandler                        0x0800028b   Thumb Code     0  startup_stm32f10x_md.o(.text)
    USART3_IRQHandler                        0x0800028b   Thumb Code     0  startup_stm32f10x_md.o(.text)
    USBWakeUp_IRQHandler                     0x0800028b   Thumb Code     0  startup_stm32f10x_md.o(.text)
    USB_HP_CAN1_TX_IRQHandler                0x0800028b   Thumb Code     0  startup_stm32f10x_md.o(.text)
    USB_LP_CAN1_RX0_IRQHandler               0x0800028b   Thumb Code     0  startup_stm32f10x_md.o(.text)
    WWDG_IRQHandler                          0x0800028b   Thumb Code     0  startup_stm32f10x_md.o(.text)
    __user_initial_stackheap                 0x0800028d   Thumb Code     0  startup_stm32f10x_md.o(.text)
    malloc                                   0x080002b1   Thumb Code    94  h1_alloc.o(.text)
    free                                     0x0800030f   Thumb Code    78  h1_free.o(.text)
    printf                                   0x0800035d   Thumb Code    20  printf.o(.text)
    __aeabi_memcpy                           0x08000375   Thumb Code     0  rt_memcpy_v6.o(.text)
    __rt_memcpy                              0x08000375   Thumb Code   138  rt_memcpy_v6.o(.text)
    _memcpy_lastbytes                        0x080003db   Thumb Code     0  rt_memcpy_v6.o(.text)
    __aeabi_memcpy4                          0x080003ff   Thumb Code     0  rt_memcpy_w.o(.text)
    __aeabi_memcpy8                          0x080003ff   Thumb Code     0  rt_memcpy_w.o(.text)
    __rt_memcpy_w                            0x080003ff   Thumb Code   100  rt_memcpy_w.o(.text)
    _memcpy_lastbytes_aligned                0x08000447   Thumb Code     0  rt_memcpy_w.o(.text)
    __aeabi_memclr                           0x08000463   Thumb Code     0  rt_memclr.o(.text)
    __rt_memclr                              0x08000463   Thumb Code     0  rt_memclr.o(.text)
    _memset                                  0x08000467   Thumb Code    64  rt_memclr.o(.text)
    __aeabi_memclr4                          0x080004a7   Thumb Code     0  rt_memclr_w.o(.text)
    __aeabi_memclr8                          0x080004a7   Thumb Code     0  rt_memclr_w.o(.text)
    __rt_memclr_w                            0x080004a7   Thumb Code     0  rt_memclr_w.o(.text)
    _memset_w                                0x080004ab   Thumb Code    74  rt_memclr_w.o(.text)
    __use_two_region_memory                  0x080004f5   Thumb Code     2  heapauxi.o(.text)
    __rt_heap_escrow                         0x080004f7   Thumb Code     2  heapauxi.o(.text)
    __rt_heap_expand                         0x080004f9   Thumb Code     2  heapauxi.o(.text)
    __rt_heap_descriptor                     0x080004fd   Thumb Code     8  rt_heap_descriptor_intlibspace.o(.text)
    __use_no_heap                            0x08000505   Thumb Code     2  hguard.o(.text)
    __heap$guard                             0x08000507   Thumb Code     2  hguard.o(.text)
    _terminate_user_alloc                    0x08000509   Thumb Code     2  init_alloc.o(.text)
    _init_user_alloc                         0x0800050b   Thumb Code     2  init_alloc.o(.text)
    __Heap_Full                              0x0800050d   Thumb Code    34  init_alloc.o(.text)
    __Heap_Broken                            0x0800052f   Thumb Code     6  init_alloc.o(.text)
    _init_alloc                              0x08000535   Thumb Code    94  init_alloc.o(.text)
    __Heap_Initialize                        0x08000593   Thumb Code     8  h1_init.o(.text)
    __Heap_DescSize                          0x0800059b   Thumb Code     4  h1_init.o(.text)
    _printf_pre_padding                      0x0800059f   Thumb Code    44  _printf_pad.o(.text)
    _printf_post_padding                     0x080005cb   Thumb Code    34  _printf_pad.o(.text)
    _printf_truncate_signed                  0x080005ed   Thumb Code    18  _printf_truncate.o(.text)
    _printf_truncate_unsigned                0x080005ff   Thumb Code    18  _printf_truncate.o(.text)
    _printf_str                              0x08000611   Thumb Code    82  _printf_str.o(.text)
    _printf_int_dec                          0x08000665   Thumb Code   104  _printf_dec.o(.text)
    _printf_charcount                        0x080006dd   Thumb Code    40  _printf_charcount.o(.text)
    _printf_char_file                        0x08000705   Thumb Code    32  _printf_char_file.o(.text)
    _printf_wctomb                           0x08000729   Thumb Code   182  _printf_wctomb.o(.text)
    _printf_longlong_dec                     0x080007e5   Thumb Code   108  _printf_longlong_dec.o(.text)
    _printf_longlong_oct                     0x08000861   Thumb Code    68  _printf_oct_int_ll.o(.text)
    _printf_int_oct                          0x080008a5   Thumb Code    24  _printf_oct_int_ll.o(.text)
    _printf_ll_oct                           0x080008bd   Thumb Code    12  _printf_oct_int_ll.o(.text)
    _printf_longlong_hex                     0x080008d1   Thumb Code    86  _printf_hex_int_ll_ptr.o(.text)
    _printf_int_hex                          0x08000927   Thumb Code    28  _printf_hex_int_ll_ptr.o(.text)
    _printf_ll_hex                           0x08000943   Thumb Code    12  _printf_hex_int_ll_ptr.o(.text)
    _printf_hex_ptr                          0x0800094f   Thumb Code    18  _printf_hex_int_ll_ptr.o(.text)
    __printf                                 0x08000965   Thumb Code   388  __printf_flags_ss_wp.o(.text)
    __user_libspace                          0x08000aed   Thumb Code     8  libspace.o(.text)
    __user_perproc_libspace                  0x08000aed   Thumb Code     0  libspace.o(.text)
    __user_perthread_libspace                0x08000aed   Thumb Code     0  libspace.o(.text)
    __Heap_ProvideMemory                     0x08000af5   Thumb Code    52  h1_extend.o(.text)
    _maybe_terminate_alloc                   0x08000af5   Thumb Code     0  maybetermalloc1.o(.text)
    _ll_udiv10                               0x08000b29   Thumb Code   138  lludiv10.o(.text)
    _printf_int_common                       0x08000bb3   Thumb Code   178  _printf_intcommon.o(.text)
    _printf_fp_dec_real                      0x08000e15   Thumb Code   620  _printf_fp_dec.o(.text)
    _printf_fp_hex_real                      0x08001081   Thumb Code   756  _printf_fp_hex.o(.text)
    _printf_char_common                      0x08001387   Thumb Code    32  _printf_char_common.o(.text)
    _printf_cs_common                        0x080013ad   Thumb Code    20  _printf_char.o(.text)
    _printf_char                             0x080013c1   Thumb Code    16  _printf_char.o(.text)
    _printf_string                           0x080013d1   Thumb Code     8  _printf_char.o(.text)
    _printf_lcs_common                       0x080013d9   Thumb Code    20  _printf_wchar.o(.text)
    _printf_wchar                            0x080013ed   Thumb Code    16  _printf_wchar.o(.text)
    _printf_wstring                          0x080013fd   Thumb Code     8  _printf_wchar.o(.text)
    ferror                                   0x08001405   Thumb Code     8  ferror.o(.text)
    _initio                                  0x0800140d   Thumb Code   210  initio.o(.text)
    _terminateio                             0x080014df   Thumb Code    56  initio.o(.text)
    _c32rtomb                                0x08001545   Thumb Code    72  _c32rtomb.o(.text)
    _wcrtomb                                 0x08001545   Thumb Code     0  _c32rtomb.o(.text)
    __rt_SIGRTMEM                            0x0800158d   Thumb Code    14  defsig_rtmem_outer.o(.text)
    __I$use$semihosting                      0x0800159b   Thumb Code     0  use_no_semi.o(.text)
    __use_no_semihosting_swi                 0x0800159b   Thumb Code     2  use_no_semi.o(.text)
    __semihosting_library_function           0x0800159d   Thumb Code     0  indicate_semi.o(.text)
    __user_setup_stackheap                   0x0800159d   Thumb Code    74  sys_stackheap_outer.o(.text)
    __rt_ctype_table                         0x080015e9   Thumb Code    16  rt_ctype_table.o(.text)
    __rt_locale                              0x080015f9   Thumb Code     8  rt_locale_intlibspace.o(.text)
    _printf_fp_infnan                        0x08001601   Thumb Code   112  _printf_fp_infnan.o(.text)
    _btod_etento                             0x08001681   Thumb Code   224  bigflt0.o(.text)
    __flsbuf                                 0x08001765   Thumb Code   482  flsbuf.o(.text)
    __flsbuf_byte                            0x08001765   Thumb Code     0  flsbuf.o(.text)
    __flsbuf_wide                            0x08001765   Thumb Code     0  flsbuf.o(.text)
    setvbuf                                  0x08001947   Thumb Code    70  setvbuf.o(.text)
    freopen                                  0x0800198d   Thumb Code   160  fopen.o(.text)
    fopen                                    0x08001a2d   Thumb Code    74  fopen.o(.text)
    _fclose_internal                         0x08001a7d   Thumb Code    76  fclose.o(.text)
    fclose                                   0x08001a7d   Thumb Code     0  fclose.o(.text)
    exit                                     0x08001ac9   Thumb Code    18  exit.o(.text)
    __sig_exit                               0x08001adb   Thumb Code    10  defsig_exit.o(.text)
    __rt_SIGRTRED                            0x08001ae5   Thumb Code    14  defsig_rtred_outer.o(.text)
    __rt_SIGRTMEM_inner                      0x08001af5   Thumb Code    22  defsig_rtmem_inner.o(.text)
    _sys_open                                0x08001b45   Thumb Code    20  sys_io.o(.text)
    _sys_close                               0x08001b59   Thumb Code    12  sys_io.o(.text)
    _sys_write                               0x08001b65   Thumb Code    16  sys_io.o(.text)
    _sys_read                                0x08001b75   Thumb Code    14  sys_io.o(.text)
    _sys_istty                               0x08001b83   Thumb Code    12  sys_io.o(.text)
    _sys_seek                                0x08001b8f   Thumb Code    14  sys_io.o(.text)
    _sys_ensure                              0x08001b9d   Thumb Code     2  sys_io.o(.text)
    _sys_flen                                0x08001b9f   Thumb Code    12  sys_io.o(.text)
    _sys_exit                                0x08001bad   Thumb Code     8  sys_exit.o(.text)
    _fseek                                   0x08001bb9   Thumb Code   242  fseek.o(.text)
    fseek                                    0x08001bb9   Thumb Code     0  fseek.o(.text)
    _seterr                                  0x08001cb1   Thumb Code    20  stdio.o(.text)
    _writebuf                                0x08001cc5   Thumb Code   108  stdio.o(.text)
    _fflush                                  0x08001d31   Thumb Code    70  stdio.o(.text)
    _deferredlazyseek                        0x08001d77   Thumb Code    60  stdio.o(.text)
    __default_signal_display                 0x08001db9   Thumb Code    50  defsig_general.o(.text)
    __rt_SIGRTRED_inner                      0x08001ded   Thumb Code    14  defsig_rtred_inner.o(.text)
    strcmp                                   0x08001e21   Thumb Code   128  strcmpv7m.o(.text)
    _ttywrch                                 0x08001ea1   Thumb Code    14  sys_wrch.o(.text)
    _ftell_internal                          0x08001eaf   Thumb Code    66  ftell.o(.text)
    ftell                                    0x08001eaf   Thumb Code     0  ftell.o(.text)
    strlen                                   0x08001ef1   Thumb Code    62  strlen.o(.text)
    __aeabi_errno_addr                       0x08001f31   Thumb Code     8  rt_errno_addr_intlibspace.o(.text)
    __errno$intlibspace                      0x08001f31   Thumb Code     0  rt_errno_addr_intlibspace.o(.text)
    __rt_errno_addr$intlibspace              0x08001f31   Thumb Code     0  rt_errno_addr_intlibspace.o(.text)
    AvgPool                                  0x08001f39   Thumb Code   132  nnom_avgpool.o(.text.AvgPool)
    Flatten                                  0x08001fbd   Thumb Code   118  nnom_flatten.o(.text.Flatten)
    MaxPool                                  0x08002035   Thumb Code   270  nnom_maxpool.o(.text.MaxPool)
    Softmax                                  0x08002271   Thumb Code   116  nnom_softmax.o(.text.Softmax)
    SystemInit                               0x080022e5   Thumb Code   102  system_stm32f10x.o(.text.SystemInit)
    act_get_dec_bit                          0x08002421   Thumb Code    44  nnom_activation.o(.text.act_get_dec_bit)
    act_leaky_relu                           0x0800244d   Thumb Code    74  nnom_activation.o(.text.act_leaky_relu)
    avgpool_build                            0x080025bd   Thumb Code    18  nnom_avgpool.o(.text.avgpool_build)
    avgpool_run                              0x080025d1   Thumb Code   350  nnom_avgpool.o(.text.avgpool_run)
    avgpool_s                                0x08002731   Thumb Code   222  nnom_avgpool.o(.text.avgpool_s)
    block_mem_set                            0x08002811   Thumb Code    98  nnom.o(.text.block_mem_set)
    check_model_version                      0x08002875   Thumb Code   142  nnom.o(.text.check_model_version)
    compile_layers                           0x08002905   Thumb Code   960  nnom.o(.text.compile_layers)
    conv2d_build                             0x08002cc5   Thumb Code   350  nnom_conv2d.o(.text.conv2d_build)
    conv2d_free                              0x08002e25   Thumb Code    42  nnom_conv2d.o(.text.conv2d_free)
    conv2d_run                               0x08002e51   Thumb Code   470  nnom_conv2d.o(.text.conv2d_run)
    conv2d_s                                 0x08003029   Thumb Code   482  nnom_conv2d.o(.text.conv2d_s)
    conv_output_length                       0x0800320d   Thumb Code    86  nnom_conv2d.o(.text.conv_output_length)
    default_build                            0x08003265   Thumb Code   104  nnom_baselayer.o(.text.default_build)
    delete_tensor                            0x080032cd   Thumb Code    24  nnom_tensor.o(.text.delete_tensor)
    dense_build                              0x080032e5   Thumb Code   308  nnom_dense.o(.text.dense_build)
    dense_free                               0x08003419   Thumb Code    42  nnom_dense.o(.text.dense_free)
    dense_run                                0x08003445   Thumb Code   146  nnom_dense.o(.text.dense_run)
    dense_s                                  0x080034d9   Thumb Code   196  nnom_dense.o(.text.dense_s)
    dilation                                 0x0800359d   Thumb Code    22  nnom_layers.o(.text.dilation)
    flatten_build                            0x080035e9   Thumb Code   104  nnom_flatten.o(.text.flatten_build)
    flatten_run                              0x08003651   Thumb Code    10  nnom_flatten.o(.text.flatten_run)
    flatten_s                                0x0800365d   Thumb Code    32  nnom_flatten.o(.text.flatten_s)
    input_build                              0x0800367d   Thumb Code    58  nnom_input.o(.text.input_build)
    input_run                                0x080036b9   Thumb Code    46  nnom_input.o(.text.input_run)
    input_s                                  0x080036e9   Thumb Code   364  nnom_input.o(.text.input_s)
    io_init                                  0x08003855   Thumb Code    18  nnom_layers.o(.text.io_init)
    kernel                                   0x080038a1   Thumb Code    22  nnom_layers.o(.text.kernel)
    local_avepool_q15_HWC                    0x08003965   Thumb Code   498  nnom_local_q15.o(.text.local_avepool_q15_HWC)
    local_avepool_q7_HWC                     0x08003b59   Thumb Code   494  nnom_local.o(.text.local_avepool_q7_HWC)
    local_convolve_HWC_q15_nonsquare         0x08003d49   Thumb Code   878  nnom_local_q15.o(.text.local_convolve_HWC_q15_nonsquare)
    local_convolve_HWC_q7_nonsquare          0x080040b9   Thumb Code   832  nnom_local.o(.text.local_convolve_HWC_q7_nonsquare)
    local_fully_connected_q7_opt             0x080043f9   Thumb Code  1208  nnom_local.o(.text.local_fully_connected_q7_opt)
    local_leaky_relu_q15                     0x080048b1   Thumb Code    82  nnom_local_q15.o(.text.local_leaky_relu_q15)
    local_leaky_relu_q7                      0x08004905   Thumb Code    76  nnom_local.o(.text.local_leaky_relu_q7)
    local_maxpool_q7_HWC                     0x08004951   Thumb Code   508  nnom_local.o(.text.local_maxpool_q7_HWC)
    local_softmax_q7                         0x08004b4d   Thumb Code   280  nnom_local.o(.text.local_softmax_q7)
    main                                     0x08004c65   Thumb Code    26  main.o(.text.main)
    maxpool_build                            0x08004c81   Thumb Code   282  nnom_maxpool.o(.text.maxpool_build)
    maxpool_run                              0x08004d9d   Thumb Code   194  nnom_maxpool.o(.text.maxpool_run)
    mem_analysis_result                      0x08004e61   Thumb Code   114  nnom.o(.text.mem_analysis_result)
    model_compile                            0x08004f51   Thumb Code   348  nnom.o(.text.model_compile)
    new_model                                0x080051b9   Thumb Code   118  nnom.o(.text.new_model)
    new_tensor                               0x08005231   Thumb Code   182  nnom_tensor.o(.text.new_tensor)
    nnom_alignto                             0x080052e9   Thumb Code    58  nnom.o(.text.nnom_alignto)
    nnom_hook_length                         0x08005325   Thumb Code    54  nnom.o(.text.nnom_hook_length)
    nnom_mem                                 0x0800535d   Thumb Code    62  nnom.o(.text.nnom_mem)
    output_run                               0x080054d1   Thumb Code    50  nnom_output.o(.text.output_run)
    output_s                                 0x08005505   Thumb Code    74  nnom_output.o(.text.output_s)
    set_tailed_activation                    0x080058a1   Thumb Code   124  nnom.o(.text.set_tailed_activation)
    shape                                    0x0800591d   Thumb Code    30  nnom_layers.o(.text.shape)
    softmax_build                            0x0800593d   Thumb Code    80  nnom_softmax.o(.text.softmax_build)
    softmax_run                              0x0800598d   Thumb Code    46  nnom_softmax.o(.text.softmax_run)
    softmax_s                                0x080059bd   Thumb Code    32  nnom_softmax.o(.text.softmax_s)
    stride                                   0x080059dd   Thumb Code    22  nnom_layers.o(.text.stride)
    tensor_cpy_attr                          0x080059f5   Thumb Code   142  nnom_tensor.o(.text.tensor_cpy_attr)
    tensor_get_num_channel                   0x08005a85   Thumb Code    22  nnom_tensor.o(.text.tensor_get_num_channel)
    tensor_mem_set                           0x08005a9d   Thumb Code    96  nnom.o(.text.tensor_mem_set)
    tensor_set_attr                          0x08005afd   Thumb Code   112  nnom_tensor.o(.text.tensor_set_attr)
    tensor_set_attr_v                        0x08005b6d   Thumb Code    76  nnom_tensor.o(.text.tensor_set_attr_v)
    tensor_size                              0x08005bb9   Thumb Code    74  nnom_tensor.o(.text.tensor_size)
    _btod_d2e                                0x08005c03   Thumb Code    62  btod.o(CL$$btod_d2e)
    _d2e_denorm_low                          0x08005c41   Thumb Code    70  btod.o(CL$$btod_d2e_denorm_low)
    _d2e_norm_op1                            0x08005c87   Thumb Code    96  btod.o(CL$$btod_d2e_norm_op1)
    __btod_div_common                        0x08005ce9   Thumb Code   696  btod.o(CL$$btod_div_common)
    _e2e                                     0x08006021   Thumb Code   220  btod.o(CL$$btod_e2e)
    _btod_ediv                               0x080060fd   Thumb Code    42  btod.o(CL$$btod_ediv)
    _btod_emul                               0x08006127   Thumb Code    42  btod.o(CL$$btod_emul)
    __btod_mult_common                       0x08006151   Thumb Code   580  btod.o(CL$$btod_mult_common)
    __ARM_fpclassify                         0x08006395   Thumb Code    40  fpclassify.o(i.__ARM_fpclassify)
    _is_digit                                0x080063bd   Thumb Code    14  __printf_wp.o(i._is_digit)
    fputc                                    0x080063cb   Thumb Code    28  fputc.o(i.fputc)
    _get_lc_numeric                          0x080063e9   Thumb Code    44  lc_numeric_c.o(locale$$code)
    _get_lc_ctype                            0x08006415   Thumb Code    44  lc_ctype_c.o(locale$$code)
    __aeabi_f2iz                             0x08006441   Thumb Code     0  ffix.o(x$fpl$ffix)
    _ffix                                    0x08006441   Thumb Code    54  ffix.o(x$fpl$ffix)
    __aeabi_fmul                             0x08006479   Thumb Code     0  fmul.o(x$fpl$fmul)
    _fmul                                    0x08006479   Thumb Code   258  fmul.o(x$fpl$fmul)
    __fpl_fnaninf                            0x0800657b   Thumb Code   140  fnaninf.o(x$fpl$fnaninf)
    __fpl_fretinf                            0x08006607   Thumb Code    10  fretinf.o(x$fpl$fretinf)
    _printf_fp_dec                           0x08006611   Thumb Code     4  printf1.o(x$fpl$printf1)
    _printf_fp_hex                           0x08006615   Thumb Code     4  printf2.o(x$fpl$printf2)
    __I$use$fp                               0x08006618   Number         0  usenofp.o(x$fpl$usenofp)
    __stdin_name                             0x0800667f   Data           4  sys_io_names.o(.constdata)
    __stdout_name                            0x08006683   Data           4  sys_io_names.o(.constdata)
    __stderr_name                            0x08006687   Data           4  sys_io_names.o(.constdata)
    average_pooling2d_config                 0x08006720   Data          16  main.o(.rodata.average_pooling2d_config)
    conv2d_1_bias_shift                      0x08006730   Data           4  main.o(.rodata.conv2d_1_bias_shift)
    conv2d_1_config                          0x08006734   Data          40  main.o(.rodata.conv2d_1_config)
    conv2d_1_output_shift                    0x0800675c   Data           4  main.o(.rodata.conv2d_1_output_shift)
    conv2d_bias_shift                        0x08006760   Data           4  main.o(.rodata.conv2d_bias_shift)
    conv2d_config                            0x08006764   Data          40  main.o(.rodata.conv2d_config)
    conv2d_output_shift                      0x0800678c   Data           4  main.o(.rodata.conv2d_output_shift)
    default_activation_names                 0x08006790   Data          64  nnom.o(.rodata.default_activation_names)
    default_cell_names                       0x080067d0   Data          32  nnom.o(.rodata.default_cell_names)
    default_layer_names                      0x080067f0   Data         396  nnom.o(.rodata.default_layer_names)
    dense_bias_shift                         0x0800697c   Data           4  main.o(.rodata.dense_bias_shift)
    dense_config                             0x08006980   Data          24  main.o(.rodata.dense_config)
    dense_output_shift                       0x08006998   Data           4  main.o(.rodata.dense_output_shift)
    flatten_config                           0x0800699c   Data           4  main.o(.rodata.flatten_config)
    input_1_config                           0x080069a0   Data           8  main.o(.rodata.input_1_config)
    output0_config                           0x080069a8   Data           8  main.o(.rodata.output0_config)
    softmax_config                           0x080069b0   Data           4  main.o(.rodata.softmax_config)
    tensor_conv2d_1_bias_0                   0x08006e80   Data          24  main.o(.rodata.tensor_conv2d_1_bias_0)
    tensor_conv2d_1_bias_0_data              0x08006e98   Data          15  main.o(.rodata.tensor_conv2d_1_bias_0_data)
    tensor_conv2d_1_bias_0_dec               0x08006ea8   Data           4  main.o(.rodata.tensor_conv2d_1_bias_0_dec)
    tensor_conv2d_1_bias_0_dim               0x08006eac   Data           2  main.o(.rodata.tensor_conv2d_1_bias_0_dim)
    tensor_conv2d_1_bias_0_offset            0x08006eb0   Data           4  main.o(.rodata.tensor_conv2d_1_bias_0_offset)
    tensor_conv2d_1_kernel_0                 0x08006eb4   Data          24  main.o(.rodata.tensor_conv2d_1_kernel_0)
    tensor_conv2d_1_kernel_0_data            0x08006ecc   Data        4050  main.o(.rodata.tensor_conv2d_1_kernel_0_data)
    tensor_conv2d_1_kernel_0_dec             0x08007ea0   Data           4  main.o(.rodata.tensor_conv2d_1_kernel_0_dec)
    tensor_conv2d_1_kernel_0_dim             0x08007ea4   Data           8  main.o(.rodata.tensor_conv2d_1_kernel_0_dim)
    tensor_conv2d_1_kernel_0_offset          0x08007eac   Data           4  main.o(.rodata.tensor_conv2d_1_kernel_0_offset)
    tensor_conv2d_bias_0                     0x08007eb0   Data          24  main.o(.rodata.tensor_conv2d_bias_0)
    tensor_conv2d_bias_0_data                0x08007ec8   Data          30  main.o(.rodata.tensor_conv2d_bias_0_data)
    tensor_conv2d_bias_0_dec                 0x08007ee8   Data           4  main.o(.rodata.tensor_conv2d_bias_0_dec)
    tensor_conv2d_bias_0_dim                 0x08007eec   Data           2  main.o(.rodata.tensor_conv2d_bias_0_dim)
    tensor_conv2d_bias_0_offset              0x08007ef0   Data           4  main.o(.rodata.tensor_conv2d_bias_0_offset)
    tensor_conv2d_kernel_0                   0x08007ef4   Data          24  main.o(.rodata.tensor_conv2d_kernel_0)
    tensor_conv2d_kernel_0_data              0x08007f0c   Data         270  main.o(.rodata.tensor_conv2d_kernel_0_data)
    tensor_conv2d_kernel_0_dec               0x0800801c   Data           4  main.o(.rodata.tensor_conv2d_kernel_0_dec)
    tensor_conv2d_kernel_0_dim               0x08008020   Data           8  main.o(.rodata.tensor_conv2d_kernel_0_dim)
    tensor_conv2d_kernel_0_offset            0x08008028   Data           4  main.o(.rodata.tensor_conv2d_kernel_0_offset)
    tensor_dense_bias_0                      0x0800802c   Data          24  main.o(.rodata.tensor_dense_bias_0)
    tensor_dense_bias_0_data                 0x08008044   Data          13  main.o(.rodata.tensor_dense_bias_0_data)
    tensor_dense_bias_0_dec                  0x08008054   Data           4  main.o(.rodata.tensor_dense_bias_0_dec)
    tensor_dense_bias_0_dim                  0x08008058   Data           2  main.o(.rodata.tensor_dense_bias_0_dim)
    tensor_dense_bias_0_offset               0x0800805c   Data           4  main.o(.rodata.tensor_dense_bias_0_offset)
    tensor_dense_kernel_0                    0x08008060   Data          24  main.o(.rodata.tensor_dense_kernel_0)
    tensor_dense_kernel_0_data               0x08008078   Data        2925  main.o(.rodata.tensor_dense_kernel_0_data)
    tensor_dense_kernel_0_dec                0x08008be8   Data           4  main.o(.rodata.tensor_dense_kernel_0_dec)
    tensor_dense_kernel_0_dim                0x08008bec   Data           4  main.o(.rodata.tensor_dense_kernel_0_dim)
    tensor_dense_kernel_0_offset             0x08008bf0   Data           4  main.o(.rodata.tensor_dense_kernel_0_offset)
    tensor_input_1                           0x08008bf4   Data          24  main.o(.rodata.tensor_input_1)
    tensor_input_1_dec                       0x08008c0c   Data           4  main.o(.rodata.tensor_input_1_dec)
    tensor_input_1_dim                       0x08008c10   Data           6  main.o(.rodata.tensor_input_1_dim)
    tensor_input_1_offset                    0x08008c18   Data           4  main.o(.rodata.tensor_input_1_offset)
    tensor_output0                           0x08008c1c   Data          24  main.o(.rodata.tensor_output0)
    tensor_output0_dec                       0x08008c34   Data           4  main.o(.rodata.tensor_output0_dec)
    tensor_output0_dim                       0x08008c38   Data           2  main.o(.rodata.tensor_output0_dim)
    tensor_output0_offset                    0x08008c3c   Data           4  main.o(.rodata.tensor_output0_offset)
    Region$$Table$$Base                      0x08008c40   Number         0  anon$$obj.o(Region$$Table)
    Region$$Table$$Limit                     0x08008c60   Number         0  anon$$obj.o(Region$$Table)
    __ctype                                  0x08008c89   Data           0  lc_ctype_c.o(locale$$data)
    __aeabi_stdin                            0x20000000   Data           4  stdio_streams.o(.data)
    __aeabi_stdout                           0x20000004   Data           4  stdio_streams.o(.data)
    __aeabi_stderr                           0x20000008   Data           4  stdio_streams.o(.data)
    __stdin                                  0x20000010   Data          84  stdio_streams.o(.bss)
    __stdout                                 0x20000064   Data          84  stdio_streams.o(.bss)
    __stderr                                 0x200000b8   Data          84  stdio_streams.o(.bss)
    __libspace_start                         0x2000010c   Data          96  libspace.o(.bss)
    __temporary_stack_top$libspace           0x2000016c   Data           0  libspace.o(.bss)
    model                                    0x2000016c   Data           4  main.o(.bss.model)
    nnom_memory_taken                        0x20000334   Data           4  nnom.o(.bss.nnom_memory_taken)



==============================================================================

Memory Map of the image

  Image Entry point : 0x080000ed

  Load Region LR_IROM1 (Base: 0x08000000, Size: 0x00008da0, Max: 0x00010000, ABSOLUTE)

    Execution Region ER_IROM1 (Exec base: 0x08000000, Load base: 0x08000000, Size: 0x00008d8c, Max: 0x00010000, ABSOLUTE)

    Exec Addr    Load Addr    Size         Type   Attr      Idx    E Section Name        Object

    0x08000000   0x08000000   0x000000ec   Data   RO         1992    RESET               startup_stm32f10x_md.o
    0x080000ec   0x080000ec   0x00000008   Code   RO         2096  * !!!main             c_wu.l(__main.o)
    0x080000f4   0x080000f4   0x0000005c   Code   RO         2596    !!!scatter          c_wu.l(__scatter.o)
    0x08000150   0x08000150   0x0000001a   Code   RO         2600    !!handler_copy      c_wu.l(__scatter_copy.o)
    0x0800016a   0x0800016a   0x00000002   PAD
    0x0800016c   0x0800016c   0x00000002   Code   RO         2597    !!handler_null      c_wu.l(__scatter.o)
    0x0800016e   0x0800016e   0x00000002   PAD
    0x08000170   0x08000170   0x0000001c   Code   RO         2602    !!handler_zi        c_wu.l(__scatter_zi.o)
    0x0800018c   0x0800018c   0x00000000   Code   RO         2231    .ARM.Collect$$_printf_percent$$00000000  c_wu.l(_printf_percent.o)
    0x0800018c   0x0800018c   0x00000006   Code   RO         2220    .ARM.Collect$$_printf_percent$$00000001  c_wu.l(_printf_n.o)
    0x08000192   0x08000192   0x00000006   Code   RO         2222    .ARM.Collect$$_printf_percent$$00000002  c_wu.l(_printf_p.o)
    0x08000198   0x08000198   0x00000006   Code   RO         2227    .ARM.Collect$$_printf_percent$$00000003  c_wu.l(_printf_f.o)
    0x0800019e   0x0800019e   0x00000006   Code   RO         2228    .ARM.Collect$$_printf_percent$$00000004  c_wu.l(_printf_e.o)
    0x080001a4   0x080001a4   0x00000006   Code   RO         2229    .ARM.Collect$$_printf_percent$$00000005  c_wu.l(_printf_g.o)
    0x080001aa   0x080001aa   0x00000006   Code   RO         2230    .ARM.Collect$$_printf_percent$$00000006  c_wu.l(_printf_a.o)
    0x080001b0   0x080001b0   0x0000000a   Code   RO         2235    .ARM.Collect$$_printf_percent$$00000007  c_wu.l(_printf_ll.o)
    0x080001ba   0x080001ba   0x00000006   Code   RO         2224    .ARM.Collect$$_printf_percent$$00000008  c_wu.l(_printf_i.o)
    0x080001c0   0x080001c0   0x00000006   Code   RO         2225    .ARM.Collect$$_printf_percent$$00000009  c_wu.l(_printf_d.o)
    0x080001c6   0x080001c6   0x00000006   Code   RO         2226    .ARM.Collect$$_printf_percent$$0000000A  c_wu.l(_printf_u.o)
    0x080001cc   0x080001cc   0x00000006   Code   RO         2223    .ARM.Collect$$_printf_percent$$0000000B  c_wu.l(_printf_o.o)
    0x080001d2   0x080001d2   0x00000006   Code   RO         2221    .ARM.Collect$$_printf_percent$$0000000C  c_wu.l(_printf_x.o)
    0x080001d8   0x080001d8   0x00000006   Code   RO         2232    .ARM.Collect$$_printf_percent$$0000000D  c_wu.l(_printf_lli.o)
    0x080001de   0x080001de   0x00000006   Code   RO         2233    .ARM.Collect$$_printf_percent$$0000000E  c_wu.l(_printf_lld.o)
    0x080001e4   0x080001e4   0x00000006   Code   RO         2234    .ARM.Collect$$_printf_percent$$0000000F  c_wu.l(_printf_llu.o)
    0x080001ea   0x080001ea   0x00000006   Code   RO         2239    .ARM.Collect$$_printf_percent$$00000010  c_wu.l(_printf_llo.o)
    0x080001f0   0x080001f0   0x00000006   Code   RO         2240    .ARM.Collect$$_printf_percent$$00000011  c_wu.l(_printf_llx.o)
    0x080001f6   0x080001f6   0x0000000a   Code   RO         2236    .ARM.Collect$$_printf_percent$$00000012  c_wu.l(_printf_l.o)
    0x08000200   0x08000200   0x00000006   Code   RO         2218    .ARM.Collect$$_printf_percent$$00000013  c_wu.l(_printf_c.o)
    0x08000206   0x08000206   0x00000006   Code   RO         2219    .ARM.Collect$$_printf_percent$$00000014  c_wu.l(_printf_s.o)
    0x0800020c   0x0800020c   0x00000006   Code   RO         2237    .ARM.Collect$$_printf_percent$$00000015  c_wu.l(_printf_lc.o)
    0x08000212   0x08000212   0x00000006   Code   RO         2238    .ARM.Collect$$_printf_percent$$00000016  c_wu.l(_printf_ls.o)
    0x08000218   0x08000218   0x00000004   Code   RO         2364    .ARM.Collect$$_printf_percent$$00000017  c_wu.l(_printf_percent_end.o)
    0x0800021c   0x0800021c   0x00000002   Code   RO         2483    .ARM.Collect$$libinit$$00000000  c_wu.l(libinit.o)
    0x0800021e   0x0800021e   0x00000000   Code   RO         2250    .ARM.Collect$$libinit$$00000002  c_wu.l(libinit2.o)
    0x0800021e   0x0800021e   0x00000000   Code   RO         2252    .ARM.Collect$$libinit$$00000004  c_wu.l(libinit2.o)
    0x0800021e   0x0800021e   0x00000000   Code   RO         2254    .ARM.Collect$$libinit$$00000006  c_wu.l(libinit2.o)
    0x0800021e   0x0800021e   0x00000008   Code   RO         2255    .ARM.Collect$$libinit$$00000007  c_wu.l(libinit2.o)
    0x08000226   0x08000226   0x00000000   Code   RO         2257    .ARM.Collect$$libinit$$0000000C  c_wu.l(libinit2.o)
    0x08000226   0x08000226   0x00000000   Code   RO         2259    .ARM.Collect$$libinit$$0000000E  c_wu.l(libinit2.o)
    0x08000226   0x08000226   0x00000000   Code   RO         2261    .ARM.Collect$$libinit$$00000010  c_wu.l(libinit2.o)
    0x08000226   0x08000226   0x00000006   Code   RO         2262    .ARM.Collect$$libinit$$00000011  c_wu.l(libinit2.o)
    0x0800022c   0x0800022c   0x00000000   Code   RO         2264    .ARM.Collect$$libinit$$00000013  c_wu.l(libinit2.o)
    0x0800022c   0x0800022c   0x0000000c   Code   RO         2265    .ARM.Collect$$libinit$$00000014  c_wu.l(libinit2.o)
    0x08000238   0x08000238   0x00000000   Code   RO         2266    .ARM.Collect$$libinit$$00000015  c_wu.l(libinit2.o)
    0x08000238   0x08000238   0x00000000   Code   RO         2268    .ARM.Collect$$libinit$$00000017  c_wu.l(libinit2.o)
    0x08000238   0x08000238   0x0000000a   Code   RO         2269    .ARM.Collect$$libinit$$00000018  c_wu.l(libinit2.o)
    0x08000242   0x08000242   0x00000000   Code   RO         2270    .ARM.Collect$$libinit$$00000019  c_wu.l(libinit2.o)
    0x08000242   0x08000242   0x00000000   Code   RO         2272    .ARM.Collect$$libinit$$0000001B  c_wu.l(libinit2.o)
    0x08000242   0x08000242   0x00000000   Code   RO         2274    .ARM.Collect$$libinit$$0000001D  c_wu.l(libinit2.o)
    0x08000242   0x08000242   0x00000000   Code   RO         2276    .ARM.Collect$$libinit$$0000001F  c_wu.l(libinit2.o)
    0x08000242   0x08000242   0x00000000   Code   RO         2278    .ARM.Collect$$libinit$$00000021  c_wu.l(libinit2.o)
    0x08000242   0x08000242   0x00000000   Code   RO         2280    .ARM.Collect$$libinit$$00000023  c_wu.l(libinit2.o)
    0x08000242   0x08000242   0x00000000   Code   RO         2282    .ARM.Collect$$libinit$$00000025  c_wu.l(libinit2.o)
    0x08000242   0x08000242   0x00000004   Code   RO         2283    .ARM.Collect$$libinit$$00000026  c_wu.l(libinit2.o)
    0x08000246   0x08000246   0x00000000   Code   RO         2284    .ARM.Collect$$libinit$$00000027  c_wu.l(libinit2.o)
    0x08000246   0x08000246   0x00000000   Code   RO         2288    .ARM.Collect$$libinit$$0000002E  c_wu.l(libinit2.o)
    0x08000246   0x08000246   0x00000000   Code   RO         2290    .ARM.Collect$$libinit$$00000030  c_wu.l(libinit2.o)
    0x08000246   0x08000246   0x00000000   Code   RO         2292    .ARM.Collect$$libinit$$00000032  c_wu.l(libinit2.o)
    0x08000246   0x08000246   0x00000000   Code   RO         2294    .ARM.Collect$$libinit$$00000034  c_wu.l(libinit2.o)
    0x08000246   0x08000246   0x00000002   Code   RO         2295    .ARM.Collect$$libinit$$00000035  c_wu.l(libinit2.o)
    0x08000248   0x08000248   0x00000002   Code   RO         2593    .ARM.Collect$$libshutdown$$00000000  c_wu.l(libshutdown.o)
    0x0800024a   0x0800024a   0x00000000   Code   RO         2485    .ARM.Collect$$libshutdown$$00000002  c_wu.l(libshutdown2.o)
    0x0800024a   0x0800024a   0x00000004   Code   RO         2486    .ARM.Collect$$libshutdown$$00000003  c_wu.l(libshutdown2.o)
    0x0800024e   0x0800024e   0x00000000   Code   RO         2487    .ARM.Collect$$libshutdown$$00000004  c_wu.l(libshutdown2.o)
    0x0800024e   0x0800024e   0x00000000   Code   RO         2490    .ARM.Collect$$libshutdown$$00000007  c_wu.l(libshutdown2.o)
    0x0800024e   0x0800024e   0x00000000   Code   RO         2493    .ARM.Collect$$libshutdown$$0000000A  c_wu.l(libshutdown2.o)
    0x0800024e   0x0800024e   0x00000000   Code   RO         2495    .ARM.Collect$$libshutdown$$0000000C  c_wu.l(libshutdown2.o)
    0x0800024e   0x0800024e   0x00000000   Code   RO         2498    .ARM.Collect$$libshutdown$$0000000F  c_wu.l(libshutdown2.o)
    0x0800024e   0x0800024e   0x00000002   Code   RO         2499    .ARM.Collect$$libshutdown$$00000010  c_wu.l(libshutdown2.o)
    0x08000250   0x08000250   0x00000000   Code   RO         2124    .ARM.Collect$$rtentry$$00000000  c_wu.l(__rtentry.o)
    0x08000250   0x08000250   0x00000000   Code   RO         2323    .ARM.Collect$$rtentry$$00000002  c_wu.l(__rtentry2.o)
    0x08000250   0x08000250   0x00000006   Code   RO         2335    .ARM.Collect$$rtentry$$00000004  c_wu.l(__rtentry4.o)
    0x08000256   0x08000256   0x00000000   Code   RO         2325    .ARM.Collect$$rtentry$$00000009  c_wu.l(__rtentry2.o)
    0x08000256   0x08000256   0x00000004   Code   RO         2326    .ARM.Collect$$rtentry$$0000000A  c_wu.l(__rtentry2.o)
    0x0800025a   0x0800025a   0x00000000   Code   RO         2328    .ARM.Collect$$rtentry$$0000000C  c_wu.l(__rtentry2.o)
    0x0800025a   0x0800025a   0x00000008   Code   RO         2329    .ARM.Collect$$rtentry$$0000000D  c_wu.l(__rtentry2.o)
    0x08000262   0x08000262   0x00000002   Code   RO         2514    .ARM.Collect$$rtexit$$00000000  c_wu.l(rtexit.o)
    0x08000264   0x08000264   0x00000000   Code   RO         2552    .ARM.Collect$$rtexit$$00000002  c_wu.l(rtexit2.o)
    0x08000264   0x08000264   0x00000004   Code   RO         2553    .ARM.Collect$$rtexit$$00000003  c_wu.l(rtexit2.o)
    0x08000268   0x08000268   0x00000006   Code   RO         2554    .ARM.Collect$$rtexit$$00000004  c_wu.l(rtexit2.o)
    0x0800026e   0x0800026e   0x00000002   PAD
    0x08000270   0x08000270   0x00000040   Code   RO         1993    .text               startup_stm32f10x_md.o
    0x080002b0   0x080002b0   0x0000005e   Code   RO         2022    .text               c_wu.l(h1_alloc.o)
    0x0800030e   0x0800030e   0x0000004e   Code   RO         2024    .text               c_wu.l(h1_free.o)
    0x0800035c   0x0800035c   0x00000018   Code   RO         2084    .text               c_wu.l(printf.o)
    0x08000374   0x08000374   0x0000008a   Code   RO         2086    .text               c_wu.l(rt_memcpy_v6.o)
    0x080003fe   0x080003fe   0x00000064   Code   RO         2088    .text               c_wu.l(rt_memcpy_w.o)
    0x08000462   0x08000462   0x00000044   Code   RO         2090    .text               c_wu.l(rt_memclr.o)
    0x080004a6   0x080004a6   0x0000004e   Code   RO         2092    .text               c_wu.l(rt_memclr_w.o)
    0x080004f4   0x080004f4   0x00000006   Code   RO         2094    .text               c_wu.l(heapauxi.o)
    0x080004fa   0x080004fa   0x00000002   PAD
    0x080004fc   0x080004fc   0x00000008   Code   RO         2132    .text               c_wu.l(rt_heap_descriptor_intlibspace.o)
    0x08000504   0x08000504   0x00000004   Code   RO         2134    .text               c_wu.l(hguard.o)
    0x08000508   0x08000508   0x0000008a   Code   RO         2136    .text               c_wu.l(init_alloc.o)
    0x08000592   0x08000592   0x0000000c   Code   RO         2140    .text               c_wu.l(h1_init.o)
    0x0800059e   0x0800059e   0x0000004e   Code   RO         2154    .text               c_wu.l(_printf_pad.o)
    0x080005ec   0x080005ec   0x00000024   Code   RO         2156    .text               c_wu.l(_printf_truncate.o)
    0x08000610   0x08000610   0x00000052   Code   RO         2158    .text               c_wu.l(_printf_str.o)
    0x08000662   0x08000662   0x00000002   PAD
    0x08000664   0x08000664   0x00000078   Code   RO         2160    .text               c_wu.l(_printf_dec.o)
    0x080006dc   0x080006dc   0x00000028   Code   RO         2162    .text               c_wu.l(_printf_charcount.o)
    0x08000704   0x08000704   0x00000024   Code   RO         2164    .text               c_wu.l(_printf_char_file.o)
    0x08000728   0x08000728   0x000000bc   Code   RO         2166    .text               c_wu.l(_printf_wctomb.o)
    0x080007e4   0x080007e4   0x0000007c   Code   RO         2169    .text               c_wu.l(_printf_longlong_dec.o)
    0x08000860   0x08000860   0x00000070   Code   RO         2175    .text               c_wu.l(_printf_oct_int_ll.o)
    0x080008d0   0x080008d0   0x00000094   Code   RO         2195    .text               c_wu.l(_printf_hex_int_ll_ptr.o)
    0x08000964   0x08000964   0x00000188   Code   RO         2215    .text               c_wu.l(__printf_flags_ss_wp.o)
    0x08000aec   0x08000aec   0x00000008   Code   RO         2319    .text               c_wu.l(libspace.o)
    0x08000af4   0x08000af4   0x00000000   Code   RO         2341    .text               c_wu.l(maybetermalloc1.o)
    0x08000af4   0x08000af4   0x00000034   Code   RO         2343    .text               c_wu.l(h1_extend.o)
    0x08000b28   0x08000b28   0x0000008a   Code   RO         2347    .text               c_wu.l(lludiv10.o)
    0x08000bb2   0x08000bb2   0x000000b2   Code   RO         2349    .text               c_wu.l(_printf_intcommon.o)
    0x08000c64   0x08000c64   0x0000041c   Code   RO         2351    .text               c_wu.l(_printf_fp_dec.o)
    0x08001080   0x08001080   0x000002fc   Code   RO         2355    .text               c_wu.l(_printf_fp_hex.o)
    0x0800137c   0x0800137c   0x00000030   Code   RO         2358    .text               c_wu.l(_printf_char_common.o)
    0x080013ac   0x080013ac   0x0000002c   Code   RO         2360    .text               c_wu.l(_printf_char.o)
    0x080013d8   0x080013d8   0x0000002c   Code   RO         2362    .text               c_wu.l(_printf_wchar.o)
    0x08001404   0x08001404   0x00000008   Code   RO         2365    .text               c_wu.l(ferror.o)
    0x0800140c   0x0800140c   0x00000138   Code   RO         2371    .text               c_wu.l(initio.o)
    0x08001544   0x08001544   0x00000048   Code   RO         2379    .text               c_wu.l(_c32rtomb.o)
    0x0800158c   0x0800158c   0x0000000e   Code   RO         2381    .text               c_wu.l(defsig_rtmem_outer.o)
    0x0800159a   0x0800159a   0x00000002   Code   RO         2397    .text               c_wu.l(use_no_semi.o)
    0x0800159c   0x0800159c   0x00000000   Code   RO         2399    .text               c_wu.l(indicate_semi.o)
    0x0800159c   0x0800159c   0x0000004a   Code   RO         2400    .text               c_wu.l(sys_stackheap_outer.o)
    0x080015e6   0x080015e6   0x00000002   PAD
    0x080015e8   0x080015e8   0x00000010   Code   RO         2402    .text               c_wu.l(rt_ctype_table.o)
    0x080015f8   0x080015f8   0x00000008   Code   RO         2409    .text               c_wu.l(rt_locale_intlibspace.o)
    0x08001600   0x08001600   0x00000080   Code   RO         2413    .text               c_wu.l(_printf_fp_infnan.o)
    0x08001680   0x08001680   0x000000e4   Code   RO         2417    .text               c_wu.l(bigflt0.o)
    0x08001764   0x08001764   0x000001e2   Code   RO         2444    .text               c_wu.l(flsbuf.o)
    0x08001946   0x08001946   0x00000046   Code   RO         2446    .text               c_wu.l(setvbuf.o)
    0x0800198c   0x0800198c   0x000000f0   Code   RO         2449    .text               c_wu.l(fopen.o)
    0x08001a7c   0x08001a7c   0x0000004c   Code   RO         2451    .text               c_wu.l(fclose.o)
    0x08001ac8   0x08001ac8   0x00000012   Code   RO         2460    .text               c_wu.l(exit.o)
    0x08001ada   0x08001ada   0x0000000a   Code   RO         2462    .text               c_wu.l(defsig_exit.o)
    0x08001ae4   0x08001ae4   0x0000000e   Code   RO         2468    .text               c_wu.l(defsig_rtred_outer.o)
    0x08001af2   0x08001af2   0x00000002   PAD
    0x08001af4   0x08001af4   0x00000050   Code   RO         2472    .text               c_wu.l(defsig_rtmem_inner.o)
    0x08001b44   0x08001b44   0x00000066   Code   RO         2506    .text               c_wu.l(sys_io.o)
    0x08001baa   0x08001baa   0x00000002   PAD
    0x08001bac   0x08001bac   0x0000000c   Code   RO         2508    .text               c_wu.l(sys_exit.o)
    0x08001bb8   0x08001bb8   0x000000f8   Code   RO         2524    .text               c_wu.l(fseek.o)
    0x08001cb0   0x08001cb0   0x00000108   Code   RO         2526    .text               c_wu.l(stdio.o)
    0x08001db8   0x08001db8   0x00000032   Code   RO         2537    .text               c_wu.l(defsig_general.o)
    0x08001dea   0x08001dea   0x00000002   PAD
    0x08001dec   0x08001dec   0x00000034   Code   RO         2541    .text               c_wu.l(defsig_rtred_inner.o)
    0x08001e20   0x08001e20   0x00000080   Code   RO         2545    .text               c_wu.l(strcmpv7m.o)
    0x08001ea0   0x08001ea0   0x0000000e   Code   RO         2547    .text               c_wu.l(sys_wrch.o)
    0x08001eae   0x08001eae   0x00000042   Code   RO         2564    .text               c_wu.l(ftell.o)
    0x08001ef0   0x08001ef0   0x0000003e   Code   RO         2572    .text               c_wu.l(strlen.o)
    0x08001f2e   0x08001f2e   0x00000002   PAD
    0x08001f30   0x08001f30   0x00000008   Code   RO         2577    .text               c_wu.l(rt_errno_addr_intlibspace.o)
    0x08001f38   0x08001f38   0x00000084   Code   RO          423    .text.AvgPool       nnom_avgpool.o
    0x08001fbc   0x08001fbc   0x00000076   Code   RO          551    .text.Flatten       nnom_flatten.o
    0x08002032   0x08002032   0x00000002   PAD
    0x08002034   0x08002034   0x0000010e   Code   RO          672    .text.MaxPool       nnom_maxpool.o
    0x08002142   0x08002142   0x00000002   PAD
    0x08002144   0x08002144   0x00000008   Code   RO         2002    .text.SetSysClock   system_stm32f10x.o
    0x0800214c   0x0800214c   0x00000122   Code   RO         2006    .text.SetSysClockTo72  system_stm32f10x.o
    0x0800226e   0x0800226e   0x00000002   PAD
    0x08002270   0x08002270   0x00000074   Code   RO          743    .text.Softmax       nnom_softmax.o
    0x080022e4   0x080022e4   0x00000066   Code   RO         2000    .text.SystemInit    system_stm32f10x.o
    0x0800234a   0x0800234a   0x00000002   PAD
    0x0800234c   0x0800234c   0x0000004a   Code   RO           20    .text.__NNOM_SSAT   nnom_local.o
    0x08002396   0x08002396   0x00000002   PAD
    0x08002398   0x08002398   0x0000004a   Code   RO          103    .text.__NNOM_SSAT   nnom_local_q15.o
    0x080023e2   0x080023e2   0x00000002   PAD
    0x080023e4   0x080023e4   0x0000003c   Code   RO           50    .text.__NNOM_USAT   nnom_local.o
    0x08002420   0x08002420   0x0000002c   Code   RO          412    .text.act_get_dec_bit  nnom_activation.o
    0x0800244c   0x0800244c   0x0000004a   Code   RO          376    .text.act_leaky_relu  nnom_activation.o
    0x08002496   0x08002496   0x00000002   PAD
    0x08002498   0x08002498   0x00000068   Code   RO          210    .text.allocate_block  nnom.o
    0x08002500   0x08002500   0x0000005c   Code   RO          250    .text.allocate_hook  nnom.o
    0x0800255c   0x0800255c   0x00000060   Code   RO          252    .text.allocate_io   nnom.o
    0x080025bc   0x080025bc   0x00000012   Code   RO          427    .text.avgpool_build  nnom_avgpool.o
    0x080025ce   0x080025ce   0x00000002   PAD
    0x080025d0   0x080025d0   0x0000015e   Code   RO          425    .text.avgpool_run   nnom_avgpool.o
    0x0800272e   0x0800272e   0x00000002   PAD
    0x08002730   0x08002730   0x000000de   Code   RO          421    .text.avgpool_s     nnom_avgpool.o
    0x0800280e   0x0800280e   0x00000002   PAD
    0x08002810   0x08002810   0x00000062   Code   RO          224    .text.block_mem_set  nnom.o
    0x08002872   0x08002872   0x00000002   PAD
    0x08002874   0x08002874   0x0000008e   Code   RO          248    .text.check_model_version  nnom.o
    0x08002902   0x08002902   0x00000002   PAD
    0x08002904   0x08002904   0x000003c0   Code   RO          208    .text.compile_layers  nnom.o
    0x08002cc4   0x08002cc4   0x0000015e   Code   RO          470    .text.conv2d_build  nnom_conv2d.o
    0x08002e22   0x08002e22   0x00000002   PAD
    0x08002e24   0x08002e24   0x0000002a   Code   RO          472    .text.conv2d_free   nnom_conv2d.o
    0x08002e4e   0x08002e4e   0x00000002   PAD
    0x08002e50   0x08002e50   0x000001d6   Code   RO          468    .text.conv2d_run    nnom_conv2d.o
    0x08003026   0x08003026   0x00000002   PAD
    0x08003028   0x08003028   0x000001e2   Code   RO          466    .text.conv2d_s      nnom_conv2d.o
    0x0800320a   0x0800320a   0x00000002   PAD
    0x0800320c   0x0800320c   0x00000056   Code   RO          476    .text.conv_output_length  nnom_conv2d.o
    0x08003262   0x08003262   0x00000002   PAD
    0x08003264   0x08003264   0x00000068   Code   RO          442    .text.default_build  nnom_baselayer.o
    0x080032cc   0x080032cc   0x00000018   Code   RO          306    .text.delete_tensor  nnom_tensor.o
    0x080032e4   0x080032e4   0x00000134   Code   RO          521    .text.dense_build   nnom_dense.o
    0x08003418   0x08003418   0x0000002a   Code   RO          523    .text.dense_free    nnom_dense.o
    0x08003442   0x08003442   0x00000002   PAD
    0x08003444   0x08003444   0x00000092   Code   RO          519    .text.dense_run     nnom_dense.o
    0x080034d6   0x080034d6   0x00000002   PAD
    0x080034d8   0x080034d8   0x000000c4   Code   RO          517    .text.dense_s       nnom_dense.o
    0x0800359c   0x0800359c   0x00000016   Code   RO          282    .text.dilation      nnom_layers.o
    0x080035b2   0x080035b2   0x00000002   PAD
    0x080035b4   0x080035b4   0x00000034   Code   RO          232    .text.find_last     nnom.o
    0x080035e8   0x080035e8   0x00000068   Code   RO          555    .text.flatten_build  nnom_flatten.o
    0x08003650   0x08003650   0x0000000a   Code   RO          553    .text.flatten_run   nnom_flatten.o
    0x0800365a   0x0800365a   0x00000002   PAD
    0x0800365c   0x0800365c   0x00000020   Code   RO          549    .text.flatten_s     nnom_flatten.o
    0x0800367c   0x0800367c   0x0000003a   Code   RO          604    .text.input_build   nnom_input.o
    0x080036b6   0x080036b6   0x00000002   PAD
    0x080036b8   0x080036b8   0x0000002e   Code   RO          602    .text.input_run     nnom_input.o
    0x080036e6   0x080036e6   0x00000002   PAD
    0x080036e8   0x080036e8   0x0000016c   Code   RO          600    .text.input_s       nnom_input.o
    0x08003854   0x08003854   0x00000012   Code   RO          286    .text.io_init       nnom_layers.o
    0x08003866   0x08003866   0x00000002   PAD
    0x08003868   0x08003868   0x00000038   Code   RO          258    .text.io_mem_size   nnom.o
    0x080038a0   0x080038a0   0x00000016   Code   RO          278    .text.kernel        nnom_layers.o
    0x080038b6   0x080038b6   0x00000002   PAD
    0x080038b8   0x080038b8   0x00000050   Code   RO          212    .text.layer_shortcut_add  nnom.o
    0x08003908   0x08003908   0x0000005c   Code   RO          396    .text.leaky_relu_run  nnom_activation.o
    0x08003964   0x08003964   0x000001f2   Code   RO           93    .text.local_avepool_q15_HWC  nnom_local_q15.o
    0x08003b56   0x08003b56   0x00000002   PAD
    0x08003b58   0x08003b58   0x000001ee   Code   RO            2    .text.local_avepool_q7_HWC  nnom_local.o
    0x08003d46   0x08003d46   0x00000002   PAD
    0x08003d48   0x08003d48   0x0000036e   Code   RO          111    .text.local_convolve_HWC_q15_nonsquare  nnom_local_q15.o
    0x080040b6   0x080040b6   0x00000002   PAD
    0x080040b8   0x080040b8   0x00000340   Code   RO           18    .text.local_convolve_HWC_q7_nonsquare  nnom_local.o
    0x080043f8   0x080043f8   0x000004b8   Code   RO           44    .text.local_fully_connected_q7_opt  nnom_local.o
    0x080048b0   0x080048b0   0x00000052   Code   RO          149    .text.local_leaky_relu_q15  nnom_local_q15.o
    0x08004902   0x08004902   0x00000002   PAD
    0x08004904   0x08004904   0x0000004c   Code   RO           62    .text.local_leaky_relu_q7  nnom_local.o
    0x08004950   0x08004950   0x000001fc   Code   RO            6    .text.local_maxpool_q7_HWC  nnom_local.o
    0x08004b4c   0x08004b4c   0x00000118   Code   RO           48    .text.local_softmax_q7  nnom_local.o
    0x08004c64   0x08004c64   0x0000001a   Code   RO          814    .text.main          main.o
    0x08004c7e   0x08004c7e   0x00000002   PAD
    0x08004c80   0x08004c80   0x0000011a   Code   RO          676    .text.maxpool_build  nnom_maxpool.o
    0x08004d9a   0x08004d9a   0x00000002   PAD
    0x08004d9c   0x08004d9c   0x000000c2   Code   RO          674    .text.maxpool_run   nnom_maxpool.o
    0x08004e5e   0x08004e5e   0x00000002   PAD
    0x08004e60   0x08004e60   0x00000072   Code   RO          222    .text.mem_analysis_result  nnom.o
    0x08004ed2   0x08004ed2   0x00000002   PAD
    0x08004ed4   0x08004ed4   0x00000012   Code   RO          198    .text.model_active  nnom.o
    0x08004ee6   0x08004ee6   0x00000002   PAD
    0x08004ee8   0x08004ee8   0x00000066   Code   RO          190    .text.model_add     nnom.o
    0x08004f4e   0x08004f4e   0x00000002   PAD
    0x08004f50   0x08004f50   0x0000015c   Code   RO          230    .text.model_compile  nnom.o
    0x080050ac   0x080050ac   0x00000048   Code   RO          192    .text.model_hook    nnom.o
    0x080050f4   0x080050f4   0x0000001a   Code   RO          194    .text.model_merge   nnom.o
    0x0800510e   0x0800510e   0x00000002   PAD
    0x08005110   0x08005110   0x0000005c   Code   RO          196    .text.model_mergex  nnom.o
    0x0800516c   0x0800516c   0x0000004c   Code   RO          234    .text.model_set_ops  nnom.o
    0x080051b8   0x080051b8   0x00000076   Code   RO          188    .text.new_model     nnom.o
    0x0800522e   0x0800522e   0x00000002   PAD
    0x08005230   0x08005230   0x000000b6   Code   RO          304    .text.new_tensor    nnom_tensor.o
    0x080052e6   0x080052e6   0x00000002   PAD
    0x080052e8   0x080052e8   0x0000003a   Code   RO          184    .text.nnom_alignto  nnom.o
    0x08005322   0x08005322   0x00000002   PAD
    0x08005324   0x08005324   0x00000036   Code   RO          206    .text.nnom_hook_length  nnom.o
    0x0800535a   0x0800535a   0x00000002   PAD
    0x0800535c   0x0800535c   0x0000003e   Code   RO          182    .text.nnom_mem      nnom.o
    0x0800539a   0x0800539a   0x00000002   PAD
    0x0800539c   0x0800539c   0x00000132   Code   RO          816    .text.nnom_model_create  main.o
    0x080054ce   0x080054ce   0x00000002   PAD
    0x080054d0   0x080054d0   0x00000032   Code   RO          687    .text.output_run    nnom_output.o
    0x08005502   0x08005502   0x00000002   PAD
    0x08005504   0x08005504   0x0000004a   Code   RO          685    .text.output_s      nnom_output.o
    0x0800554e   0x0800554e   0x00000002   PAD
    0x08005550   0x08005550   0x00000242   Code   RO          214    .text.print_layer_info  nnom.o
    0x08005792   0x08005792   0x00000002   PAD
    0x08005794   0x08005794   0x00000096   Code   RO          216    .text.print_memory_block_info  nnom.o
    0x0800582a   0x0800582a   0x00000002   PAD
    0x0800582c   0x0800582c   0x0000002c   Code   RO          260    .text.release_block  nnom.o
    0x08005858   0x08005858   0x0000001e   Code   RO          218    .text.release_comp_mem  nnom.o
    0x08005876   0x08005876   0x00000002   PAD
    0x08005878   0x08005878   0x00000028   Code   RO          220    .text.release_input_mem  nnom.o
    0x080058a0   0x080058a0   0x0000007c   Code   RO          228    .text.set_tailed_activation  nnom.o
    0x0800591c   0x0800591c   0x0000001e   Code   RO          276    .text.shape         nnom_layers.o
    0x0800593a   0x0800593a   0x00000002   PAD
    0x0800593c   0x0800593c   0x00000050   Code   RO          747    .text.softmax_build  nnom_softmax.o
    0x0800598c   0x0800598c   0x0000002e   Code   RO          745    .text.softmax_run   nnom_softmax.o
    0x080059ba   0x080059ba   0x00000002   PAD
    0x080059bc   0x080059bc   0x00000020   Code   RO          741    .text.softmax_s     nnom_softmax.o
    0x080059dc   0x080059dc   0x00000016   Code   RO          280    .text.stride        nnom_layers.o
    0x080059f2   0x080059f2   0x00000002   PAD
    0x080059f4   0x080059f4   0x0000008e   Code   RO          312    .text.tensor_cpy_attr  nnom_tensor.o
    0x08005a82   0x08005a82   0x00000002   PAD
    0x08005a84   0x08005a84   0x00000016   Code   RO          302    .text.tensor_get_num_channel  nnom_tensor.o
    0x08005a9a   0x08005a9a   0x00000002   PAD
    0x08005a9c   0x08005a9c   0x00000060   Code   RO          226    .text.tensor_mem_set  nnom.o
    0x08005afc   0x08005afc   0x00000070   Code   RO          310    .text.tensor_set_attr  nnom_tensor.o
    0x08005b6c   0x08005b6c   0x0000004c   Code   RO          308    .text.tensor_set_attr_v  nnom_tensor.o
    0x08005bb8   0x08005bb8   0x0000004a   Code   RO          298    .text.tensor_size   nnom_tensor.o
    0x08005c02   0x08005c02   0x0000003e   Code   RO         2420    CL$$btod_d2e        c_wu.l(btod.o)
    0x08005c40   0x08005c40   0x00000046   Code   RO         2422    CL$$btod_d2e_denorm_low  c_wu.l(btod.o)
    0x08005c86   0x08005c86   0x00000060   Code   RO         2421    CL$$btod_d2e_norm_op1  c_wu.l(btod.o)
    0x08005ce6   0x08005ce6   0x00000002   PAD
    0x08005ce8   0x08005ce8   0x00000338   Code   RO         2430    CL$$btod_div_common  c_wu.l(btod.o)
    0x08006020   0x08006020   0x000000dc   Code   RO         2427    CL$$btod_e2e        c_wu.l(btod.o)
    0x080060fc   0x080060fc   0x0000002a   Code   RO         2424    CL$$btod_ediv       c_wu.l(btod.o)
    0x08006126   0x08006126   0x0000002a   Code   RO         2423    CL$$btod_emul       c_wu.l(btod.o)
    0x08006150   0x08006150   0x00000244   Code   RO         2429    CL$$btod_mult_common  c_wu.l(btod.o)
    0x08006394   0x08006394   0x00000028   Code   RO         2504    i.__ARM_fpclassify  m_ws.l(fpclassify.o)
    0x080063bc   0x080063bc   0x0000000e   Code   RO         2208    i._is_digit         c_wu.l(__printf_wp.o)
    0x080063ca   0x080063ca   0x0000001c   Code   RO         2368    i.fputc             c_wu.l(fputc.o)
    0x080063e6   0x080063e6   0x00000002   PAD
    0x080063e8   0x080063e8   0x0000002c   Code   RO         2458    locale$$code        c_wu.l(lc_numeric_c.o)
    0x08006414   0x08006414   0x0000002c   Code   RO         2533    locale$$code        c_wu.l(lc_ctype_c.o)
    0x08006440   0x08006440   0x00000036   Code   RO         2110    x$fpl$ffix          fz_ws.l(ffix.o)
    0x08006476   0x08006476   0x00000002   PAD
    0x08006478   0x08006478   0x00000102   Code   RO         2120    x$fpl$fmul          fz_ws.l(fmul.o)
    0x0800657a   0x0800657a   0x0000008c   Code   RO         2302    x$fpl$fnaninf       fz_ws.l(fnaninf.o)
    0x08006606   0x08006606   0x0000000a   Code   RO         2304    x$fpl$fretinf       fz_ws.l(fretinf.o)
    0x08006610   0x08006610   0x00000004   Code   RO         2306    x$fpl$printf1       fz_ws.l(printf1.o)
    0x08006614   0x08006614   0x00000004   Code   RO         2308    x$fpl$printf2       fz_ws.l(printf2.o)
    0x08006618   0x08006618   0x00000000   Code   RO         2314    x$fpl$usenofp       fz_ws.l(usenofp.o)
    0x08006618   0x08006618   0x00000008   Data   RO         2167    .constdata          c_wu.l(_printf_wctomb.o)
    0x08006620   0x08006620   0x00000028   Data   RO         2196    .constdata          c_wu.l(_printf_hex_int_ll_ptr.o)
    0x08006648   0x08006648   0x00000011   Data   RO         2216    .constdata          c_wu.l(__printf_flags_ss_wp.o)
    0x08006659   0x08006659   0x00000026   Data   RO         2356    .constdata          c_wu.l(_printf_fp_hex.o)
    0x0800667f   0x0800667f   0x00000004   Data   RO         2394    .constdata          c_wu.l(sys_io_names.o)
    0x08006683   0x08006683   0x00000004   Data   RO         2395    .constdata          c_wu.l(sys_io_names.o)
    0x08006687   0x08006687   0x00000004   Data   RO         2396    .constdata          c_wu.l(sys_io_names.o)
    0x0800668b   0x0800668b   0x00000001   PAD
    0x0800668c   0x0800668c   0x00000094   Data   RO         2418    .constdata          c_wu.l(bigflt0.o)
    0x08006720   0x08006720   0x00000010   Data   RO          851    .rodata.average_pooling2d_config  main.o
    0x08006730   0x08006730   0x00000004   Data   RO          849    .rodata.conv2d_1_bias_shift  main.o
    0x08006734   0x08006734   0x00000028   Data   RO          850    .rodata.conv2d_1_config  main.o
    0x0800675c   0x0800675c   0x00000004   Data   RO          848    .rodata.conv2d_1_output_shift  main.o
    0x08006760   0x08006760   0x00000004   Data   RO          836    .rodata.conv2d_bias_shift  main.o
    0x08006764   0x08006764   0x00000028   Data   RO          837    .rodata.conv2d_config  main.o
    0x0800678c   0x0800678c   0x00000004   Data   RO          835    .rodata.conv2d_output_shift  main.o
    0x08006790   0x08006790   0x00000040   Data   RO          263    .rodata.default_activation_names  nnom.o
    0x080067d0   0x080067d0   0x00000020   Data   RO          264    .rodata.default_cell_names  nnom.o
    0x080067f0   0x080067f0   0x0000018c   Data   RO          262    .rodata.default_layer_names  nnom.o
    0x0800697c   0x0800697c   0x00000004   Data   RO          864    .rodata.dense_bias_shift  main.o
    0x08006980   0x08006980   0x00000018   Data   RO          865    .rodata.dense_config  main.o
    0x08006998   0x08006998   0x00000004   Data   RO          863    .rodata.dense_output_shift  main.o
    0x0800699c   0x0800699c   0x00000004   Data   RO          852    .rodata.flatten_config  main.o
    0x080069a0   0x080069a0   0x00000008   Data   RO          824    .rodata.input_1_config  main.o
    0x080069a8   0x080069a8   0x00000008   Data   RO          872    .rodata.output0_config  main.o
    0x080069b0   0x080069b0   0x00000004   Data   RO          866    .rodata.softmax_config  main.o
    0x080069b4   0x080069b4   0x00000461   Data   RO          266    .rodata.str1.1      nnom.o
    0x08006e15   0x08006e15   0x00000022   Data   RO          322    .rodata.str1.1      nnom_tensor.o
    0x08006e37   0x08006e37   0x00000048   Data   RO          823    .rodata.str1.1      main.o
    0x08006e7f   0x08006e7f   0x00000001   PAD
    0x08006e80   0x08006e80   0x00000018   Data   RO          847    .rodata.tensor_conv2d_1_bias_0  main.o
    0x08006e98   0x08006e98   0x0000000f   Data   RO          843    .rodata.tensor_conv2d_1_bias_0_data  main.o
    0x08006ea7   0x08006ea7   0x00000001   PAD
    0x08006ea8   0x08006ea8   0x00000004   Data   RO          845    .rodata.tensor_conv2d_1_bias_0_dec  main.o
    0x08006eac   0x08006eac   0x00000002   Data   RO          844    .rodata.tensor_conv2d_1_bias_0_dim  main.o
    0x08006eae   0x08006eae   0x00000002   PAD
    0x08006eb0   0x08006eb0   0x00000004   Data   RO          846    .rodata.tensor_conv2d_1_bias_0_offset  main.o
    0x08006eb4   0x08006eb4   0x00000018   Data   RO          842    .rodata.tensor_conv2d_1_kernel_0  main.o
    0x08006ecc   0x08006ecc   0x00000fd2   Data   RO          838    .rodata.tensor_conv2d_1_kernel_0_data  main.o
    0x08007e9e   0x08007e9e   0x00000002   PAD
    0x08007ea0   0x08007ea0   0x00000004   Data   RO          840    .rodata.tensor_conv2d_1_kernel_0_dec  main.o
    0x08007ea4   0x08007ea4   0x00000008   Data   RO          839    .rodata.tensor_conv2d_1_kernel_0_dim  main.o
    0x08007eac   0x08007eac   0x00000004   Data   RO          841    .rodata.tensor_conv2d_1_kernel_0_offset  main.o
    0x08007eb0   0x08007eb0   0x00000018   Data   RO          834    .rodata.tensor_conv2d_bias_0  main.o
    0x08007ec8   0x08007ec8   0x0000001e   Data   RO          830    .rodata.tensor_conv2d_bias_0_data  main.o
    0x08007ee6   0x08007ee6   0x00000002   PAD
    0x08007ee8   0x08007ee8   0x00000004   Data   RO          832    .rodata.tensor_conv2d_bias_0_dec  main.o
    0x08007eec   0x08007eec   0x00000002   Data   RO          831    .rodata.tensor_conv2d_bias_0_dim  main.o
    0x08007eee   0x08007eee   0x00000002   PAD
    0x08007ef0   0x08007ef0   0x00000004   Data   RO          833    .rodata.tensor_conv2d_bias_0_offset  main.o
    0x08007ef4   0x08007ef4   0x00000018   Data   RO          829    .rodata.tensor_conv2d_kernel_0  main.o
    0x08007f0c   0x08007f0c   0x0000010e   Data   RO          825    .rodata.tensor_conv2d_kernel_0_data  main.o
    0x0800801a   0x0800801a   0x00000002   PAD
    0x0800801c   0x0800801c   0x00000004   Data   RO          827    .rodata.tensor_conv2d_kernel_0_dec  main.o
    0x08008020   0x08008020   0x00000008   Data   RO          826    .rodata.tensor_conv2d_kernel_0_dim  main.o
    0x08008028   0x08008028   0x00000004   Data   RO          828    .rodata.tensor_conv2d_kernel_0_offset  main.o
    0x0800802c   0x0800802c   0x00000018   Data   RO          862    .rodata.tensor_dense_bias_0  main.o
    0x08008044   0x08008044   0x0000000d   Data   RO          858    .rodata.tensor_dense_bias_0_data  main.o
    0x08008051   0x08008051   0x00000003   PAD
    0x08008054   0x08008054   0x00000004   Data   RO          860    .rodata.tensor_dense_bias_0_dec  main.o
    0x08008058   0x08008058   0x00000002   Data   RO          859    .rodata.tensor_dense_bias_0_dim  main.o
    0x0800805a   0x0800805a   0x00000002   PAD
    0x0800805c   0x0800805c   0x00000004   Data   RO          861    .rodata.tensor_dense_bias_0_offset  main.o
    0x08008060   0x08008060   0x00000018   Data   RO          857    .rodata.tensor_dense_kernel_0  main.o
    0x08008078   0x08008078   0x00000b6d   Data   RO          853    .rodata.tensor_dense_kernel_0_data  main.o
    0x08008be5   0x08008be5   0x00000003   PAD
    0x08008be8   0x08008be8   0x00000004   Data   RO          855    .rodata.tensor_dense_kernel_0_dec  main.o
    0x08008bec   0x08008bec   0x00000004   Data   RO          854    .rodata.tensor_dense_kernel_0_dim  main.o
    0x08008bf0   0x08008bf0   0x00000004   Data   RO          856    .rodata.tensor_dense_kernel_0_offset  main.o
    0x08008bf4   0x08008bf4   0x00000018   Data   RO          822    .rodata.tensor_input_1  main.o
    0x08008c0c   0x08008c0c   0x00000004   Data   RO          819    .rodata.tensor_input_1_dec  main.o
    0x08008c10   0x08008c10   0x00000006   Data   RO          818    .rodata.tensor_input_1_dim  main.o
    0x08008c16   0x08008c16   0x00000002   PAD
    0x08008c18   0x08008c18   0x00000004   Data   RO          820    .rodata.tensor_input_1_offset  main.o
    0x08008c1c   0x08008c1c   0x00000018   Data   RO          871    .rodata.tensor_output0  main.o
    0x08008c34   0x08008c34   0x00000004   Data   RO          868    .rodata.tensor_output0_dec  main.o
    0x08008c38   0x08008c38   0x00000002   Data   RO          867    .rodata.tensor_output0_dim  main.o
    0x08008c3a   0x08008c3a   0x00000002   PAD
    0x08008c3c   0x08008c3c   0x00000004   Data   RO          869    .rodata.tensor_output0_offset  main.o
    0x08008c40   0x08008c40   0x00000020   Data   RO         2595    Region$$Table       anon$$obj.o
    0x08008c60   0x08008c60   0x0000001c   Data   RO         2457    locale$$data        c_wu.l(lc_numeric_c.o)
    0x08008c7c   0x08008c7c   0x00000110   Data   RO         2532    locale$$data        c_wu.l(lc_ctype_c.o)


    Execution Region RW_IRAM1 (Exec base: 0x20000000, Load base: 0x08008d90, Size: 0x000009d0, Max: 0x00005000, ABSOLUTE)

    Exec Addr    Load Addr    Size         Type   Attr      Idx    E Section Name        Object

    0x20000000   0x08008d90   0x00000004   Data   RW         2244    .data               c_wu.l(stdio_streams.o)
    0x20000004   0x08008d94   0x00000004   Data   RW         2245    .data               c_wu.l(stdio_streams.o)
    0x20000008   0x08008d98   0x00000004   Data   RW         2246    .data               c_wu.l(stdio_streams.o)
    0x2000000c   0x08008d9c   0x00000004   PAD
    0x20000010        -       0x00000054   Zero   RW         2241    .bss                c_wu.l(stdio_streams.o)
    0x20000064        -       0x00000054   Zero   RW         2242    .bss                c_wu.l(stdio_streams.o)
    0x200000b8        -       0x00000054   Zero   RW         2243    .bss                c_wu.l(stdio_streams.o)
    0x2000010c        -       0x00000060   Zero   RW         2320    .bss                c_wu.l(libspace.o)
    0x2000016c        -       0x00000004   Zero   RW          873    .bss.model          main.o
    0x20000170        -       0x000001c2   Zero   RW          821    .bss.nnom_input_data  main.o
    0x20000332   0x08008d9c   0x00000002   PAD
    0x20000334        -       0x00000004   Zero   RW          265    .bss.nnom_memory_taken  nnom.o
    0x20000338        -       0x00000088   Zero   RW          874    .bss.nnom_model_create.model  main.o
    0x200003c0        -       0x0000000d   Zero   RW          870    .bss.nnom_output_data  main.o
    0x200003cd   0x08008d9c   0x00000003   PAD
    0x200003d0        -       0x00000200   Zero   RW         1991    HEAP                startup_stm32f10x_md.o
    0x200005d0        -       0x00000400   Zero   RW         1990    STACK               startup_stm32f10x_md.o


==============================================================================

Image component sizes


      Code (inc. data)   RO Data    RW Data    ZI Data      Debug   Object Name

       332          0       7833          0        603       7858   main.o
      3882          0       1613          0          4      15991   nnom.o
       210          0          0          0          0       9096   nnom_activation.o
       722          0          0          0          0       5079   nnom_avgpool.o
       104          0          0          0          0       4370   nnom_baselayer.o
      1430          0          0          0          0       7214   nnom_conv2d.o
       692          0          0          0          0       6039   nnom_dense.o
       264          0          0          0          0       4227   nnom_flatten.o
       468          0          0          0          0       4888   nnom_input.o
       114          0          0          0          0       4815   nnom_layers.o
      3532          0          0          0          0      27921   nnom_local.o
      1532          0          0          0          0      27398   nnom_local_q15.o
       746          0          0          0          0       5466   nnom_maxpool.o
       124          0          0          0          0       4136   nnom_output.o
       274          0          0          0          0       4183   nnom_softmax.o
       632          0         34          0          0       4619   nnom_tensor.o
        64         26        236          0       1536        828   startup_stm32f10x_md.o
       400          0          0          0          0       2972   system_stm32f10x.o

    ----------------------------------------------------------------------
     15626         26       9772          0       2148     147100   Object Totals
         0          0         32          0          0          0   (incl. Generated)
       104          0         24          0          5          0   (incl. Padding)

    ----------------------------------------------------------------------

      Code (inc. data)   RO Data    RW Data    ZI Data      Debug   Library Member Name

         8          0          0          0          0         68   __main.o
       392          4         17          0          0         92   __printf_flags_ss_wp.o
        14          0          0          0          0         68   __printf_wp.o
         0          0          0          0          0          0   __rtentry.o
        12          0          0          0          0          0   __rtentry2.o
         6          0          0          0          0          0   __rtentry4.o
        94          8          0          0          0          0   __scatter.o
        26          0          0          0          0          0   __scatter_copy.o
        28          0          0          0          0          0   __scatter_zi.o
        72          0          0          0          0         96   _c32rtomb.o
         6          0          0          0          0          0   _printf_a.o
         6          0          0          0          0          0   _printf_c.o
        44          0          0          0          0        108   _printf_char.o
        48          6          0          0          0         96   _printf_char_common.o
        36          4          0          0          0         80   _printf_char_file.o
        40          0          0          0          0         68   _printf_charcount.o
         6          0          0          0          0          0   _printf_d.o
       120         16          0          0          0         92   _printf_dec.o
         6          0          0          0          0          0   _printf_e.o
         6          0          0          0          0          0   _printf_f.o
      1052          0          0          0          0        148   _printf_fp_dec.o
       764          8         38          0          0        100   _printf_fp_hex.o
       128         16          0          0          0         84   _printf_fp_infnan.o
         6          0          0          0          0          0   _printf_g.o
       148          4         40          0          0        160   _printf_hex_int_ll_ptr.o
         6          0          0          0          0          0   _printf_i.o
       178          0          0          0          0         88   _printf_intcommon.o
        10          0          0          0          0          0   _printf_l.o
         6          0          0          0          0          0   _printf_lc.o
        10          0          0          0          0          0   _printf_ll.o
         6          0          0          0          0          0   _printf_lld.o
         6          0          0          0          0          0   _printf_lli.o
         6          0          0          0          0          0   _printf_llo.o
         6          0          0          0          0          0   _printf_llu.o
         6          0          0          0          0          0   _printf_llx.o
       124         16          0          0          0         92   _printf_longlong_dec.o
         6          0          0          0          0          0   _printf_ls.o
         6          0          0          0          0          0   _printf_n.o
         6          0          0          0          0          0   _printf_o.o
       112          8          0          0          0        124   _printf_oct_int_ll.o
         6          0          0          0          0          0   _printf_p.o
        78          0          0          0          0        108   _printf_pad.o
         0          0          0          0          0          0   _printf_percent.o
         4          0          0          0          0          0   _printf_percent_end.o
         6          0          0          0          0          0   _printf_s.o
        82          0          0          0          0         80   _printf_str.o
        36          0          0          0          0         84   _printf_truncate.o
         6          0          0          0          0          0   _printf_u.o
        44          0          0          0          0        108   _printf_wchar.o
       188          6          8          0          0         92   _printf_wctomb.o
         6          0          0          0          0          0   _printf_x.o
       228          4        148          0          0         96   bigflt0.o
      1936        128          0          0          0        668   btod.o
        10          0          0          0          0         68   defsig_exit.o
        50          0          0          0          0         88   defsig_general.o
        80         58          0          0          0         76   defsig_rtmem_inner.o
        14          0          0          0          0         80   defsig_rtmem_outer.o
        52         38          0          0          0         76   defsig_rtred_inner.o
        14          0          0          0          0         80   defsig_rtred_outer.o
        18          0          0          0          0         80   exit.o
        76          0          0          0          0         88   fclose.o
         8          0          0          0          0         68   ferror.o
       482          0          0          0          0         92   flsbuf.o
       240          6          0          0          0        128   fopen.o
        28          0          0          0          0         68   fputc.o
       248          6          0          0          0         84   fseek.o
        66          0          0          0          0         76   ftell.o
        94          0          0          0          0         80   h1_alloc.o
        52          0          0          0          0         68   h1_extend.o
        78          0          0          0          0         80   h1_free.o
        12          0          0          0          0         84   h1_init.o
         6          0          0          0          0        152   heapauxi.o
         4          0          0          0          0        136   hguard.o
         0          0          0          0          0          0   indicate_semi.o
       138          0          0          0          0        168   init_alloc.o
       312         46          0          0          0        112   initio.o
        44         10        272          0          0         76   lc_ctype_c.o
        44         10         28          0          0         76   lc_numeric_c.o
         2          0          0          0          0          0   libinit.o
        42          0          0          0          0          0   libinit2.o
         2          0          0          0          0          0   libshutdown.o
         6          0          0          0          0          0   libshutdown2.o
         8          4          0          0         96         68   libspace.o
       138          0          0          0          0         80   lludiv10.o
         0          0          0          0          0          0   maybetermalloc1.o
        24          4          0          0          0         84   printf.o
        16          4          0          0          0         76   rt_ctype_table.o
         8          4          0          0          0         68   rt_errno_addr_intlibspace.o
         8          4          0          0          0         68   rt_heap_descriptor_intlibspace.o
         8          4          0          0          0         68   rt_locale_intlibspace.o
        68          0          0          0          0         68   rt_memclr.o
        78          0          0          0          0         80   rt_memclr_w.o
       138          0          0          0          0         68   rt_memcpy_v6.o
       100          0          0          0          0         80   rt_memcpy_w.o
         2          0          0          0          0          0   rtexit.o
        10          0          0          0          0          0   rtexit2.o
        70          0          0          0          0         80   setvbuf.o
       264          6          0          0          0        160   stdio.o
         0          0          0         12        252          0   stdio_streams.o
       128          0          0          0          0         68   strcmpv7m.o
        62          0          0          0          0         76   strlen.o
        12          4          0          0          0         68   sys_exit.o
       102          0          0          0          0        240   sys_io.o
         0          0         12          0          0          0   sys_io_names.o
        74          0          0          0          0         80   sys_stackheap_outer.o
        14          0          0          0          0         76   sys_wrch.o
         2          0          0          0          0         68   use_no_semi.o
        54          4          0          0          0         84   ffix.o
       258          4          0          0          0         84   fmul.o
       140          4          0          0          0         84   fnaninf.o
        10          0          0          0          0         68   fretinf.o
         4          0          0          0          0         68   printf1.o
         4          0          0          0          0         68   printf2.o
         0          0          0          0          0          0   usenofp.o
        40          0          0          0          0         68   fpclassify.o

    ----------------------------------------------------------------------
     10274        448        564         12        352       7232   Library Totals
        26          0          1          0          4          0   (incl. Padding)

    ----------------------------------------------------------------------

      Code (inc. data)   RO Data    RW Data    ZI Data      Debug   Library Name

      9738        436        563         12        348       6708   c_wu.l
       470         12          0          0          0        456   fz_ws.l
        40          0          0          0          0         68   m_ws.l

    ----------------------------------------------------------------------
     10274        448        564         12        352       7232   Library Totals

    ----------------------------------------------------------------------

==============================================================================


      Code (inc. data)   RO Data    RW Data    ZI Data      Debug   

     25900        474      10336         12       2500     150072   Grand Totals
     25900        474      10336         12       2500     150072   ELF Image Totals
     25900        474      10336         12          0          0   ROM Totals

==============================================================================

    Total RO  Size (Code + RO Data)                36236 (  35.39kB)
    Total RW  Size (RW Data + ZI Data)              2512 (   2.45kB)
    Total ROM Size (Code + RO Data + RW Data)      36248 (  35.40kB)

==============================================================================

